Component: ARM Compiler 5.06 update 3 (build 300) Tool: armlink [4d35c9]

==============================================================================

Section Cross References

    main.o(i.SysTick_Handler) refers to main.o(.data) for sys_msec
    main.o(i.main) refers to _printf_pad.o(.text) for _printf_pre_padding
    main.o(i.main) refers to _printf_percent.o(.ARM.Collect$$_printf_percent$$00000000) for _printf_percent
    main.o(i.main) refers to _printf_x.o(.ARM.Collect$$_printf_percent$$0000000C) for _printf_x
    main.o(i.main) refers to _printf_hex_int_ll_ptr.o(.text) for _printf_longlong_hex
    main.o(i.main) refers to uart_stdout.o(i.UartStdOutInit) for UartStdOutInit
    main.o(i.main) refers to spi_interface.o(i.init_master_spi) for init_master_spi
    main.o(i.main) refers to cb_api.o(i.GPIO_reset) for GPIO_reset
    main.o(i.main) refers to system_armcm3.o(i.delay_us) for delay_us
    main.o(i.main) refers to __2printf.o(.text) for __2printf
    main.o(i.main) refers to rt_memcpy_w.o(.text) for __aeabi_memcpy4
    main.o(i.main) refers to main.o(i.sha256) for sha256
    main.o(i.main) refers to rsa_t.o(i.rsa_test_encrypt) for rsa_test_encrypt
    main.o(i.main) refers to rsa_t.o(i.rsa_test_decrypt) for rsa_test_decrypt
    main.o(i.main) refers to main.o(.constdata) for .constdata
    main.o(i.main) refers to main.o(.conststring) for .conststring
    main.o(i.sha256) refers to sha256_t.o(i.sha256_init) for sha256_init
    main.o(i.sha256) refers to sha256_t.o(i.sha256_update) for sha256_update
    main.o(i.sha256) refers to sha256_t.o(i.sha256_final) for sha256_final
    retarget.o(i._sys_exit) refers (Special) to use_no_semi.o(.text) for __use_no_semihosting_swi
    retarget.o(i._ttywrch) refers (Special) to use_no_semi.o(.text) for __use_no_semihosting_swi
    retarget.o(i._ttywrch) refers to uart_stdout.o(i.UartPutc) for UartPutc
    retarget.o(i.ferror) refers (Special) to use_no_semi.o(.text) for __use_no_semihosting_swi
    retarget.o(i.fgetc) refers (Special) to use_no_semi.o(.text) for __use_no_semihosting_swi
    retarget.o(i.fgetc) refers to uart_stdout.o(i.UartGetc) for UartGetc
    retarget.o(i.fgetc) refers to uart_stdout.o(i.UartPutc) for UartPutc
    retarget.o(i.fputc) refers (Special) to use_no_semi.o(.text) for __use_no_semihosting_swi
    retarget.o(i.fputc) refers to uart_stdout.o(i.UartPutc) for UartPutc
    retarget.o(.data) refers (Special) to use_no_semi.o(.text) for __use_no_semihosting_swi
    spi_interface.o(i.RUN_SPI_SLAVE) refers to _printf_pad.o(.text) for _printf_pre_padding
    spi_interface.o(i.RUN_SPI_SLAVE) refers to _printf_percent.o(.ARM.Collect$$_printf_percent$$00000000) for _printf_percent
    spi_interface.o(i.RUN_SPI_SLAVE) refers to _printf_x.o(.ARM.Collect$$_printf_percent$$0000000C) for _printf_x
    spi_interface.o(i.RUN_SPI_SLAVE) refers to _printf_hex_int_ll_ptr.o(.text) for _printf_longlong_hex
    spi_interface.o(i.RUN_SPI_SLAVE) refers to spi_interface.o(i.read_spi) for read_spi
    spi_interface.o(i.RUN_SPI_SLAVE) refers to __2printf.o(.text) for __2printf
    spi_interface.o(i.RUN_SPI_SLAVE) refers to spi_interface.o(i.read_spi_data) for read_spi_data
    spi_interface.o(i.RUN_SPI_SLAVE) refers to system_armcm3.o(i.delay_us) for delay_us
    spi_interface.o(i.RUN_SPI_SLAVE) refers to spi_interface.o(i.wait_fifo_empty) for wait_fifo_empty
    spi_interface.o(i.RUN_SPI_SLAVE) refers to spi_interface.o(i.write_spi_data) for write_spi_data
    spi_interface.o(i.RUN_SPI_SLAVE) refers to spi_interface.o(i.clear_recv_fifo) for clear_recv_fifo
    spi_interface.o(i.RUN_SPI_SLAVE) refers to spi_interface.o(.data) for USE_PRIVATE_EXPO
    spi_interface.o(i.RUN_SPI_SLAVE) refers to spi_interface.o(.bss) for buffer_para
    spi_interface.o(i.read_spi_header) refers to spi_interface.o(i.read_spi) for read_spi
    spi_interface.o(i.ssp_read_write) refers to spi_interface.o(i.spi_read_write) for spi_read_write
    spi_interface.o(i.ssp_read_write) refers to system_armcm3.o(i.delay_us) for delay_us
    spi_interface.o(i.ssp_write) refers to spi_interface.o(i.write_spi) for write_spi
    spi_interface.o(i.ssp_write) refers to system_armcm3.o(i.delay_us) for delay_us
    spi_interface.o(i.wait_clk) refers to _printf_pad.o(.text) for _printf_pre_padding
    spi_interface.o(i.wait_clk) refers to _printf_percent.o(.ARM.Collect$$_printf_percent$$00000000) for _printf_percent
    spi_interface.o(i.wait_clk) refers to _printf_x.o(.ARM.Collect$$_printf_percent$$0000000C) for _printf_x
    spi_interface.o(i.wait_clk) refers to _printf_hex_int_ll_ptr.o(.text) for _printf_longlong_hex
    spi_interface.o(i.wait_clk) refers to __2printf.o(.text) for __2printf
    spi_interface.o(i.write_spi_data) refers to spi_interface.o(i.write_spi) for write_spi
    uart_stdout.o(i.UartEndSimulation) refers to uart_stdout.o(i.UartPutc) for UartPutc
    i2c_interface.o(i.i2c_master_current_read) refers to system_armcm3.o(i.delay_us) for delay_us
[...]
    Removing PolygonArea.o(.text.PrvSortPointsYAsc), (44 bytes).
    Removing PolygonArea.o(.text.GeneratePolygon), (704 bytes).
    Removing PolygonArea.o(.text.ComputePolygonArea), (140 bytes).
    Removing PolygonArea.o(.text.ComputeArea), (812 bytes).
    Removing PolygonArea.o(.bss.m_right), (4 bytes).
    Removing PolygonArea.o(.bss.m_top), (4 bytes).
    Removing PolygonArea.o(.bss.m_bottom), (4 bytes).
    Removing PolygonArea.o(.bss.m_left), (4 bytes).
    Removing MuonParam.o(.text), (0 bytes).
    Removing MuonParam.o(.data), (0 bytes).
    Removing MuonParam.o(.bss), (0 bytes).
    Removing MuonParam.o(.text.MprInitParam), (752 bytes).
    Removing MuonParam.o(.rodata.str1.4), (68 bytes).
    Removing Encrypt.o(.text), (0 bytes).
    Removing Encrypt.o(.data), (0 bytes).
    Removing Encrypt.o(.bss), (0 bytes).
    Removing Encrypt.o(.text.KeyExpansion), (260 bytes).
    Removing Encrypt.o(.text.Cipher), (1952 bytes).
    Removing Encrypt.o(.text.InvCipher), (1648 bytes).
    Removing Encrypt.o(.text.Encrypt_buffer), (824 bytes).
    Removing Encrypt.o(.text.Decrypt_buffer), (796 bytes).
    Removing Encrypt.o(.data.iv), (16 bytes).
    Removing Encrypt.o(.rodata.sbox), (256 bytes).
    Removing Encrypt.o(.bss.RoundKey), (176 bytes).
    Removing Encrypt.o(.bss.state), (4 bytes).
    Removing Encrypt.o(.bss.Key), (4 bytes).
    Removing Encrypt.o(.bss.Iv), (4 bytes).
    Removing Encrypt.o(.rodata.rsbox), (256 bytes).
    Removing Encrypt.o(.rodata.Rcon), (255 bytes).
    Removing Encrypt.o(.data.key), (16 bytes).
    Removing PetMatcher.o(.text), (0 bytes).
    Removing PetMatcher.o(.data), (0 bytes).
    Removing PetMatcher.o(.bss), (0 bytes).
    Removing PetMatcher.o(.text.PrvGetNodeSimilarity), (916 bytes).
    Removing PetMatcher.o(.text.PrvSortKeyPointsByPsoCountAsc), (24 bytes).
    Removing PetMatcher.o(.text.PrvPrepareNodes), (12 bytes).
    Removing PetMatcher.o(.text.PetPairFree), (72 bytes).
    Removing PetMatcher.o(.text.PrvGetPsoSum.isra.0), (416 bytes).
    Removing PetMatcher.o(.text.PrvGetDistortion), (1064 bytes).
    Removing PetMatcher.o(.text.PrvAddRecursive), (652 bytes).
    Removing PetMatcher.o(.text.PrvGetMaxSquaredDistance.isra.7), (320 bytes).
    Removing PetMatcher.o(.text.PrvClearPairStatus), (480 bytes).
    Removing PetMatcher.o(.text.PrvRetrievePair), (320 bytes).
    Removing PetMatcher.o(.text.PrvDevelopPairs.part.11), (1512 bytes).
    Removing PetMatcher.o(.text.PrvMatchCandidate), (568 bytes).
    Removing PetMatcher.o(.text.PrvMatchBrutal), (416 bytes).
    Removing PetMatcher.o(.text.PrvCalcIntegrity), (1568 bytes).
    Removing PetMatcher.o(.text.PetCreatePair), (64 bytes).
    Removing PetMatcher.o(.text.PetCreateCandidateList), (856 bytes).
    Removing PetMatcher.o(.text.PetPairRetain), (44 bytes).
    Removing PetMatcher.o(.text.PetGetDegree), (156 bytes).
    Removing PetMatcher.o(.text.PetCreateMatcher), (228 bytes).
    Removing PetMatcher.o(.text.AssembleFingerNode), (352 bytes).
    Removing PetMatcher.o(.text.PetDestroyMatcher), (44 bytes).
    Removing PetMatcher.o(.rodata), (56 bytes).
    Removing PetMatcher.o(.rodata.__func__.18127), (14 bytes).
    Removing PetMatcher.o(.rodata.__func__.18635), (15 bytes).
    Removing PetMatcher.o(.rodata.__func__.18131), (12 bytes).
    Removing PetMatcher.o(.rodata.__func__.18611), (18 bytes).
    Removing PetMatcher.o(.rodata.__func__.18259), (17 bytes).
    Removing PetMatcher.o(.rodata.__func__.18648), (17 bytes).
    Removing PetMatcher.o(.rodata.__func__.18434), (19 bytes).
    Removing PetMatcher.o(.rodata.str1.4), (537 bytes).
    Removing PetMatcher.o(.rodata.__func__.18218), (15 bytes).
    Removing PetMatcher.o(.rodata.__func__.18460), (25 bytes).
    Removing PetMatcher.o(.rodata.__func__.18297), (11 bytes).
    Removing Matrix.o(.text), (0 bytes).
    Removing Matrix.o(.data), (0 bytes).
    Removing Matrix.o(.bss), (0 bytes).
    Removing Matrix.o(.text.PrvCompuateTransform), (1124 bytes).
    Removing Matrix.o(.text.PrvMakeAffineMatrix), (1788 bytes).
    Removing Matrix.o(.text.MrxDivByInt64), (136 bytes).
    Removing Matrix.o(.text.MrxCheckPair), (292 bytes).
    Removing Matrix.o(.text.MrxCheckHub), (2144 bytes).
    Removing Matrix.o(.text.MrxGetTransform), (268 bytes).
    Removing Matrix.o(.bss.m_PrvMakeAffineMatrix_index), (4 bytes).
    Removing anon$$obj.o(g_template), (24 bytes).
    Removing anon$$obj.o(g_fp_sensor), (72 bytes).
    Removing anon$$obj.o(log_buffer), (4 bytes).
    Removing anon$$obj.o(INTERNAL_PARAMETER), (0 bytes).
    Removing anon$$obj.o(adc_val_buf), (3 bytes).
    Removing anon$$obj.o(g_sensorContext), (380 bytes).

1563 unused section(s) (total 305754 bytes) removed from the image.

==============================================================================

Image Symbol Table

    Local Symbols

    Symbol Name                              Value     Ov Type        Size  Object(Section)

    RESET                                    0x00000000   Section      136  startup_armcm3.o(RESET)
    ../clib/angel/boardlib.s                 0x00000000   Number         0  boardinit1.o ABSOLUTE
    ../clib/angel/boardlib.s                 0x00000000   Number         0  boardinit3.o ABSOLUTE
    ../clib/angel/boardlib.s                 0x00000000   Number         0  boardinit2.o ABSOLUTE
    ../clib/angel/boardlib.s                 0x00000000   Number         0  boardshut.o ABSOLUTE
    ../clib/angel/handlers.s                 0x00000000   Number         0  __scatter_zi.o ABSOLUTE
    ../clib/angel/handlers.s                 0x00000000   Number         0  __scatter_copy.o ABSOLUTE
    ../clib/angel/kernel.s                   0x00000000   Number         0  rtexit2.o ABSOLUTE
    ../clib/angel/kernel.s                   0x00000000   Number         0  __rtentry4.o ABSOLUTE
    ../clib/angel/kernel.s                   0x00000000   Number         0  __rtentry2.o ABSOLUTE
    ../clib/angel/kernel.s                   0x00000000   Number         0  __rtentry.o ABSOLUTE
    ../clib/angel/kernel.s                   0x00000000   Number         0  rtexit.o ABSOLUTE
    ../clib/angel/rt.s                       0x00000000   Number         0  aeabi_ldiv0.o ABSOLUTE
    ../clib/angel/rt.s                       0x00000000   Number         0  rt_div0.o ABSOLUTE
    ../clib/angel/rt.s                       0x00000000   Number         0  rt_fp_status_addr_intlibspace.o ABSOLUTE
    ../clib/angel/rt.s                       0x00000000   Number         0  rt_heap_descriptor_intlibspace.o ABSOLUTE
    ../clib/angel/rt.s                       0x00000000   Number         0  aeabi_ldiv0_sigfpe.o ABSOLUTE
    ../clib/angel/rt.s                       0x00000000   Number         0  rt_fp_status_addr.o ABSOLUTE
    ../clib/angel/rt.s                       0x00000000   Number         0  rt_heap_descriptor.o ABSOLUTE
    ../clib/angel/rt.s                       0x00000000   Number         0  rt_ctype_table.o ABSOLUTE
    ../clib/angel/rt.s                       0x00000000   Number         0  rt_raise.o ABSOLUTE
    ../clib/angel/rt.s                       0x00000000   Number         0  rt_locale.o ABSOLUTE
    ../clib/angel/rt.s                       0x00000000   Number         0  rt_locale_intlibspace.o ABSOLUTE
    ../clib/angel/scatter.s                  0x00000000   Number         0  __scatter.o ABSOLUTE
    ../clib/angel/startup.s                  0x00000000   Number         0  __main.o ABSOLUTE
    ../clib/angel/sys.s                      0x00000000   Number         0  libspace.o ABSOLUTE
    ../clib/angel/sys.s                      0x00000000   Number         0  mutex_dummy.o ABSOLUTE
    ../clib/angel/sys.s                      0x00000000   Number         0  indicate_semi.o ABSOLUTE
    ../clib/angel/sys.s                      0x00000000   Number         0  sys_stackheap_outer.o ABSOLUTE
    ../clib/angel/sys.s                      0x00000000   Number         0  use_no_semi.o ABSOLUTE
    ../clib/angel/sysapp.c                   0x00000000   Number         0  sys_command.o ABSOLUTE
    ../clib/armsys.c                         0x00000000   Number         0  _get_argv.o ABSOLUTE
    ../clib/armsys.c                         0x00000000   Number         0  argv_veneer.o ABSOLUTE
    ../clib/armsys.c                         0x00000000   Number         0  argv_veneer.o ABSOLUTE
    ../clib/armsys.c                         0x00000000   Number         0  no_argv.o ABSOLUTE
    ../clib/armsys.c                         0x00000000   Number         0  _get_argv_nomalloc.o ABSOLUTE
    ../clib/assert.c                         0x00000000   Number         0  assert_stdio0.o ABSOLUTE
    ../clib/assert.c                         0x00000000   Number         0  assert.o ABSOLUTE
    ../clib/bigflt.c                         0x00000000   Number         0  bigflt0.o ABSOLUTE
    ../clib/btod.s                           0x00000000   Number         0  btod.o ABSOLUTE
    ../clib/fenv.c                           0x00000000   Number         0  _fptrap.o ABSOLUTE
    ../clib/heap1.c                          0x00000000   Number         0  h1_final_mt.o ABSOLUTE
    ../clib/heap1.c                          0x00000000   Number         0  h1_alloc_mt.o ABSOLUTE
    ../clib/heap1.c                          0x00000000   Number         0  h1_free.o ABSOLUTE
    ../clib/heap1.c                          0x00000000   Number         0  h1_free_mt.o ABSOLUTE
    ../clib/heap1.c                          0x00000000   Number         0  h1_alloc.o ABSOLUTE
    ../clib/heap1.c                          0x00000000   Number         0  h1_final.o ABSOLUTE
    ../clib/heap1.c                          0x00000000   Number         0  h1_extend.o ABSOLUTE
    ../clib/heap1.c                          0x00000000   Number         0  h1_extend_mt.o ABSOLUTE
    ../clib/heap1.c                          0x00000000   Number         0  h1_init_mt.o ABSOLUTE
    ../clib/heap1.c                          0x00000000   Number         0  h1_init.o ABSOLUTE
    ../clib/heap2.c                          0x00000000   Number         0  heap2mt.o ABSOLUTE
    ../clib/heap2.c                          0x00000000   Number         0  heap2.o ABSOLUTE
    ../clib/heap2.c                          0x00000000   Number         0  fdtree.o ABSOLUTE
    ../clib/heapalloc.c                      0x00000000   Number         0  hguard.o ABSOLUTE
    ../clib/heapalloc.c                      0x00000000   Number         0  init_alloc.o ABSOLUTE
    ../clib/heapalloc.c                      0x00000000   Number         0  heapstubs.o ABSOLUTE
    ../clib/heapalloc.c                      0x00000000   Number         0  maybetermalloc1.o ABSOLUTE
    ../clib/heapalloc.c                      0x00000000   Number         0  maybetermalloc2.o ABSOLUTE
    ../clib/heapalloc.c                      0x00000000   Number         0  maybetermalloc2.o ABSOLUTE
    ../clib/heapalloc.c                      0x00000000   Number         0  malloc.o ABSOLUTE
    ../clib/heapalloc.c                      0x00000000   Number         0  calloc.o ABSOLUTE
    ../clib/heapalloc.c                      0x00000000   Number         0  term_alloc.o ABSOLUTE
    ../clib/heapalloc.c                      0x00000000   Number         0  free.o ABSOLUTE
    ../clib/heapalloc.c                      0x00000000   Number         0  hrguard.o ABSOLUTE
    ../clib/heapalloc.c                      0x00000000   Number         0  maybetermalloc1.o ABSOLUTE
    ../clib/heapaux.c                        0x00000000   Number         0  heapauxa.o ABSOLUTE
    ../clib/heapaux.c                        0x00000000   Number         0  heapauxi.o ABSOLUTE
    ../clib/libinit.s                        0x00000000   Number         0  libinit2.o ABSOLUTE
    ../clib/libinit.s                        0x00000000   Number         0  libshutdown.o ABSOLUTE
    ../clib/libinit.s                        0x00000000   Number         0  libshutdown2.o ABSOLUTE
    ../clib/libinit.s                        0x00000000   Number         0  libinit.o ABSOLUTE
    ../clib/locale.c                         0x00000000   Number         0  _wcrtomb.o ABSOLUTE
    ../clib/locale.s                         0x00000000   Number         0  lc_ctype_c.o ABSOLUTE
    ../clib/locale.s                         0x00000000   Number         0  lc_numeric_c.o ABSOLUTE
    ../clib/longlong.s                       0x00000000   Number         0  llsdiv.o ABSOLUTE
    ../clib/longlong.s                       0x00000000   Number         0  lludiv10.o ABSOLUTE
    ../clib/longlong.s                       0x00000000   Number         0  lludivv7m.o ABSOLUTE
    ../clib/memcpset.s                       0x00000000   Number         0  memset.o ABSOLUTE
    ../clib/memcpset.s                       0x00000000   Number         0  rt_memcpy_w.o ABSOLUTE
    ../clib/memcpset.s                       0x00000000   Number         0  rt_memclr_w.o ABSOLUTE
    ../clib/memcpset.s                       0x00000000   Number         0  strcmpv7m.o ABSOLUTE
    ../clib/memcpset.s                       0x00000000   Number         0  rt_memmove_w.o ABSOLUTE
    ../clib/memcpset.s                       0x00000000   Number         0  memcpy.o ABSOLUTE
    ../clib/memcpset.s                       0x00000000   Number         0  rt_memmove_v6.o ABSOLUTE
    ../clib/memcpset.s                       0x00000000   Number         0  rt_memcpy_v6.o ABSOLUTE
    ../clib/memcpset.s                       0x00000000   Number         0  aeabi_memset.o ABSOLUTE
    ../clib/memcpset.s                       0x00000000   Number         0  rt_memclr.o ABSOLUTE
    ../clib/misc.s                           0x00000000   Number         0  printf_stubs.o ABSOLUTE
    ../clib/printf.c                         0x00000000   Number         0  _printf_fp_infnan.o ABSOLUTE
    ../clib/printf.c                         0x00000000   Number         0  _printf_hex_ll_ptr.o ABSOLUTE
    ../clib/printf.c                         0x00000000   Number         0  _printf_hex_int_ll_ptr.o ABSOLUTE
    ../clib/printf.c                         0x00000000   Number         0  __printf_flags_ss_wp.o ABSOLUTE
    ../clib/printf.c                         0x00000000   Number         0  __printf_ss_wp.o ABSOLUTE
    ../clib/printf.c                         0x00000000   Number         0  __printf_flags_wp.o ABSOLUTE
    ../clib/printf.c                         0x00000000   Number         0  __printf_wp.o ABSOLUTE
    ../clib/printf.c                         0x00000000   Number         0  __printf_flags_ss.o ABSOLUTE
    ../clib/printf.c                         0x00000000   Number         0  __2snprintf.o ABSOLUTE
    ../clib/printf.c                         0x00000000   Number         0  noretval__2printf.o ABSOLUTE
    ../clib/printf.c                         0x00000000   Number         0  noretval__2snprintf.o ABSOLUTE
    ../clib/printf.c                         0x00000000   Number         0  __printf_flags.o ABSOLUTE
    ../clib/printf.c                         0x00000000   Number         0  __printf.o ABSOLUTE
    ../clib/printf.c                         0x00000000   Number         0  _printf_pad.o ABSOLUTE
    ../clib/printf.c                         0x00000000   Number         0  _printf_str.o ABSOLUTE
    ../clib/printf.c                         0x00000000   Number         0  _printf_dec.o ABSOLUTE
    ../clib/printf.c                         0x00000000   Number         0  _printf_hex_ll.o ABSOLUTE
    ../clib/printf.c                         0x00000000   Number         0  _printf_hex_int.o ABSOLUTE
    ../clib/printf.c                         0x00000000   Number         0  _printf_hex_int_ll.o ABSOLUTE
    ../clib/printf.c                         0x00000000   Number         0  _printf_hex_ptr.o ABSOLUTE
    ../clib/printf.c                         0x00000000   Number         0  _printf_char.o ABSOLUTE
    ../clib/printf.c                         0x00000000   Number         0  __printf_ss.o ABSOLUTE
    ../clib/printf.c                         0x00000000   Number         0  _printf_wchar.o ABSOLUTE
    ../clib/printf.c                         0x00000000   Number         0  __printf_nopercent.o ABSOLUTE
    ../clib/printf.c                         0x00000000   Number         0  _printf_fp_hex.o ABSOLUTE
    ../clib/printf.c                         0x00000000   Number         0  _printf_fp_dec.o ABSOLUTE
    ../clib/printf.c                         0x00000000   Number         0  _printf_hex_int_ptr.o ABSOLUTE
    ../clib/printf.c                         0x00000000   Number         0  _printf_oct_int_ll.o ABSOLUTE
    ../clib/printf.c                         0x00000000   Number         0  _printf_oct_int.o ABSOLUTE
    ../clib/printf.c                         0x00000000   Number         0  _printf_oct_ll.o ABSOLUTE
    ../clib/printf.c                         0x00000000   Number         0  _printf_longlong_dec.o ABSOLUTE
    ../clib/printf.c                         0x00000000   Number         0  _printf_wctomb.o ABSOLUTE
    ../clib/printf.c                         0x00000000   Number         0  _printf_char_file.o ABSOLUTE
    ../clib/printf.c                         0x00000000   Number         0  _snputc.o ABSOLUTE
    ../clib/printf.c                         0x00000000   Number         0  _sputc.o ABSOLUTE
    ../clib/printf.c                         0x00000000   Number         0  _printf_char_common.o ABSOLUTE
    ../clib/printf.c                         0x00000000   Number         0  _printf_charcount.o ABSOLUTE
    ../clib/printf.c                         0x00000000   Number         0  _printf_intcommon.o ABSOLUTE
    ../clib/printf.c                         0x00000000   Number         0  _printf_truncate.o ABSOLUTE
    ../clib/printf.c                         0x00000000   Number         0  printf.o ABSOLUTE
    ../clib/printf.c                         0x00000000   Number         0  vsprintf.o ABSOLUTE
    ../clib/printf.c                         0x00000000   Number         0  __2printf.o ABSOLUTE
    ../clib/printf_percent.s                 0x00000000   Number         0  _printf_lc.o ABSOLUTE
    ../clib/printf_percent.s                 0x00000000   Number         0  _printf_i.o ABSOLUTE
    ../clib/printf_percent.s                 0x00000000   Number         0  _printf_llx.o ABSOLUTE
    ../clib/printf_percent.s                 0x00000000   Number         0  _printf_o.o ABSOLUTE
    ../clib/printf_percent.s                 0x00000000   Number         0  _printf_p.o ABSOLUTE
    ../clib/printf_percent.s                 0x00000000   Number         0  _printf_x.o ABSOLUTE
    ../clib/printf_percent.s                 0x00000000   Number         0  _printf_c.o ABSOLUTE
    ../clib/printf_percent.s                 0x00000000   Number         0  _printf_l.o ABSOLUTE
    ../clib/printf_percent.s                 0x00000000   Number         0  _printf_ll.o ABSOLUTE
    ../clib/printf_percent.s                 0x00000000   Number         0  _printf_s.o ABSOLUTE
    ../clib/printf_percent.s                 0x00000000   Number         0  _printf_llu.o ABSOLUTE
    ../clib/printf_percent.s                 0x00000000   Number         0  _printf_percent_end.o ABSOLUTE
    ../clib/printf_percent.s                 0x00000000   Number         0  _printf_llo.o ABSOLUTE
    ../clib/printf_percent.s                 0x00000000   Number         0  _printf_a.o ABSOLUTE
    ../clib/printf_percent.s                 0x00000000   Number         0  _printf_lld.o ABSOLUTE
    ../clib/printf_percent.s                 0x00000000   Number         0  _printf_g.o ABSOLUTE
    ../clib/printf_percent.s                 0x00000000   Number         0  _printf_lli.o ABSOLUTE
    ../clib/printf_percent.s                 0x00000000   Number         0  _printf_e.o ABSOLUTE
    ../clib/printf_percent.s                 0x00000000   Number         0  _printf_f.o ABSOLUTE
    ../clib/printf_percent.s                 0x00000000   Number         0  _printf_d.o ABSOLUTE
    ../clib/printf_percent.s                 0x00000000   Number         0  _printf_u.o ABSOLUTE
    ../clib/printf_percent.s                 0x00000000   Number         0  _printf_percent.o ABSOLUTE
    ../clib/printf_percent.s                 0x00000000   Number         0  _printf_ls.o ABSOLUTE
    ../clib/printf_percent.s                 0x00000000   Number         0  _printf_n.o ABSOLUTE
    ../clib/signal.c                         0x00000000   Number         0  defsig_rtmem_inner.o ABSOLUTE
    ../clib/signal.c                         0x00000000   Number         0  defsig_stak_inner.o ABSOLUTE
    ../clib/signal.c                         0x00000000   Number         0  defsig_general.o ABSOLUTE
    ../clib/signal.c                         0x00000000   Number         0  defsig_other.o ABSOLUTE
    ../clib/signal.c                         0x00000000   Number         0  __raise.o ABSOLUTE
    ../clib/signal.c                         0x00000000   Number         0  defsig_fpe_formal.o ABSOLUTE
    ../clib/signal.c                         0x00000000   Number         0  defsig_segv_inner.o ABSOLUTE
    ../clib/signal.c                         0x00000000   Number         0  defsig_cppl_inner.o ABSOLUTE
    ../clib/signal.c                         0x00000000   Number         0  defsig_rtred_inner.o ABSOLUTE
    ../clib/signal.c                         0x00000000   Number         0  defsig_abrt_formal.o ABSOLUTE
    ../clib/signal.c                         0x00000000   Number         0  defsig_abrt_outer.o ABSOLUTE
    ../clib/signal.c                         0x00000000   Number         0  defsig_rtmem_formal.o ABSOLUTE
    ../clib/signal.c                         0x00000000   Number         0  defsig_rtmem_outer.o ABSOLUTE
    ../clib/signal.c                         0x00000000   Number         0  defsig_pvfn_inner.o ABSOLUTE
    ../clib/signal.c                         0x00000000   Number         0  defsig_fpe_inner.o ABSOLUTE
    ../clib/signal.c                         0x00000000   Number         0  defsig_exit.o ABSOLUTE
    ../clib/signal.c                         0x00000000   Number         0  defsig_abrt_inner.o ABSOLUTE
    ../clib/signal.c                         0x00000000   Number         0  defsig_fpe_outer.o ABSOLUTE
    ../clib/signal.s                         0x00000000   Number         0  defsig.o ABSOLUTE
    ../clib/stdio.c                          0x00000000   Number         0  fputs.o ABSOLUTE
    ../clib/stdio.c                          0x00000000   Number         0  putc.o ABSOLUTE
    ../clib/stdio.c                          0x00000000   Number         0  puts.o ABSOLUTE
    ../clib/stdlib.c                         0x00000000   Number         0  exit.o ABSOLUTE
    ../clib/stdlib.c                         0x00000000   Number         0  rand.o ABSOLUTE
    ../clib/stdlib.c                         0x00000000   Number         0  abort.o ABSOLUTE
    ../clib/stdlib.c                         0x00000000   Number         0  rand.o ABSOLUTE
    ../clib/string.c                         0x00000000   Number         0  strstr.o ABSOLUTE
    ../clib/string.c                         0x00000000   Number         0  strcat.o ABSOLUTE
    ../clib/string.c                         0x00000000   Number         0  strlen.o ABSOLUTE
    ../clib/string.c                         0x00000000   Number         0  strcpy.o ABSOLUTE
    ../clib/string.c                         0x00000000   Number         0  memcmp.o ABSOLUTE
    ../fplib/except.s                        0x00000000   Number         0  except.o ABSOLUTE
    ../fplib/fdiv.s                          0x00000000   Number         0  fdiv.o ABSOLUTE
    ../fplib/ffix.s                          0x00000000   Number         0  ffix.o ABSOLUTE
    ../fplib/ffixu.s                         0x00000000   Number         0  ffixu.o ABSOLUTE
    ../fplib/fflt.s                          0x00000000   Number         0  fflt_clz.o ABSOLUTE
    ../fplib/fmul.s                          0x00000000   Number         0  fmul.o ABSOLUTE
    ../fplib/fnaninf.s                       0x00000000   Number         0  fnaninf.o ABSOLUTE
    ../fplib/fnorm2.s                        0x00000000   Number         0  fnorm2_clz.o ABSOLUTE
    ../fplib/fpinit.s                        0x00000000   Number         0  fpinit.o ABSOLUTE
    ../fplib/fretinf.s                       0x00000000   Number         0  fretinf.o ABSOLUTE
    ../fplib/funder.s                        0x00000000   Number         0  funder_clz.o ABSOLUTE
    ../fplib/istatus.s                       0x00000000   Number         0  istatus.o ABSOLUTE
    ../fplib/printf1.s                       0x00000000   Number         0  printf1.o ABSOLUTE
    ../fplib/printf2.s                       0x00000000   Number         0  printf2.o ABSOLUTE
    ../fplib/printf2a.s                      0x00000000   Number         0  printf2a.o ABSOLUTE
    ../fplib/printf2b.s                      0x00000000   Number         0  printf2b.o ABSOLUTE
    ../fplib/retnan.s                        0x00000000   Number         0  retnan.o ABSOLUTE
    ../fplib/trapv.s                         0x00000000   Number         0  trapv.o ABSOLUTE
    ../fplib/usenofp.s                       0x00000000   Number         0  usenofp.o ABSOLUTE
    ../mathlib/fpclassify.c                  0x00000000   Number         0  fpclassify.o ABSOLUTE
    ..\Driver\CMSDK_driver.c                 0x00000000   Number         0  cmsdk_driver.o ABSOLUTE
    ..\Driver\i2c_interface.c                0x00000000   Number         0  i2c_interface.o ABSOLUTE
    ..\Driver\retarget.c                     0x00000000   Number         0  retarget.o ABSOLUTE
    ..\Driver\spi_interface.c                0x00000000   Number         0  spi_interface.o ABSOLUTE
    ..\Driver\uart_stdout.c                  0x00000000   Number         0  uart_stdout.o ABSOLUTE
    ..\\Driver\\CMSDK_driver.c               0x00000000   Number         0  cmsdk_driver.o ABSOLUTE
    ..\\Driver\\i2c_interface.c              0x00000000   Number         0  i2c_interface.o ABSOLUTE
    ..\\Driver\\spi_interface.c              0x00000000   Number         0  spi_interface.o ABSOLUTE
    ..\\Driver\\uart_stdout.c                0x00000000   Number         0  uart_stdout.o ABSOLUTE
    ..\\src\\DMA\\CM3_dma.c                  0x00000000   Number         0  cm3_dma.o ABSOLUTE
    ..\\src\\ECC\\ec_elgamal.c               0x00000000   Number         0  ec_elgamal.o ABSOLUTE
    ..\\src\\ECC\\ecdh_t.c                   0x00000000   Number         0  ecdh_t.o ABSOLUTE
    ..\\src\\ECC\\ecdsa_t.c                  0x00000000   Number         0  ecdsa_t.o ABSOLUTE
    ..\\src\\ECC\\pkcc_module.c              0x00000000   Number         0  pkcc_module.o ABSOLUTE
    ..\\src\\ECC\\pkcc_module_vector_test.c  0x00000000   Number         0  pkcc_module_vector_test.o ABSOLUTE
    ..\\src\\ECC\\rsa_t.c                    0x00000000   Number         0  rsa_t.o ABSOLUTE
    ..\\src\\FingerPrint\\cb_api.c           0x00000000   Number         0  cb_api.o ABSOLUTE
    ..\\src\\FingerPrint\\fingerPrint.c      0x00000000   Number         0  fingerprint.o ABSOLUTE
    ..\\src\\FingerPrint\\libbarley.c        0x00000000   Number         0  libbarley.o ABSOLUTE
    ..\\src\\I2C\\i2c_test.c                 0x00000000   Number         0  i2c_test.o ABSOLUTE
    ..\\src\\IRQ\\interrupt.c                0x00000000   Number         0  interrupt.o ABSOLUTE
    ..\\src\\IRQ\\irq_test.c                 0x00000000   Number         0  irq_test.o ABSOLUTE
    ..\\src\\TRNG\\CM3_TRNG.c                0x00000000   Number         0  cm3_trng.o ABSOLUTE
    ..\\src\\main.c                          0x00000000   Number         0  main.o ABSOLUTE
    ..\\src\\mbedTLS\\library\\ecdh.c        0x00000000   Number         0  ecdh.o ABSOLUTE
    ..\\src\\mbedTLS\\library\\ecdsa.c       0x00000000   Number         0  ecdsa.o ABSOLUTE
    ..\\src\\sdcp\\sdcp.c                    0x00000000   Number         0  sdcp.o ABSOLUTE
    ..\\src\\sdcp\\test_ecdsa.c              0x00000000   Number         0  test_ecdsa.o ABSOLUTE
    ..\\src\\sdcp\\test_function.c           0x00000000   Number         0  test_function.o ABSOLUTE
    ..\src\AES\aes128e.c                     0x00000000   Number         0  aes128e.o ABSOLUTE
    ..\src\AES\aes128gcm.c                   0x00000000   Number         0  aes128gcm.o ABSOLUTE
    ..\src\AES\aes_t.c                       0x00000000   Number         0  aes_t.o ABSOLUTE
    ..\src\AES\aes_test.c                    0x00000000   Number         0  aes_test.o ABSOLUTE
    ..\src\AES\d4_aes_test.c                 0x00000000   Number         0  d4_aes_test.o ABSOLUTE
    ..\src\DMA\CM3_dma.c                     0x00000000   Number         0  cm3_dma.o ABSOLUTE
    ..\src\ECC\ec_elgamal.c                  0x00000000   Number         0  ec_elgamal.o ABSOLUTE
    ..\src\ECC\ecdh_t.c                      0x00000000   Number         0  ecdh_t.o ABSOLUTE
    ..\src\ECC\ecdsa_t.c                     0x00000000   Number         0  ecdsa_t.o ABSOLUTE
    ..\src\ECC\pkcc_module.c                 0x00000000   Number         0  pkcc_module.o ABSOLUTE
    ..\src\ECC\pkcc_module_vector_test.c     0x00000000   Number         0  pkcc_module_vector_test.o ABSOLUTE
    ..\src\ECC\rsa_t.c                       0x00000000   Number         0  rsa_t.o ABSOLUTE
    ..\src\FingerPrint\cb_api.c              0x00000000   Number         0  cb_api.o ABSOLUTE
    ..\src\FingerPrint\fingerPrint.c         0x00000000   Number         0  fingerprint.o ABSOLUTE
    ..\src\FingerPrint\libbarley.c           0x00000000   Number         0  libbarley.o ABSOLUTE
    ..\src\I2C\i2c_test.c                    0x00000000   Number         0  i2c_test.o ABSOLUTE
    ..\src\IRQ\interrupt.c                   0x00000000   Number         0  interrupt.o ABSOLUTE
    ..\src\IRQ\irq_test.c                    0x00000000   Number         0  irq_test.o ABSOLUTE
    ..\src\SHA256\SHA256_SW.c                0x00000000   Number         0  sha256_sw.o ABSOLUTE
    ..\src\SHA256\SHA256_t.c                 0x00000000   Number         0  sha256_t.o ABSOLUTE
    ..\src\TRNG\CM3_TRNG.c                   0x00000000   Number         0  cm3_trng.o ABSOLUTE
    ..\src\main.c                            0x00000000   Number         0  main.o ABSOLUTE
    ..\src\mbedTLS\hardware_rng.c            0x00000000   Number         0  hardware_rng.o ABSOLUTE
    ..\src\mbedTLS\library\aes.c             0x00000000   Number         0  aes.o ABSOLUTE
    ..\src\mbedTLS\library\aesni.c           0x00000000   Number         0  aesni.o ABSOLUTE
    ..\src\mbedTLS\library\arc4.c            0x00000000   Number         0  arc4.o ABSOLUTE
    ..\src\mbedTLS\library\aria.c            0x00000000   Number         0  aria.o ABSOLUTE
    ..\src\mbedTLS\library\asn1parse.c       0x00000000   Number         0  asn1parse.o ABSOLUTE
    ..\src\mbedTLS\library\asn1write.c       0x00000000   Number         0  asn1write.o ABSOLUTE
    ..\src\mbedTLS\library\base64.c          0x00000000   Number         0  base64.o ABSOLUTE
    ..\src\mbedTLS\library\bignum.c          0x00000000   Number         0  bignum.o ABSOLUTE
    ..\src\mbedTLS\library\blowfish.c        0x00000000   Number         0  blowfish.o ABSOLUTE
    ..\src\mbedTLS\library\camellia.c        0x00000000   Number         0  camellia.o ABSOLUTE
    ..\src\mbedTLS\library\ccm.c             0x00000000   Number         0  ccm.o ABSOLUTE
    ..\src\mbedTLS\library\certs.c           0x00000000   Number         0  certs.o ABSOLUTE
    ..\src\mbedTLS\library\chacha20.c        0x00000000   Number         0  chacha20.o ABSOLUTE
    ..\src\mbedTLS\library\chachapoly.c      0x00000000   Number         0  chachapoly.o ABSOLUTE
    ..\src\mbedTLS\library\cipher.c          0x00000000   Number         0  cipher.o ABSOLUTE
    ..\src\mbedTLS\library\cipher_wrap.c     0x00000000   Number         0  cipher_wrap.o ABSOLUTE
    ..\src\mbedTLS\library\cmac.c            0x00000000   Number         0  cmac.o ABSOLUTE
    ..\src\mbedTLS\library\ctr_drbg.c        0x00000000   Number         0  ctr_drbg.o ABSOLUTE
    ..\src\mbedTLS\library\debug.c           0x00000000   Number         0  debug.o ABSOLUTE
    ..\src\mbedTLS\library\des.c             0x00000000   Number         0  des.o ABSOLUTE
    ..\src\mbedTLS\library\dhm.c             0x00000000   Number         0  dhm.o ABSOLUTE
    ..\src\mbedTLS\library\ecdh.c            0x00000000   Number         0  ecdh.o ABSOLUTE
    ..\src\mbedTLS\library\ecdsa.c           0x00000000   Number         0  ecdsa.o ABSOLUTE
    ..\src\mbedTLS\library\ecjpake.c         0x00000000   Number         0  ecjpake.o ABSOLUTE
    ..\src\mbedTLS\library\ecp.c             0x00000000   Number         0  ecp.o ABSOLUTE
    ..\src\mbedTLS\library\ecp_curves.c      0x00000000   Number         0  ecp_curves.o ABSOLUTE
    ..\src\mbedTLS\library\entropy.c         0x00000000   Number         0  entropy.o ABSOLUTE
    ..\src\mbedTLS\library\entropy_poll.c    0x00000000   Number         0  entropy_poll.o ABSOLUTE
    ..\src\mbedTLS\library\error.c           0x00000000   Number         0  error.o ABSOLUTE
    ..\src\mbedTLS\library\gcm.c             0x00000000   Number         0  gcm.o ABSOLUTE
    ..\src\mbedTLS\library\havege.c          0x00000000   Number         0  havege.o ABSOLUTE
    ..\src\mbedTLS\library\hkdf.c            0x00000000   Number         0  hkdf.o ABSOLUTE
    ..\src\mbedTLS\library\hmac_drbg.c       0x00000000   Number         0  hmac_drbg.o ABSOLUTE
    ..\src\mbedTLS\library\md.c              0x00000000   Number         0  md.o ABSOLUTE
    ..\src\mbedTLS\library\md2.c             0x00000000   Number         0  md2.o ABSOLUTE
    ..\src\mbedTLS\library\md4.c             0x00000000   Number         0  md4.o ABSOLUTE
    ..\src\mbedTLS\library\md5.c             0x00000000   Number         0  md5.o ABSOLUTE
    ..\src\mbedTLS\library\md_wrap.c         0x00000000   Number         0  md_wrap.o ABSOLUTE
    ..\src\mbedTLS\library\memory_buffer_alloc.c 0x00000000   Number         0  memory_buffer_alloc.o ABSOLUTE
    ..\src\mbedTLS\library\nist_kw.c         0x00000000   Number         0  nist_kw.o ABSOLUTE
    ..\src\mbedTLS\library\oid.c             0x00000000   Number         0  oid.o ABSOLUTE
    ..\src\mbedTLS\library\padlock.c         0x00000000   Number         0  padlock.o ABSOLUTE
    ..\src\mbedTLS\library\pem.c             0x00000000   Number         0  pem.o ABSOLUTE
    ..\src\mbedTLS\library\pk.c              0x00000000   Number         0  pk.o ABSOLUTE
    ..\src\mbedTLS\library\pk_wrap.c         0x00000000   Number         0  pk_wrap.o ABSOLUTE
    ..\src\mbedTLS\library\pkcs11.c          0x00000000   Number         0  pkcs11.o ABSOLUTE
    ..\src\mbedTLS\library\pkcs12.c          0x00000000   Number         0  pkcs12.o ABSOLUTE
    ..\src\mbedTLS\library\pkcs5.c           0x00000000   Number         0  pkcs5.o ABSOLUTE
    ..\src\mbedTLS\library\pkparse.c         0x00000000   Number         0  pkparse.o ABSOLUTE
    ..\src\mbedTLS\library\pkwrite.c         0x00000000   Number         0  pkwrite.o ABSOLUTE
    ..\src\mbedTLS\library\platform.c        0x00000000   Number         0  platform.o ABSOLUTE
    ..\src\mbedTLS\library\platform_util.c   0x00000000   Number         0  platform_util.o ABSOLUTE
    ..\src\mbedTLS\library\poly1305.c        0x00000000   Number         0  poly1305.o ABSOLUTE
    ..\src\mbedTLS\library\ripemd160.c       0x00000000   Number         0  ripemd160.o ABSOLUTE
    ..\src\mbedTLS\library\rsa.c             0x00000000   Number         0  rsa.o ABSOLUTE
    ..\src\mbedTLS\library\rsa_internal.c    0x00000000   Number         0  rsa_internal.o ABSOLUTE
    ..\src\mbedTLS\library\sha1.c            0x00000000   Number         0  sha1.o ABSOLUTE
    ..\src\mbedTLS\library\sha256.c          0x00000000   Number         0  sha256.o ABSOLUTE
    ..\src\mbedTLS\library\sha512.c          0x00000000   Number         0  sha512.o ABSOLUTE
    ..\src\mbedTLS\library\ssl_cache.c       0x00000000   Number         0  ssl_cache.o ABSOLUTE
    ..\src\mbedTLS\library\ssl_ciphersuites.c 0x00000000   Number         0  ssl_ciphersuites.o ABSOLUTE
    ..\src\mbedTLS\library\ssl_cli.c         0x00000000   Number         0  ssl_cli.o ABSOLUTE
    ..\src\mbedTLS\library\ssl_cookie.c      0x00000000   Number         0  ssl_cookie.o ABSOLUTE
    ..\src\mbedTLS\library\ssl_srv.c         0x00000000   Number         0  ssl_srv.o ABSOLUTE
    ..\src\mbedTLS\library\ssl_ticket.c      0x00000000   Number         0  ssl_ticket.o ABSOLUTE
    ..\src\mbedTLS\library\ssl_tls.c         0x00000000   Number         0  ssl_tls.o ABSOLUTE
    ..\src\mbedTLS\library\threading.c       0x00000000   Number         0  threading.o ABSOLUTE
    ..\src\mbedTLS\library\timing.c          0x00000000   Number         0  timing.o ABSOLUTE
    ..\src\mbedTLS\library\version.c         0x00000000   Number         0  version.o ABSOLUTE
    ..\src\mbedTLS\library\version_features.c 0x00000000   Number         0  version_features.o ABSOLUTE
    ..\src\mbedTLS\library\x509.c            0x00000000   Number         0  x509.o ABSOLUTE
    ..\src\mbedTLS\library\x509_create.c     0x00000000   Number         0  x509_create.o ABSOLUTE
    ..\src\mbedTLS\library\x509_crl.c        0x00000000   Number         0  x509_crl.o ABSOLUTE
    ..\src\mbedTLS\library\x509_crt.c        0x00000000   Number         0  x509_crt.o ABSOLUTE
    ..\src\mbedTLS\library\x509_csr.c        0x00000000   Number         0  x509_csr.o ABSOLUTE
    ..\src\mbedTLS\library\x509write_crt.c   0x00000000   Number         0  x509write_crt.o ABSOLUTE
    ..\src\mbedTLS\library\x509write_csr.c   0x00000000   Number         0  x509write_csr.o ABSOLUTE
    ..\src\mbedTLS\library\xtea.c            0x00000000   Number         0  xtea.o ABSOLUTE
    ..\src\sdcp\client.c                     0x00000000   Number         0  client.o ABSOLUTE
    ..\src\sdcp\helpers.c                    0x00000000   Number         0  helpers.o ABSOLUTE
    ..\src\sdcp\sdcp.c                       0x00000000   Number         0  sdcp.o ABSOLUTE
    ..\src\sdcp\test_ecdsa.c                 0x00000000   Number         0  test_ecdsa.o ABSOLUTE
    ..\src\sdcp\test_function.c              0x00000000   Number         0  test_function.o ABSOLUTE
    ..\src\sdcp\testkeys.c                   0x00000000   Number         0  testkeys.o ABSOLUTE
    RTE\Device\ARMCM3\startup_ARMCM3.s       0x00000000   Number         0  startup_armcm3.o ABSOLUTE
    RTE\Device\ARMCM3\system_ARMCM3.c        0x00000000   Number         0  system_armcm3.o ABSOLUTE
    RTE\\Device\\ARMCM3\\system_ARMCM3.c     0x00000000   Number         0  system_armcm3.o ABSOLUTE
    barley_sdk.c                             0x00000000   Number         0  barley_sdk.o ABSOLUTE
    dc.s                                     0x00000000   Number         0  dc.o ABSOLUTE
    factory_cb2100.c                         0x00000000   Number         0  factory_cb2100.o ABSOLUTE
    fp_sensor_cb2100.c                       0x00000000   Number         0  fp_sensor_cb2100.o ABSOLUTE
    libcsfp.c                                0x00000000   Number         0  libcsfp.o ABSOLUTE
    platform_api.c                           0x00000000   Number         0  platform_api.o ABSOLUTE
    sensor_handler.c                         0x00000000   Number         0  sensor_handler.o ABSOLUTE
    template_handler.c                       0x00000000   Number         0  template_handler.o ABSOLUTE
    !!!main                                  0x00000088   Section        8  __main.o(!!!main)
    !!!scatter                               0x00000090   Section       52  __scatter.o(!!!scatter)
    !!handler_copy                           0x000000c4   Section       26  __scatter_copy.o(!!handler_copy)
    !!handler_zi                             0x000000e0   Section       28  __scatter_zi.o(!!handler_zi)
    .ARM.Collect$$_printf_percent$$00000000  0x000000fc   Section        0  _printf_percent.o(.ARM.Collect$$_printf_percent$$00000000)
    .ARM.Collect$$_printf_percent$$0000000C  0x000000fc   Section        6  _printf_x.o(.ARM.Collect$$_printf_percent$$0000000C)
    .ARM.Collect$$_printf_percent$$00000017  0x00000102   Section        4  _printf_percent_end.o(.ARM.Collect$$_printf_percent$$00000017)
    .ARM.Collect$$libinit$$00000000          0x00000106   Section        2  libinit.o(.ARM.Collect$$libinit$$00000000)
    .ARM.Collect$$libinit$$00000001          0x00000108   Section        4  libinit2.o(.ARM.Collect$$libinit$$00000001)
    .ARM.Collect$$libinit$$00000004          0x0000010c   Section        0  libinit2.o(.ARM.Collect$$libinit$$00000004)
    .ARM.Collect$$libinit$$0000000A          0x0000010c   Section        0  libinit2.o(.ARM.Collect$$libinit$$0000000A)
    .ARM.Collect$$libinit$$0000000C          0x0000010c   Section        0  libinit2.o(.ARM.Collect$$libinit$$0000000C)
    .ARM.Collect$$libinit$$0000000E          0x0000010c   Section        0  libinit2.o(.ARM.Collect$$libinit$$0000000E)
    .ARM.Collect$$libinit$$00000011          0x0000010c   Section        0  libinit2.o(.ARM.Collect$$libinit$$00000011)
    .ARM.Collect$$libinit$$00000013          0x0000010c   Section        0  libinit2.o(.ARM.Collect$$libinit$$00000013)
    .ARM.Collect$$libinit$$00000015          0x0000010c   Section        0  libinit2.o(.ARM.Collect$$libinit$$00000015)
    .ARM.Collect$$libinit$$00000017          0x0000010c   Section        0  libinit2.o(.ARM.Collect$$libinit$$00000017)
    .ARM.Collect$$libinit$$00000019          0x0000010c   Section        0  libinit2.o(.ARM.Collect$$libinit$$00000019)
    .ARM.Collect$$libinit$$0000001B          0x0000010c   Section        0  libinit2.o(.ARM.Collect$$libinit$$0000001B)
    .ARM.Collect$$libinit$$0000001D          0x0000010c   Section        0  libinit2.o(.ARM.Collect$$libinit$$0000001D)
    .ARM.Collect$$libinit$$0000001F          0x0000010c   Section        0  libinit2.o(.ARM.Collect$$libinit$$0000001F)
    .ARM.Collect$$libinit$$00000021          0x0000010c   Section        0  libinit2.o(.ARM.Collect$$libinit$$00000021)
    .ARM.Collect$$libinit$$00000023          0x0000010c   Section        0  libinit2.o(.ARM.Collect$$libinit$$00000023)
    .ARM.Collect$$libinit$$00000025          0x0000010c   Section        0  libinit2.o(.ARM.Collect$$libinit$$00000025)
    .ARM.Collect$$libinit$$0000002C          0x0000010c   Section        0  libinit2.o(.ARM.Collect$$libinit$$0000002C)
    .ARM.Collect$$libinit$$0000002E          0x0000010c   Section        0  libinit2.o(.ARM.Collect$$libinit$$0000002E)
    .ARM.Collect$$libinit$$00000030          0x0000010c   Section        0  libinit2.o(.ARM.Collect$$libinit$$00000030)
    .ARM.Collect$$libinit$$00000032          0x0000010c   Section        0  libinit2.o(.ARM.Collect$$libinit$$00000032)
    .ARM.Collect$$libinit$$00000033          0x0000010c   Section        2  libinit2.o(.ARM.Collect$$libinit$$00000033)
    .ARM.Collect$$libshutdown$$00000000      0x0000010e   Section        2  libshutdown.o(.ARM.Collect$$libshutdown$$00000000)
    .ARM.Collect$$libshutdown$$00000002      0x00000110   Section        0  libshutdown2.o(.ARM.Collect$$libshutdown$$00000002)
    .ARM.Collect$$libshutdown$$00000004      0x00000110   Section        0  libshutdown2.o(.ARM.Collect$$libshutdown$$00000004)
    .ARM.Collect$$libshutdown$$00000007      0x00000110   Section        0  libshutdown2.o(.ARM.Collect$$libshutdown$$00000007)
    .ARM.Collect$$libshutdown$$0000000A      0x00000110   Section        0  libshutdown2.o(.ARM.Collect$$libshutdown$$0000000A)
    .ARM.Collect$$libshutdown$$0000000C      0x00000110   Section        0  libshutdown2.o(.ARM.Collect$$libshutdown$$0000000C)
    .ARM.Collect$$libshutdown$$0000000F      0x00000110   Section        0  libshutdown2.o(.ARM.Collect$$libshutdown$$0000000F)
    .ARM.Collect$$libshutdown$$00000010      0x00000110   Section        2  libshutdown2.o(.ARM.Collect$$libshutdown$$00000010)
    .ARM.Collect$$rtentry$$00000000          0x00000112   Section        0  __rtentry.o(.ARM.Collect$$rtentry$$00000000)
    .ARM.Collect$$rtentry$$00000002          0x00000112   Section        0  __rtentry2.o(.ARM.Collect$$rtentry$$00000002)
    .ARM.Collect$$rtentry$$00000004          0x00000112   Section        6  __rtentry4.o(.ARM.Collect$$rtentry$$00000004)
    .ARM.Collect$$rtentry$$00000009          0x00000118   Section        0  __rtentry2.o(.ARM.Collect$$rtentry$$00000009)
    .ARM.Collect$$rtentry$$0000000A          0x00000118   Section        4  __rtentry2.o(.ARM.Collect$$rtentry$$0000000A)
    .ARM.Collect$$rtentry$$0000000C          0x0000011c   Section        0  __rtentry2.o(.ARM.Collect$$rtentry$$0000000C)
    .ARM.Collect$$rtentry$$0000000D          0x0000011c   Section        8  __rtentry2.o(.ARM.Collect$$rtentry$$0000000D)
    .ARM.Collect$$rtexit$$00000000           0x00000124   Section        2  rtexit.o(.ARM.Collect$$rtexit$$00000000)
    .ARM.Collect$$rtexit$$00000002           0x00000126   Section        0  rtexit2.o(.ARM.Collect$$rtexit$$00000002)
    .ARM.Collect$$rtexit$$00000003           0x00000126   Section        4  rtexit2.o(.ARM.Collect$$rtexit$$00000003)
    .ARM.Collect$$rtexit$$00000004           0x0000012a   Section        6  rtexit2.o(.ARM.Collect$$rtexit$$00000004)
    .text                                    0x00000130   Section      204  startup_armcm3.o(.text)
    .text                                    0x000001fc   Section        2  use_no_semi.o(.text)
    .text                                    0x00000200   Section        0  __2printf.o(.text)
    .text                                    0x00000218   Section        0  _printf_pad.o(.text)
    .text                                    0x00000268   Section        0  _printf_hex_int_ll_ptr.o(.text)
    _printf_hex_common                       0x00000269   Thumb Code     0  _printf_hex_int_ll_ptr.o(.text)
    .text                                    0x000002fc   Section        0  __printf_flags_ss_wp.o(.text)
    .text                                    0x00000484   Section        0  exit.o(.text)
    .text                                    0x00000496   Section      100  rt_memcpy_w.o(.text)
    .text                                    0x000004fa   Section       78  rt_memclr_w.o(.text)
    .text                                    0x00000548   Section        0  heapauxi.o(.text)
    .text                                    0x00000550   Section        8  rt_fp_status_addr_intlibspace.o(.text)
    .text                                    0x00000558   Section        0  _printf_intcommon.o(.text)
    .text                                    0x0000060c   Section        0  _printf_char_common.o(.text)
    _printf_input_char                       0x0000060d   Thumb Code    10  _printf_char_common.o(.text)
    .text                                    0x0000063c   Section        0  _printf_char_file.o(.text)
    .text                                    0x00000660   Section        8  libspace.o(.text)
    .text                                    0x00000668   Section       74  sys_stackheap_outer.o(.text)
    i.GPIO_SETHIGH                           0x000006b4   Section        0  irq_test.o(i.GPIO_SETHIGH)
    i.GPIO_SETLOW                            0x000006e0   Section        0  irq_test.o(i.GPIO_SETLOW)
    i.GPIO_reset                             0x00000710   Section        0  cb_api.o(i.GPIO_reset)
    i.Interrupt0                             0x000007b4   Section        0  interrupt.o(i.Interrupt0)
    i.Interrupt1                             0x000007f0   Section        0  interrupt.o(i.Interrupt1)
    i.Interrupt10                            0x0000080c   Section        0  interrupt.o(i.Interrupt10)
    i.Interrupt12                            0x0000083c   Section        0  interrupt.o(i.Interrupt12)
    i.Interrupt13                            0x00000858   Section        0  interrupt.o(i.Interrupt13)
    i.Interrupt14                            0x00000874   Section        0  interrupt.o(i.Interrupt14)
    i.Interrupt15                            0x00000890   Section        0  interrupt.o(i.Interrupt15)
    i.Interrupt16                            0x000008b0   Section        0  interrupt.o(i.Interrupt16)
    i.Interrupt17                            0x000008f0   Section        0  interrupt.o(i.Interrupt17)
    i.Interrupt2                             0x00000920   Section        0  interrupt.o(i.Interrupt2)
    i.Interrupt3                             0x0000093c   Section        0  interrupt.o(i.Interrupt3)
    i.Interrupt4                             0x00000958   Section        0  interrupt.o(i.Interrupt4)
    i.Interrupt5                             0x00000974   Section        0  interrupt.o(i.Interrupt5)
    i.Interrupt6                             0x00000990   Section        0  interrupt.o(i.Interrupt6)
    i.Interrupt7                             0x000009b8   Section        0  interrupt.o(i.Interrupt7)
    i.Interrupt8                             0x000009d4   Section        0  interrupt.o(i.Interrupt8)
    i.Interrupt9                             0x000009f0   Section        0  interrupt.o(i.Interrupt9)
    i.SysTick_Handler                        0x00000a0c   Section        0  main.o(i.SysTick_Handler)
    i.SystemInit                             0x00000a1c   Section        0  system_armcm3.o(i.SystemInit)
    i.UartPutc                               0x00000a2c   Section        0  uart_stdout.o(i.UartPutc)
    i.UartStdOutInit                         0x00000a44   Section        0  uart_stdout.o(i.UartStdOutInit)
    i._is_digit                              0x00000aac   Section        0  __printf_wp.o(i._is_digit)
    i._sys_exit                              0x00000aba   Section        0  retarget.o(i._sys_exit)
    i.delay_us                               0x00000abe   Section        0  system_armcm3.o(i.delay_us)
    i.ferror                                 0x00000ad4   Section        0  retarget.o(i.ferror)
    i.fputc                                  0x00000adc   Section        0  retarget.o(i.fputc)
    i.init_master_spi                        0x00000aec   Section        0  spi_interface.o(i.init_master_spi)
    i.main                                   0x00000b14   Section        0  main.o(i.main)
    i.pkcc_RSA                               0x00000c7c   Section        0  pkcc_module.o(i.pkcc_RSA)
    i.rsa_set_length                         0x00000d38   Section        0  pkcc_module.o(i.rsa_set_length)
    i.rsa_set_op_status                      0x00000d5c   Section        0  pkcc_module.o(i.rsa_set_op_status)
    i.rsa_test_decrypt                       0x00000d88   Section        0  rsa_t.o(i.rsa_test_decrypt)
    i.rsa_test_encrypt                       0x00000e28   Section        0  rsa_t.o(i.rsa_test_encrypt)
    i.sha256                                 0x00000f0c   Section        0  main.o(i.sha256)
    i.sha256_final                           0x00000f34   Section        0  sha256_t.o(i.sha256_final)
    i.sha256_init                            0x000010c4   Section        0  sha256_t.o(i.sha256_init)
    i.sha256_transform                       0x000010f4   Section        0  sha256_t.o(i.sha256_transform)
    i.sha256_update                          0x00001164   Section        0  sha256_t.o(i.sha256_update)
    x$fpl$fpinit                             0x000011cc   Section       14  fpinit.o(x$fpl$fpinit)
    .constdata                               0x000011dc   Section      268  main.o(.constdata)
    .constdata                               0x000012e8   Section     1024  rsa_t.o(.constdata)
    .constdata                               0x000016e8   Section       40  _printf_hex_int_ll_ptr.o(.constdata)
    uc_hextab                                0x000016e8   Data          20  _printf_hex_int_ll_ptr.o(.constdata)
    lc_hextab                                0x000016fc   Data          20  _printf_hex_int_ll_ptr.o(.constdata)
    .constdata                               0x00001710   Section       17  __printf_flags_ss_wp.o(.constdata)
    maptable                                 0x00001710   Data          17  __printf_flags_ss_wp.o(.constdata)
    .conststring                             0x00001724   Section       75  main.o(.conststring)
    .data                                    0x20000000   Section        4  main.o(.data)
    .data                                    0x20000004   Section       12  retarget.o(.data)
    .data                                    0x20000010   Section        6  interrupt.o(.data)
    .data                                    0x20000018   Section        4  system_armcm3.o(.data)
    .bss                                     0x2000001c   Section       96  libspace.o(.bss)
    HEAP                                     0x20000080   Section    73728  startup_armcm3.o(HEAP)
    Heap_Mem                                 0x20000080   Data       73728  startup_armcm3.o(HEAP)
    STACK                                    0x20012080   Section     4608  startup_armcm3.o(STACK)
    Stack_Mem                                0x20012080   Data        4608  startup_armcm3.o(STACK)
    __initial_sp                             0x20013280   Data           0  startup_armcm3.o(STACK)

    Global Symbols

    Symbol Name                              Value     Ov Type        Size  Object(Section)

    BuildAttributes$$THM_ISAv4$P$D$K$B$S$PE$FZ_POSZERO$A:L22UL41UL21$X:L11$S22US41US21$IEEE1$IW$USESV6$~STKCKD$USESV7$WCHAR32$~SHL$OTIME$ROPI$IEEEX$EBA8$UX$STANDARDLIB$REQ8$PRES8$EABIv2 0x00000000   Number         0  anon$$obj.o ABSOLUTE
    __ARM_use_no_argv                        0x00000000   Number         0  main.o ABSOLUTE
    __Vectors                                0x00000000   Data           4  startup_armcm3.o(RESET)
    _printf_flags                            0x00000000   Number         0  printf_stubs.o ABSOLUTE
    _printf_return_value                     0x00000000   Number         0  printf_stubs.o ABSOLUTE
    _printf_sizespec                         0x00000000   Number         0  printf_stubs.o ABSOLUTE
    _printf_widthprec                        0x00000000   Number         0  printf_stubs.o ABSOLUTE
    __ARM_exceptions_init                     - Undefined Weak Reference
    __alloca_initialize                       - Undefined Weak Reference
    __arm_preinit_                            - Undefined Weak Reference
    __cpp_initialize__aeabi_                  - Undefined Weak Reference
    __cxa_finalize                            - Undefined Weak Reference
    __sigvec_lookup                           - Undefined Weak Reference
    __user_heap_extent                        - Undefined Weak Reference
    _atexit_init                              - Undefined Weak Reference
    _call_atexit_fns                          - Undefined Weak Reference
    _clock_init                               - Undefined Weak Reference
    _fp_trap_big                              - Undefined Weak Reference
    _fp_trap_init                             - Undefined Weak Reference
    _fp_trap_shutdown                         - Undefined Weak Reference
    _get_lc_collate                           - Undefined Weak Reference
    _get_lc_monetary                          - Undefined Weak Reference
    _get_lc_time                              - Undefined Weak Reference
    _getenv_init                              - Undefined Weak Reference
    _handle_redirection                       - Undefined Weak Reference
    _initio                                   - Undefined Weak Reference
    _mutex_acquire                            - Undefined Weak Reference
    _mutex_free                               - Undefined Weak Reference
    _mutex_release                            - Undefined Weak Reference
    _printf_mbtowc                            - Undefined Weak Reference
    _printf_wc                                - Undefined Weak Reference
    _signal_finish                            - Undefined Weak Reference
    _signal_init                              - Undefined Weak Reference
    _terminateio                              - Undefined Weak Reference
    __Vectors_End                            0x00000088   Data           0  startup_armcm3.o(RESET)
    __Vectors_Size                           0x00000088   Number         0  startup_armcm3.o ABSOLUTE
    __main                                   0x00000089   Thumb Code     8  __main.o(!!!main)
    __scatterload                            0x00000091   Thumb Code     0  __scatter.o(!!!scatter)
    __scatterload_rt2                        0x00000091   Thumb Code    44  __scatter.o(!!!scatter)
    __scatterload_rt2_thumb_only             0x00000091   Thumb Code     0  __scatter.o(!!!scatter)
    __scatterload_null                       0x0000009f   Thumb Code     0  __scatter.o(!!!scatter)
    __scatterload_copy                       0x000000c5   Thumb Code    26  __scatter_copy.o(!!handler_copy)
    __scatterload_zeroinit                   0x000000e1   Thumb Code    28  __scatter_zi.o(!!handler_zi)
    _printf_percent                          0x000000fd   Thumb Code     0  _printf_percent.o(.ARM.Collect$$_printf_percent$$00000000)
    _printf_x                                0x000000fd   Thumb Code     0  _printf_x.o(.ARM.Collect$$_printf_percent$$0000000C)
    _printf_percent_end                      0x00000103   Thumb Code     0  _printf_percent_end.o(.ARM.Collect$$_printf_percent$$00000017)
    __rt_lib_init                            0x00000107   Thumb Code     0  libinit.o(.ARM.Collect$$libinit$$00000000)
    __rt_lib_init_fp_1                       0x00000109   Thumb Code     0  libinit2.o(.ARM.Collect$$libinit$$00000001)
    __rt_lib_init_alloca_1                   0x0000010d   Thumb Code     0  libinit2.o(.ARM.Collect$$libinit$$0000002E)
    __rt_lib_init_argv_1                     0x0000010d   Thumb Code     0  libinit2.o(.ARM.Collect$$libinit$$0000002C)
    __rt_lib_init_atexit_1                   0x0000010d   Thumb Code     0  libinit2.o(.ARM.Collect$$libinit$$0000001B)
    __rt_lib_init_clock_1                    0x0000010d   Thumb Code     0  libinit2.o(.ARM.Collect$$libinit$$00000021)
    __rt_lib_init_cpp_1                      0x0000010d   Thumb Code     0  libinit2.o(.ARM.Collect$$libinit$$00000032)
    __rt_lib_init_exceptions_1               0x0000010d   Thumb Code     0  libinit2.o(.ARM.Collect$$libinit$$00000030)
    __rt_lib_init_fp_trap_1                  0x0000010d   Thumb Code     0  libinit2.o(.ARM.Collect$$libinit$$0000001F)
    __rt_lib_init_getenv_1                   0x0000010d   Thumb Code     0  libinit2.o(.ARM.Collect$$libinit$$00000023)
    __rt_lib_init_heap_1                     0x0000010d   Thumb Code     0  libinit2.o(.ARM.Collect$$libinit$$0000000A)
    __rt_lib_init_lc_collate_1               0x0000010d   Thumb Code     0  libinit2.o(.ARM.Collect$$libinit$$00000011)
    __rt_lib_init_lc_ctype_1                 0x0000010d   Thumb Code     0  libinit2.o(.ARM.Collect$$libinit$$00000013)
    __rt_lib_init_lc_monetary_1              0x0000010d   Thumb Code     0  libinit2.o(.ARM.Collect$$libinit$$00000015)
    __rt_lib_init_lc_numeric_1               0x0000010d   Thumb Code     0  libinit2.o(.ARM.Collect$$libinit$$00000017)
    __rt_lib_init_lc_time_1                  0x0000010d   Thumb Code     0  libinit2.o(.ARM.Collect$$libinit$$00000019)
    __rt_lib_init_preinit_1                  0x0000010d   Thumb Code     0  libinit2.o(.ARM.Collect$$libinit$$00000004)
    __rt_lib_init_rand_1                     0x0000010d   Thumb Code     0  libinit2.o(.ARM.Collect$$libinit$$0000000E)
    __rt_lib_init_return                     0x0000010d   Thumb Code     0  libinit2.o(.ARM.Collect$$libinit$$00000033)
    __rt_lib_init_signal_1                   0x0000010d   Thumb Code     0  libinit2.o(.ARM.Collect$$libinit$$0000001D)
    __rt_lib_init_stdio_1                    0x0000010d   Thumb Code     0  libinit2.o(.ARM.Collect$$libinit$$00000025)
    __rt_lib_init_user_alloc_1               0x0000010d   Thumb Code     0  libinit2.o(.ARM.Collect$$libinit$$0000000C)
    __rt_lib_shutdown                        0x0000010f   Thumb Code     0  libshutdown.o(.ARM.Collect$$libshutdown$$00000000)
    __rt_lib_shutdown_cpp_1                  0x00000111   Thumb Code     0  libshutdown2.o(.ARM.Collect$$libshutdown$$00000002)
    __rt_lib_shutdown_fp_trap_1              0x00000111   Thumb Code     0  libshutdown2.o(.ARM.Collect$$libshutdown$$00000007)
    __rt_lib_shutdown_heap_1                 0x00000111   Thumb Code     0  libshutdown2.o(.ARM.Collect$$libshutdown$$0000000F)
    __rt_lib_shutdown_return                 0x00000111   Thumb Code     0  libshutdown2.o(.ARM.Collect$$libshutdown$$00000010)
    __rt_lib_shutdown_signal_1               0x00000111   Thumb Code     0  libshutdown2.o(.ARM.Collect$$libshutdown$$0000000A)
    __rt_lib_shutdown_stdio_1                0x00000111   Thumb Code     0  libshutdown2.o(.ARM.Collect$$libshutdown$$00000004)
    __rt_lib_shutdown_user_alloc_1           0x00000111   Thumb Code     0  libshutdown2.o(.ARM.Collect$$libshutdown$$0000000C)
    __rt_entry                               0x00000113   Thumb Code     0  __rtentry.o(.ARM.Collect$$rtentry$$00000000)
    __rt_entry_presh_1                       0x00000113   Thumb Code     0  __rtentry2.o(.ARM.Collect$$rtentry$$00000002)
    __rt_entry_sh                            0x00000113   Thumb Code     0  __rtentry4.o(.ARM.Collect$$rtentry$$00000004)
    __rt_entry_li                            0x00000119   Thumb Code     0  __rtentry2.o(.ARM.Collect$$rtentry$$0000000A)
    __rt_entry_postsh_1                      0x00000119   Thumb Code     0  __rtentry2.o(.ARM.Collect$$rtentry$$00000009)
    __rt_entry_main                          0x0000011d   Thumb Code     0  __rtentry2.o(.ARM.Collect$$rtentry$$0000000D)
    __rt_entry_postli_1                      0x0000011d   Thumb Code     0  __rtentry2.o(.ARM.Collect$$rtentry$$0000000C)
    __rt_exit                                0x00000125   Thumb Code     0  rtexit.o(.ARM.Collect$$rtexit$$00000000)
    __rt_exit_ls                             0x00000127   Thumb Code     0  rtexit2.o(.ARM.Collect$$rtexit$$00000003)
    __rt_exit_prels_1                        0x00000127   Thumb Code     0  rtexit2.o(.ARM.Collect$$rtexit$$00000002)
    __rt_exit_exit                           0x0000012b   Thumb Code     0  rtexit2.o(.ARM.Collect$$rtexit$$00000004)
    Reset_Handler                            0x00000131   Thumb Code     8  startup_armcm3.o(.text)
    INT_0_HANDLER                            0x00000139   Thumb Code     4  startup_armcm3.o(.text)
    INT_1_HANDLER                            0x0000013d   Thumb Code     4  startup_armcm3.o(.text)
    INT_2_HANDLER                            0x00000141   Thumb Code     4  startup_armcm3.o(.text)
    INT_3_HANDLER                            0x00000145   Thumb Code     4  startup_armcm3.o(.text)
    INT_4_HANDLER                            0x00000149   Thumb Code     4  startup_armcm3.o(.text)
    INT_5_HANDLER                            0x0000014d   Thumb Code     4  startup_armcm3.o(.text)
    INT_6_HANDLER                            0x00000151   Thumb Code     4  startup_armcm3.o(.text)
    INT_7_HANDLER                            0x00000155   Thumb Code     4  startup_armcm3.o(.text)
    INT_8_HANDLER                            0x00000159   Thumb Code     4  startup_armcm3.o(.text)
    INT_9_HANDLER                            0x0000015d   Thumb Code     4  startup_armcm3.o(.text)
    INT_10_HANDLER                           0x00000161   Thumb Code     4  startup_armcm3.o(.text)
    INT_11_HANDLER                           0x00000165   Thumb Code     4  startup_armcm3.o(.text)
    INT_12_HANDLER                           0x00000169   Thumb Code     4  startup_armcm3.o(.text)
    INT_13_HANDLER                           0x0000016d   Thumb Code     4  startup_armcm3.o(.text)
    INT_14_HANDLER                           0x00000171   Thumb Code     4  startup_armcm3.o(.text)
    INT_15_HANDLER                           0x00000175   Thumb Code     4  startup_armcm3.o(.text)
    INT_16_HANDLER                           0x00000179   Thumb Code     4  startup_armcm3.o(.text)
    INT_17_HANDLER                           0x0000017d   Thumb Code     4  startup_armcm3.o(.text)
    NMI_Handler                              0x00000181   Thumb Code     2  startup_armcm3.o(.text)
    HardFault_Handler                        0x00000183   Thumb Code     2  startup_armcm3.o(.text)
    MemManage_Handler                        0x00000185   Thumb Code     2  startup_armcm3.o(.text)
    BusFault_Handler                         0x00000187   Thumb Code     2  startup_armcm3.o(.text)
    UsageFault_Handler                       0x00000189   Thumb Code     2  startup_armcm3.o(.text)
    SVC_Handler                              0x0000018b   Thumb Code     2  startup_armcm3.o(.text)
    DebugMon_Handler                         0x0000018d   Thumb Code     2  startup_armcm3.o(.text)
    PendSV_Handler                           0x0000018f   Thumb Code     2  startup_armcm3.o(.text)
    AACI_IRQHandler                          0x00000193   Thumb Code     0  startup_armcm3.o(.text)
    CAN_IRQHandler                           0x00000193   Thumb Code     0  startup_armcm3.o(.text)
    CHLCD_IRQHandler                         0x00000193   Thumb Code     0  startup_armcm3.o(.text)
    CLCD_IRQHandler                          0x00000193   Thumb Code     0  startup_armcm3.o(.text)
    CPU_CLCD_IRQHandler                      0x00000193   Thumb Code     0  startup_armcm3.o(.text)
    ENET_IRQHandler                          0x00000193   Thumb Code     0  startup_armcm3.o(.text)
    FLEXRAY_IRQHandler                       0x00000193   Thumb Code     0  startup_armcm3.o(.text)
    I2C_IRQHandler                           0x00000193   Thumb Code     0  startup_armcm3.o(.text)
    LIN_IRQHandler                           0x00000193   Thumb Code     0  startup_armcm3.o(.text)
    MCIA_IRQHandler                          0x00000193   Thumb Code     0  startup_armcm3.o(.text)
    MCIB_IRQHandler                          0x00000193   Thumb Code     0  startup_armcm3.o(.text)
    RTC_IRQHandler                           0x00000193   Thumb Code     0  startup_armcm3.o(.text)
    SPI_IRQHandler                           0x00000193   Thumb Code     0  startup_armcm3.o(.text)
    TIM0_IRQHandler                          0x00000193   Thumb Code     0  startup_armcm3.o(.text)
    TIM2_IRQHandler                          0x00000193   Thumb Code     0  startup_armcm3.o(.text)
    UART0_IRQHandler                         0x00000193   Thumb Code     0  startup_armcm3.o(.text)
    UART1_IRQHandler                         0x00000193   Thumb Code     0  startup_armcm3.o(.text)
    UART2_IRQHandler                         0x00000193   Thumb Code     0  startup_armcm3.o(.text)
    UART3_IRQHandler                         0x00000193   Thumb Code     0  startup_armcm3.o(.text)
    UART4_IRQHandler                         0x00000193   Thumb Code     0  startup_armcm3.o(.text)
    USBDC_IRQHandler                         0x00000193   Thumb Code     0  startup_armcm3.o(.text)
    USBHC_IRQHandler                         0x00000193   Thumb Code     0  startup_armcm3.o(.text)
    WDT_IRQHandler                           0x00000193   Thumb Code     0  startup_armcm3.o(.text)
    __user_initial_stackheap                 0x00000195   Thumb Code    10  startup_armcm3.o(.text)
    __I$use$semihosting                      0x000001fd   Thumb Code     0  use_no_semi.o(.text)
    __use_no_semihosting_swi                 0x000001fd   Thumb Code     2  use_no_semi.o(.text)
    __2printf                                0x00000201   Thumb Code    20  __2printf.o(.text)
    _printf_pre_padding                      0x00000219   Thumb Code    44  _printf_pad.o(.text)
    _printf_post_padding                     0x00000245   Thumb Code    34  _printf_pad.o(.text)
    _printf_longlong_hex                     0x00000269   Thumb Code    86  _printf_hex_int_ll_ptr.o(.text)
    _printf_int_hex                          0x000002bf   Thumb Code    28  _printf_hex_int_ll_ptr.o(.text)
    _printf_ll_hex                           0x000002db   Thumb Code    12  _printf_hex_int_ll_ptr.o(.text)
    _printf_hex_ptr                          0x000002e7   Thumb Code    18  _printf_hex_int_ll_ptr.o(.text)
    __printf                                 0x000002fd   Thumb Code   388  __printf_flags_ss_wp.o(.text)
    exit                                     0x00000485   Thumb Code    18  exit.o(.text)
    __aeabi_memcpy4                          0x00000497   Thumb Code     0  rt_memcpy_w.o(.text)
    __aeabi_memcpy8                          0x00000497   Thumb Code     0  rt_memcpy_w.o(.text)
    __rt_memcpy_w                            0x00000497   Thumb Code   100  rt_memcpy_w.o(.text)
    _memcpy_lastbytes_aligned                0x000004df   Thumb Code     0  rt_memcpy_w.o(.text)
    __aeabi_memclr4                          0x000004fb   Thumb Code     0  rt_memclr_w.o(.text)
    __aeabi_memclr8                          0x000004fb   Thumb Code     0  rt_memclr_w.o(.text)
    __rt_memclr_w                            0x000004fb   Thumb Code    78  rt_memclr_w.o(.text)
    _memset_w                                0x000004ff   Thumb Code     0  rt_memclr_w.o(.text)
    __use_two_region_memory                  0x00000549   Thumb Code     2  heapauxi.o(.text)
    __rt_heap_escrow                         0x0000054b   Thumb Code     2  heapauxi.o(.text)
    __rt_heap_expand                         0x0000054d   Thumb Code     2  heapauxi.o(.text)
    __rt_fp_status_addr                      0x00000551   Thumb Code     8  rt_fp_status_addr_intlibspace.o(.text)
    _printf_int_common                       0x00000559   Thumb Code   178  _printf_intcommon.o(.text)
    _printf_char_common                      0x00000617   Thumb Code    32  _printf_char_common.o(.text)
    _printf_char_file                        0x0000063d   Thumb Code    32  _printf_char_file.o(.text)
    __user_libspace                          0x00000661   Thumb Code     8  libspace.o(.text)
    __user_perproc_libspace                  0x00000661   Thumb Code     0  libspace.o(.text)
    __user_perthread_libspace                0x00000661   Thumb Code     0  libspace.o(.text)
    __user_setup_stackheap                   0x00000669   Thumb Code    74  sys_stackheap_outer.o(.text)
    GPIO_SETHIGH                             0x000006b5   Thumb Code    22  irq_test.o(i.GPIO_SETHIGH)
    GPIO_SETLOW                              0x000006e1   Thumb Code    26  irq_test.o(i.GPIO_SETLOW)
    GPIO_reset                               0x00000711   Thumb Code   144  cb_api.o(i.GPIO_reset)
    Interrupt0                               0x000007b5   Thumb Code    34  interrupt.o(i.Interrupt0)
    Interrupt1                               0x000007f1   Thumb Code    10  interrupt.o(i.Interrupt1)
    Interrupt10                              0x0000080d   Thumb Code    26  interrupt.o(i.Interrupt10)
    Interrupt12                              0x0000083d   Thumb Code    10  interrupt.o(i.Interrupt12)
    Interrupt13                              0x00000859   Thumb Code    10  interrupt.o(i.Interrupt13)
    Interrupt14                              0x00000875   Thumb Code    10  interrupt.o(i.Interrupt14)
    Interrupt15                              0x00000891   Thumb Code    10  interrupt.o(i.Interrupt15)
    Interrupt16                              0x000008b1   Thumb Code    28  interrupt.o(i.Interrupt16)
    Interrupt17                              0x000008f1   Thumb Code    22  interrupt.o(i.Interrupt17)
    Interrupt2                               0x00000921   Thumb Code    10  interrupt.o(i.Interrupt2)
    Interrupt3                               0x0000093d   Thumb Code    10  interrupt.o(i.Interrupt3)
    Interrupt4                               0x00000959   Thumb Code    10  interrupt.o(i.Interrupt4)
    Interrupt5                               0x00000975   Thumb Code    10  interrupt.o(i.Interrupt5)
    Interrupt6                               0x00000991   Thumb Code    18  interrupt.o(i.Interrupt6)
    Interrupt7                               0x000009b9   Thumb Code    10  interrupt.o(i.Interrupt7)
    Interrupt8                               0x000009d5   Thumb Code    10  interrupt.o(i.Interrupt8)
    Interrupt9                               0x000009f1   Thumb Code    10  interrupt.o(i.Interrupt9)
    SysTick_Handler                          0x00000a0d   Thumb Code    12  main.o(i.SysTick_Handler)
    SystemInit                               0x00000a1d   Thumb Code     8  system_armcm3.o(i.SystemInit)
    UartPutc                                 0x00000a2d   Thumb Code    20  uart_stdout.o(i.UartPutc)
    UartStdOutInit                           0x00000a45   Thumb Code    92  uart_stdout.o(i.UartStdOutInit)
    _is_digit                                0x00000aad   Thumb Code    14  __printf_wp.o(i._is_digit)
    _sys_exit                                0x00000abb   Thumb Code     4  retarget.o(i._sys_exit)
    delay_us                                 0x00000abf   Thumb Code    22  system_armcm3.o(i.delay_us)
    ferror                                   0x00000ad5   Thumb Code     8  retarget.o(i.ferror)
    fputc                                    0x00000add   Thumb Code    14  retarget.o(i.fputc)
    init_master_spi                          0x00000aed   Thumb Code    32  spi_interface.o(i.init_master_spi)
    main                                     0x00000b15   Thumb Code   240  main.o(i.main)
    pkcc_RSA                                 0x00000c7d   Thumb Code   178  pkcc_module.o(i.pkcc_RSA)
    rsa_set_length                           0x00000d39   Thumb Code    36  pkcc_module.o(i.rsa_set_length)
    rsa_set_op_status                        0x00000d5d   Thumb Code    42  pkcc_module.o(i.rsa_set_op_status)
    rsa_test_decrypt                         0x00000d89   Thumb Code   114  rsa_t.o(i.rsa_test_decrypt)
    rsa_test_encrypt                         0x00000e29   Thumb Code   170  rsa_t.o(i.rsa_test_encrypt)
    sha256                                   0x00000f0d   Thumb Code    38  main.o(i.sha256)
    sha256_final                             0x00000f35   Thumb Code   392  sha256_t.o(i.sha256_final)
    sha256_init                              0x000010c5   Thumb Code    42  sha256_t.o(i.sha256_init)
    sha256_transform                         0x000010f5   Thumb Code   106  sha256_t.o(i.sha256_transform)
    sha256_update                            0x00001165   Thumb Code    98  sha256_t.o(i.sha256_update)
    _fp_init                                 0x000011cd   Thumb Code    14  fpinit.o(x$fpl$fpinit)
    __fplib_config_pureend_doubles           0x000011d9   Thumb Code     0  fpinit.o(x$fpl$fpinit)
    Region$$Table$$Base                      0x00001770   Number         0  anon$$obj.o(Region$$Table)
    Region$$Table$$Limit                     0x00001790   Number         0  anon$$obj.o(Region$$Table)
    sys_msec                                 0x20000000   Data           4  main.o(.data)
    __stdout                                 0x20000004   Data           4  retarget.o(.data)
    __stdin                                  0x20000008   Data           4  retarget.o(.data)
    __stderr                                 0x2000000c   Data           4  retarget.o(.data)
    kkk                                      0x20000010   Data           4  interrupt.o(.data)
    irq_status                               0x20000014   Data           1  interrupt.o(.data)
    irq_res                                  0x20000015   Data           1  interrupt.o(.data)
    SystemCoreClock                          0x20000018   Data           4  system_armcm3.o(.data)
    __libspace_start                         0x2000001c   Data          96  libspace.o(.bss)
    __temporary_stack_top$libspace           0x2000007c   Data           0  libspace.o(.bss)



==============================================================================

Memory Map of the image

  Image Entry point : 0x00000089

  Load Region LR_IROM1 (Base: 0x00000000, Size: 0x000017ac, Max: 0x00040000, ABSOLUTE)

    Execution Region ER_IROM1 (Base: 0x00000000, Size: 0x00001790, Max: 0x00040000, ABSOLUTE)

    Base Addr    Size         Type   Attr      Idx    E Section Name        Object

    0x00000000   0x00000088   Data   RO         6185    RESET               startup_armcm3.o
    0x00000088   0x00000008   Code   RO         7093  * !!!main             c_wu.l(__main.o)
    0x00000090   0x00000034   Code   RO         7468    !!!scatter          c_wu.l(__scatter.o)
    0x000000c4   0x0000001a   Code   RO         7470    !!handler_copy      c_wu.l(__scatter_copy.o)
    0x000000de   0x00000002   PAD
    0x000000e0   0x0000001c   Code   RO         7472    !!handler_zi        c_wu.l(__scatter_zi.o)
    0x000000fc   0x00000000   Code   RO         7049    .ARM.Collect$$_printf_percent$$00000000  c_wu.l(_printf_percent.o)
    0x000000fc   0x00000006   Code   RO         7047    .ARM.Collect$$_printf_percent$$0000000C  c_wu.l(_printf_x.o)
    0x00000102   0x00000004   Code   RO         7191    .ARM.Collect$$_printf_percent$$00000017  c_wu.l(_printf_percent_end.o)
    0x00000106   0x00000002   Code   RO         7411    .ARM.Collect$$libinit$$00000000  c_wu.l(libinit.o)
    0x00000108   0x00000004   Code   RO         7209    .ARM.Collect$$libinit$$00000001  c_wu.l(libinit2.o)
    0x0000010c   0x00000000   Code   RO         7212    .ARM.Collect$$libinit$$00000004  c_wu.l(libinit2.o)
    0x0000010c   0x00000000   Code   RO         7215    .ARM.Collect$$libinit$$0000000A  c_wu.l(libinit2.o)
    0x0000010c   0x00000000   Code   RO         7217    .ARM.Collect$$libinit$$0000000C  c_wu.l(libinit2.o)
    0x0000010c   0x00000000   Code   RO         7219    .ARM.Collect$$libinit$$0000000E  c_wu.l(libinit2.o)
    0x0000010c   0x00000000   Code   RO         7222    .ARM.Collect$$libinit$$00000011  c_wu.l(libinit2.o)
    0x0000010c   0x00000000   Code   RO         7224    .ARM.Collect$$libinit$$00000013  c_wu.l(libinit2.o)
    0x0000010c   0x00000000   Code   RO         7226    .ARM.Collect$$libinit$$00000015  c_wu.l(libinit2.o)
    0x0000010c   0x00000000   Code   RO         7228    .ARM.Collect$$libinit$$00000017  c_wu.l(libinit2.o)
    0x0000010c   0x00000000   Code   RO         7230    .ARM.Collect$$libinit$$00000019  c_wu.l(libinit2.o)
    0x0000010c   0x00000000   Code   RO         7232    .ARM.Collect$$libinit$$0000001B  c_wu.l(libinit2.o)
    0x0000010c   0x00000000   Code   RO         7234    .ARM.Collect$$libinit$$0000001D  c_wu.l(libinit2.o)
    0x0000010c   0x00000000   Code   RO         7236    .ARM.Collect$$libinit$$0000001F  c_wu.l(libinit2.o)
    0x0000010c   0x00000000   Code   RO         7238    .ARM.Collect$$libinit$$00000021  c_wu.l(libinit2.o)
    0x0000010c   0x00000000   Code   RO         7240    .ARM.Collect$$libinit$$00000023  c_wu.l(libinit2.o)
    0x0000010c   0x00000000   Code   RO         7242    .ARM.Collect$$libinit$$00000025  c_wu.l(libinit2.o)
    0x0000010c   0x00000000   Code   RO         7246    .ARM.Collect$$libinit$$0000002C  c_wu.l(libinit2.o)
    0x0000010c   0x00000000   Code   RO         7248    .ARM.Collect$$libinit$$0000002E  c_wu.l(libinit2.o)
    0x0000010c   0x00000000   Code   RO         7250    .ARM.Collect$$libinit$$00000030  c_wu.l(libinit2.o)
    0x0000010c   0x00000000   Code   RO         7252    .ARM.Collect$$libinit$$00000032  c_wu.l(libinit2.o)
    0x0000010c   0x00000002   Code   RO         7253    .ARM.Collect$$libinit$$00000033  c_wu.l(libinit2.o)
    0x0000010e   0x00000002   Code   RO         7412    .ARM.Collect$$libshutdown$$00000000  c_wu.l(libshutdown.o)
    0x00000110   0x00000000   Code   RO         7431    .ARM.Collect$$libshutdown$$00000002  c_wu.l(libshutdown2.o)
    0x00000110   0x00000000   Code   RO         7433    .ARM.Collect$$libshutdown$$00000004  c_wu.l(libshutdown2.o)
    0x00000110   0x00000000   Code   RO         7436    .ARM.Collect$$libshutdown$$00000007  c_wu.l(libshutdown2.o)
    0x00000110   0x00000000   Code   RO         7439    .ARM.Collect$$libshutdown$$0000000A  c_wu.l(libshutdown2.o)
    0x00000110   0x00000000   Code   RO         7441    .ARM.Collect$$libshutdown$$0000000C  c_wu.l(libshutdown2.o)
    0x00000110   0x00000000   Code   RO         7444    .ARM.Collect$$libshutdown$$0000000F  c_wu.l(libshutdown2.o)
    0x00000110   0x00000002   Code   RO         7445    .ARM.Collect$$libshutdown$$00000010  c_wu.l(libshutdown2.o)
    0x00000112   0x00000000   Code   RO         7117    .ARM.Collect$$rtentry$$00000000  c_wu.l(__rtentry.o)
    0x00000112   0x00000000   Code   RO         7279    .ARM.Collect$$rtentry$$00000002  c_wu.l(__rtentry2.o)
    0x00000112   0x00000006   Code   RO         7291    .ARM.Collect$$rtentry$$00000004  c_wu.l(__rtentry4.o)
    0x00000118   0x00000000   Code   RO         7281    .ARM.Collect$$rtentry$$00000009  c_wu.l(__rtentry2.o)
    0x00000118   0x00000004   Code   RO         7282    .ARM.Collect$$rtentry$$0000000A  c_wu.l(__rtentry2.o)
    0x0000011c   0x00000000   Code   RO         7284    .ARM.Collect$$rtentry$$0000000C  c_wu.l(__rtentry2.o)
    0x0000011c   0x00000008   Code   RO         7285    .ARM.Collect$$rtentry$$0000000D  c_wu.l(__rtentry2.o)
    0x00000124   0x00000002   Code   RO         7118    .ARM.Collect$$rtexit$$00000000  c_wu.l(rtexit.o)
    0x00000126   0x00000000   Code   RO         7294    .ARM.Collect$$rtexit$$00000002  c_wu.l(rtexit2.o)
    0x00000126   0x00000004   Code   RO         7295    .ARM.Collect$$rtexit$$00000003  c_wu.l(rtexit2.o)
    0x0000012a   0x00000006   Code   RO         7296    .ARM.Collect$$rtexit$$00000004  c_wu.l(rtexit2.o)
    0x00000130   0x000000cc   Code   RO         6186    .text               startup_armcm3.o
    0x000001fc   0x00000002   Code   RO         6915    .text               c_wu.l(use_no_semi.o)
    0x000001fe   0x00000002   PAD
    0x00000200   0x00000018   Code   RO         6989    .text               c_wu.l(__2printf.o)
    0x00000218   0x0000004e   Code   RO         6999    .text               c_wu.l(_printf_pad.o)
    0x00000266   0x00000002   PAD
    0x00000268   0x00000094   Code   RO         7023    .text               c_wu.l(_printf_hex_int_ll_ptr.o)
    0x000002fc   0x00000188   Code   RO         7043    .text               c_wu.l(__printf_flags_ss_wp.o)
    0x00000484   0x00000012   Code   RO         7059    .text               c_wu.l(exit.o)
    0x00000496   0x00000064   Code   RO         7079    .text               c_wu.l(rt_memcpy_w.o)
    0x000004fa   0x0000004e   Code   RO         7087    .text               c_wu.l(rt_memclr_w.o)
    0x00000548   0x00000006   Code   RO         7091    .text               c_wu.l(heapauxi.o)
    0x0000054e   0x00000002   PAD
    0x00000550   0x00000008   Code   RO         7127    .text               c_wu.l(rt_fp_status_addr_intlibspace.o)
    0x00000558   0x000000b2   Code   RO         7156    .text               c_wu.l(_printf_intcommon.o)
    0x0000060a   0x00000002   PAD
    0x0000060c   0x00000030   Code   RO         7160    .text               c_wu.l(_printf_char_common.o)
    0x0000063c   0x00000024   Code   RO         7168    .text               c_wu.l(_printf_char_file.o)
    0x00000660   0x00000008   Code   RO         7275    .text               c_wu.l(libspace.o)
    0x00000668   0x0000004a   Code   RO         7345    .text               c_wu.l(sys_stackheap_outer.o)
    0x000006b2   0x00000002   PAD
    0x000006b4   0x0000002c   Code   RO         5955    i.GPIO_SETHIGH      irq_test.o
    0x000006e0   0x00000030   Code   RO         5956    i.GPIO_SETLOW       irq_test.o
    0x00000710   0x000000a4   Code   RO          641    i.GPIO_reset        cb_api.o
    0x000007b4   0x0000003c   Code   RO         6018    i.Interrupt0        interrupt.o
    0x000007f0   0x0000001c   Code   RO         6019    i.Interrupt1        interrupt.o
    0x0000080c   0x00000030   Code   RO         6020    i.Interrupt10       interrupt.o
    0x0000083c   0x0000001c   Code   RO         6022    i.Interrupt12       interrupt.o
    0x00000858   0x0000001c   Code   RO         6023    i.Interrupt13       interrupt.o
    0x00000874   0x0000001c   Code   RO         6024    i.Interrupt14       interrupt.o
    0x00000890   0x00000020   Code   RO         6025    i.Interrupt15       interrupt.o
    0x000008b0   0x00000040   Code   RO         6026    i.Interrupt16       interrupt.o
    0x000008f0   0x00000030   Code   RO         6027    i.Interrupt17       interrupt.o
    0x00000920   0x0000001c   Code   RO         6028    i.Interrupt2        interrupt.o
    0x0000093c   0x0000001c   Code   RO         6029    i.Interrupt3        interrupt.o
    0x00000958   0x0000001c   Code   RO         6030    i.Interrupt4        interrupt.o
    0x00000974   0x0000001c   Code   RO         6031    i.Interrupt5        interrupt.o
    0x00000990   0x00000028   Code   RO         6032    i.Interrupt6        interrupt.o
    0x000009b8   0x0000001c   Code   RO         6033    i.Interrupt7        interrupt.o
    0x000009d4   0x0000001c   Code   RO         6034    i.Interrupt8        interrupt.o
    0x000009f0   0x0000001c   Code   RO         6035    i.Interrupt9        interrupt.o
    0x00000a0c   0x00000010   Code   RO            4    i.SysTick_Handler   main.o
    0x00000a1c   0x00000010   Code   RO         6194    i.SystemInit        system_armcm3.o
    0x00000a2c   0x00000018   Code   RO          536    i.UartPutc          uart_stdout.o
    0x00000a44   0x00000068   Code   RO          537    i.UartStdOutInit    uart_stdout.o
    0x00000aac   0x0000000e   Code   RO         7036    i._is_digit         c_wu.l(__printf_wp.o)
    0x00000aba   0x00000004   Code   RO          354    i._sys_exit         retarget.o
    0x00000abe   0x00000016   Code   RO         6196    i.delay_us          system_armcm3.o
    0x00000ad4   0x00000008   Code   RO          356    i.ferror            retarget.o
    0x00000adc   0x0000000e   Code   RO          358    i.fputc             retarget.o
    0x00000aea   0x00000002   PAD
    0x00000aec   0x00000028   Code   RO          411    i.init_master_spi   spi_interface.o
    0x00000b14   0x00000168   Code   RO            5    i.main              main.o
    0x00000c7c   0x000000bc   Code   RO         5604    i.pkcc_RSA          pkcc_module.o
    0x00000d38   0x00000024   Code   RO         5609    i.rsa_set_length    pkcc_module.o
    0x00000d5c   0x0000002a   Code   RO         5610    i.rsa_set_op_status  pkcc_module.o
    0x00000d86   0x00000002   PAD
    0x00000d88   0x000000a0   Code   RO         5849    i.rsa_test_decrypt  rsa_t.o
    0x00000e28   0x000000e4   Code   RO         5850    i.rsa_test_encrypt  rsa_t.o
    0x00000f0c   0x00000026   Code   RO            6    i.sha256            main.o
    0x00000f32   0x00000002   PAD
    0x00000f34   0x00000190   Code   RO         5377    i.sha256_final      sha256_t.o
    0x000010c4   0x00000030   Code   RO         5380    i.sha256_init       sha256_t.o
    0x000010f4   0x00000070   Code   RO         5384    i.sha256_transform  sha256_t.o
    0x00001164   0x00000068   Code   RO         5385    i.sha256_update     sha256_t.o
    0x000011cc   0x0000000e   Code   RO         7338    x$fpl$fpinit        g_ws.l(fpinit.o)
    0x000011da   0x00000002   PAD
    0x000011dc   0x0000010c   Data   RO            7    .constdata          main.o
    0x000012e8   0x00000400   Data   RO         5851    .constdata          rsa_t.o
    0x000016e8   0x00000028   Data   RO         7024    .constdata          c_wu.l(_printf_hex_int_ll_ptr.o)
    0x00001710   0x00000011   Data   RO         7044    .constdata          c_wu.l(__printf_flags_ss_wp.o)
    0x00001721   0x00000003   PAD
    0x00001724   0x0000004b   Data   RO            8    .conststring        main.o
    0x0000176f   0x00000001   PAD
    0x00001770   0x00000020   Data   RO         7466    Region$$Table       anon$$obj.o


    Execution Region RW_IRAM1 (Base: 0x20000000, Size: 0x00013280, Max: 0x00020000, ABSOLUTE)

    Base Addr    Size         Type   Attr      Idx    E Section Name        Object

    0x20000000   0x00000004   Data   RW            9    .data               main.o
    0x20000004   0x0000000c   Data   RW          359    .data               retarget.o
    0x20000010   0x00000006   Data   RW         6038    .data               interrupt.o
    0x20000016   0x00000002   PAD
    0x20000018   0x00000004   Data   RW         6197    .data               system_armcm3.o
    0x2000001c   0x00000060   Zero   RW         7276    .bss                c_wu.l(libspace.o)
    0x2000007c   0x00000004   PAD
    0x20000080   0x00012000   Zero   RW         6184    HEAP                startup_armcm3.o
    0x20012080   0x00001200   Zero   RW         6183    STACK               startup_armcm3.o


==============================================================================

Image component sizes


      Code (inc. data)   RO Data    RW Data    ZI Data      Debug   Object Name

       164         20          0          0          0        553   cb_api.o
         0          0          0          0          0        484   ecdh.o
       600        352          0          6          0       8589   interrupt.o
        92         44          0          0          0        985   irq_test.o
       414        124        343          4          0      10101   main.o
       266         10          0          0          0       2592   pkcc_module.o
        26          0          0         12          0       3447   retarget.o
       388        104       1024          0          0       1982   rsa_t.o
       664         26          0          0          0       3244   sha256_t.o
        40          8          0          0          0        486   spi_interface.o
       204         94        136          0      78336       1676   startup_armcm3.o
        38          8          0          4          0       1722   system_armcm3.o
       128         16          0          0          0       1168   uart_stdout.o

    ----------------------------------------------------------------------
      3030        806       1536         28      78336      37029   Object Totals
         0          0         32          0          0          0   (incl. Generated)
         6          0          1          2          0          0   (incl. Padding)

    ----------------------------------------------------------------------

      Code (inc. data)   RO Data    RW Data    ZI Data      Debug   Library Member Name

        24          4          0          0          0         84   __2printf.o
         8          0          0          0          0         68   __main.o
       392          4         17          0          0         92   __printf_flags_ss_wp.o
        14          0          0          0          0         68   __printf_wp.o
         0          0          0          0          0          0   __rtentry.o
        12          0          0          0          0          0   __rtentry2.o
         6          0          0          0          0          0   __rtentry4.o
        52          8          0          0          0          0   __scatter.o
        26          0          0          0          0          0   __scatter_copy.o
        28          0          0          0          0          0   __scatter_zi.o
        48          6          0          0          0         96   _printf_char_common.o
        36          4          0          0          0         80   _printf_char_file.o
       148          4         40          0          0        160   _printf_hex_int_ll_ptr.o
       178          0          0          0          0         88   _printf_intcommon.o
        78          0          0          0          0        108   _printf_pad.o
         0          0          0          0          0          0   _printf_percent.o
         4          0          0          0          0          0   _printf_percent_end.o
         6          0          0          0          0          0   _printf_x.o
        18          0          0          0          0         80   exit.o
         6          0          0          0          0        152   heapauxi.o
         2          0          0          0          0          0   libinit.o
         6          0          0          0          0          0   libinit2.o
         2          0          0          0          0          0   libshutdown.o
         2          0          0          0          0          0   libshutdown2.o
         8          4          0          0         96         68   libspace.o
         8          4          0          0          0         68   rt_fp_status_addr_intlibspace.o
        78          0          0          0          0         80   rt_memclr_w.o
       100          0          0          0          0         80   rt_memcpy_w.o
         2          0          0          0          0          0   rtexit.o
        10          0          0          0          0          0   rtexit2.o
        74          0          0          0          0         80   sys_stackheap_outer.o
         2          0          0          0          0         68   use_no_semi.o
        14          0          0          0          0         76   fpinit.o

    ----------------------------------------------------------------------
      1406         38         60          0        100       1596   Library Totals
        14          0          3          0          4          0   (incl. Padding)

    ----------------------------------------------------------------------

      Code (inc. data)   RO Data    RW Data    ZI Data      Debug   Library Name

      1378         38         57          0         96       1520   c_wu.l
        14          0          0          0          0         76   g_ws.l

    ----------------------------------------------------------------------
      1406         38         60          0        100       1596   Library Totals

    ----------------------------------------------------------------------

==============================================================================


      Code (inc. data)   RO Data    RW Data    ZI Data      Debug   

      4436        844       1596         28      78436      36021   Grand Totals
      4436        844       1596         28      78436      36021   ELF Image Totals
      4436        844       1596         28          0          0   ROM Totals

==============================================================================

    Total RO  Size (Code + RO Data)                 6032 (   5.89kB)
    Total RW  Size (RW Data + ZI Data)             78464 (  76.63kB)
    Total ROM Size (Code + RO Data + RW Data)       6060 (   5.92kB)

==============================================================================

