<html>
<body>
<pre>
<h1>킮ision Build Log</h1>
<h2>Tool Versions:</h2>
IDE-Version: μVision V5.21.1.0
Copyright (C) 2016 ARM Ltd and ARM Germany GmbH. All rights reserved.
License Information: kibong kang, KYUNGHEE, LIC=9WSAR-KVXJM-ADPKK-Z9GS0-4WUZ5-AI2TA
 
Tool Versions:
Toolchain:       MDK-ARM Plus  Version: 5.21a
Toolchain Path:  C:\Keil_v5\ARM\ARMCC\Bin
C Compiler:      Armcc.exe V5.06 update 3 (build 300)
Assembler:       Armasm.exe V5.06 update 3 (build 300)
Linker/Locator:  ArmLink.exe V5.06 update 3 (build 300)
Library Manager: ArmAr.exe V5.06 update 3 (build 300)
Hex Converter:   FromElf.exe V5.06 update 3 (build 300)
CPU DLL:         SARMCM3.DLL V5.21a
Dialog DLL:      DCM.DLL V1.13.8.0
Target DLL:      UL2CM3.DLL V1.158.5.0
Dialog DLL:      TCM.DLL V1.14.14.0
 
<h2>Project:</h2>
C:\Users\kibong\Desktop\neowine\Neowine 개발자료\BL2\CM3_dalpu6_20220527\CM3_dalpu6\MDK-ARM\Dalpu6_FP.uvprojx
Project File Date:  09/08/2022

<h2>Output:</h2>
*** Using Compiler 'V5.06 update 3 (build 300)', folder: 'C:\Keil_v5\ARM\ARMCC\Bin'
Build target 'Dalpu6_FP_2'
Clean started - Project: 'Dalpu6_FP'
   deleting intermediate output files for target 'Dalpu6_FP_2'
compiling main.c...
..\Inc\cm0ik_reg.h(39): warning:  #47-D: incompatible redefinition of macro "UART_BASE" (declared at line 1323 of "..\Inc\CMSDK_CM3.h")
  #define UART_BASE             ((volatile unsigned int *)(0x40002000))
..\Inc\cm0ik_reg.h(40): warning:  #47-D: incompatible redefinition of macro "UART_DR" (declared at line 1324 of "..\Inc\CMSDK_CM3.h")
  #define UART_DR               ((volatile unsigned int *)(0x40002000 + 0x0000))
..\Inc\cm0ik_reg.h(41): warning:  #47-D: incompatible redefinition of macro "UART_RSR" (declared at line 1325 of "..\Inc\CMSDK_CM3.h")
  #define UART_RSR              ((volatile unsigned int *)(0x40002000 + 0x0004))
..\Inc\cm0ik_reg.h(42): warning:  #47-D: incompatible redefinition of macro "UART_ECR" (declared at line 1326 of "..\Inc\CMSDK_CM3.h")
  #define UART_ECR              ((volatile unsigned int *)(0x40002000 + 0x0004))
..\Inc\cm0ik_reg.h(43): warning:  #47-D: incompatible redefinition of macro "UART_FR" (declared at line 1327 of "..\Inc\CMSDK_CM3.h")
  #define UART_FR               ((volatile unsigned int *)(0x40002000 + 0x0018))
..\Inc\cm0ik_reg.h(44): warning:  #47-D: incompatible redefinition of macro "UART_ILPR" (declared at line 1328 of "..\Inc\CMSDK_CM3.h")
  #define UART_ILPR             ((volatile unsigned int *)(0x40002000 + 0x0020))
..\Inc\cm0ik_reg.h(45): warning:  #47-D: incompatible redefinition of macro "UART_IBRD" (declared at line 1329 of "..\Inc\CMSDK_CM3.h")
  #define UART_IBRD             ((volatile unsigned int *)(0x40002000 + 0x0024))
..\Inc\cm0ik_reg.h(46): warning:  #47-D: incompatible redefinition of macro "UART_FBRD" (declared at line 1330 of "..\Inc\CMSDK_CM3.h")
  #define UART_FBRD             ((volatile unsigned int *)(0x40002000 + 0x0028))
..\Inc\cm0ik_reg.h(47): warning:  #47-D: incompatible redefinition of macro "UART_LCR_H" (declared at line 1331 of "..\Inc\CMSDK_CM3.h")
  #define UART_LCR_H            ((volatile unsigned int *)(0x40002000 + 0x002C))
..\Inc\cm0ik_reg.h(48): warning:  #47-D: incompatible redefinition of macro "UART_CR" (declared at line 1332 of "..\Inc\CMSDK_CM3.h")
  #define UART_CR               ((volatile unsigned int *)(0x40002000 + 0x0030))
..\Inc\cm0ik_reg.h(49): warning:  #47-D: incompatible redefinition of macro "UART_IFLS" (declared at line 1333 of "..\Inc\CMSDK_CM3.h")
  #define UART_IFLS             ((volatile unsigned int *)(0x40002000 + 0x0034))
..\Inc\cm0ik_reg.h(50): warning:  #47-D: incompatible redefinition of macro "UART_IMSC" (declared at line 1334 of "..\Inc\CMSDK_CM3.h")
  #define UART_IMSC             ((volatile unsigned int *)(0x40002000 + 0x0038))
..\Inc\cm0ik_reg.h(51): warning:  #47-D: incompatible redefinition of macro "UART_RIS" (declared at line 1335 of "..\Inc\CMSDK_CM3.h")
  #define UART_RIS              ((volatile unsigned int *)(0x40002000 + 0x003C))
..\Inc\cm0ik_reg.h(52): warning:  #47-D: incompatible redefinition of macro "UART_MIS" (declared at line 1336 of "..\Inc\CMSDK_CM3.h")
  #define UART_MIS              ((volatile unsigned int *)(0x40002000 + 0x0040))
..\Inc\cm0ik_reg.h(53): warning:  #47-D: incompatible redefinition of macro "UART_ICR" (declared at line 1337 of "..\Inc\CMSDK_CM3.h")
  #define UART_ICR              ((volatile unsigned int *)(0x40002000 + 0x0044))
..\Inc\cm0ik_reg.h(54): warning:  #47-D: incompatible redefinition of macro "UART_DMACR" (declared at line 1338 of "..\Inc\CMSDK_CM3.h")
  #define UART_DMACR            ((volatile unsigned int *)(0x40002000 + 0x0048))
..\src\main.c(15): warning:  #1295-D: Deprecated declaration sha256_test - give arg types
  extern int sha256_test();
..\src\main.c(18): warning:  #1295-D: Deprecated declaration ecdh_pkcc_function_call_test - give arg types
  extern int ecdh_pkcc_function_call_test();
..\src\main.c(19): warning:  #1295-D: Deprecated declaration ec_elgamal_test - give arg types
  extern void ec_elgamal_test();
..\src\main.c(20): warning:  #1295-D: Deprecated declaration ecdsa_sign_function_test - give arg types
  extern void ecdsa_sign_function_test();
..\src\main.c(21): warning:  #1295-D: Deprecated declaration ecdsa_verify_function_test - give arg types
  extern void ecdsa_verify_function_test();
..\src\main.c(24): warning:  #1295-D: Deprecated declaration aes_gcm_test - give arg types
  extern void aes_gcm_test();
..\src\main.c(26): warning:  #1295-D: Deprecated declaration ecc_ECPD_256_test - give arg types
  extern void ecc_ECPD_256_test();
..\src\main.c(27): warning:  #1295-D: Deprecated declaration ecc_MS_256_test - give arg types
  extern void ecc_MS_256_test();
..\src\main.c(28): warning:  #1295-D: Deprecated declaration ecc_MD_256_test - give arg types
  extern void ecc_MD_256_test();
..\src\main.c(31): warning:  #1295-D: Deprecated declaration GPIO_reset - give arg types
  extern void GPIO_reset();
..\src\main.c(32): warning:  #1295-D: Deprecated declaration finger_print_test - give arg types
  extern int finger_print_test();
..\src\main.c(38): warning:  #1295-D: Deprecated declaration init_interrupt - give arg types
  extern void init_interrupt();
..\src\main.c(56): warning:  #177-D: variable "ret" was declared but never referenced
                int ret = 1;
..\src\main.c(110): warning:  #550-D: variable "ver" was set but never used
                uint32_t * ver;
..\src\main.c(116): warning:  #177-D: variable "what_we_made" was declared but never referenced
                uint32_t result[64], what_we_made[64];
..\src\main.c(144): warning:  #177-D: variable "rjar" was declared but never referenced
                uint32_t *rjar;
..\src\main.c: 32 warnings, 0 errors
compiling CMSDK_driver.c...
compiling retarget.c...
compiling spi_interface.c...
..\Inc\d6_config.h(3): warning:  #47-D: incompatible redefinition of macro "RCM3_EEP_CTRL" (declared at line 1280 of "..\Inc\CMSDK_CM3.h")
  #define RCM3_EEP_CTRL                   ((volatile unsigned int *)(0x00100000 + 0x00))
..\Inc\d6_config.h(4): warning:  #47-D: incompatible redefinition of macro "RCM3_EEP_BYFB_LEN_ADDR" (declared at line 1281 of "..\Inc\CMSDK_CM3.h")
  #define RCM3_EEP_BYFB_LEN_ADDR          ((volatile unsigned int *)(0x00100000 + 0x04))
..\Driver\spi_interface.c(34): warning:  #550-D: variable "gar_temp" was set but never used
        unsigned char gar_temp = 0;
..\Driver\spi_interface.c(81): warning:  #550-D: variable "gar_temp" was set but never used
        unsigned char gar_temp = 0;
..\Driver\spi_interface.c(169): warning:  #550-D: variable "dummy" was set but never used
      unsigned char dummy = 0;
..\Driver\spi_interface.c(233): warning:  #550-D: variable "j" was set but never used
        int i = 0, j=0;
..\Driver\spi_interface.c(340): warning:  #177-D: variable "dummy" was declared but never referenced
                        unsigned char dummy = 0xff;
..\Driver\spi_interface.c(304): warning:  #177-D: variable "ret_read" was declared but never referenced
                int ret_read = 0;
..\Driver\spi_interface.c(352): warning:  #1-D: last line of file ends without a newline
  }
..\Driver\spi_interface.c: 9 warnings, 0 errors
compiling uart_stdout.c...
compiling i2c_interface.c...
..\Inc\d6_config.h(3): warning:  #47-D: incompatible redefinition of macro "RCM3_EEP_CTRL" (declared at line 1280 of "..\Inc\CMSDK_CM3.h")
  #define RCM3_EEP_CTRL                   ((volatile unsigned int *)(0x00100000 + 0x00))
..\Inc\d6_config.h(4): warning:  #47-D: incompatible redefinition of macro "RCM3_EEP_BYFB_LEN_ADDR" (declared at line 1281 of "..\Inc\CMSDK_CM3.h")
  #define RCM3_EEP_BYFB_LEN_ADDR          ((volatile unsigned int *)(0x00100000 + 0x04))
..\Driver\i2c_interface.c: 2 warnings, 0 errors
compiling cb_api.c...
..\Inc\d6_config.h(3): warning:  #47-D: incompatible redefinition of macro "RCM3_EEP_CTRL" (declared at line 1280 of "..\Inc\CMSDK_CM3.h")
  #define RCM3_EEP_CTRL                   ((volatile unsigned int *)(0x00100000 + 0x00))
..\Inc\d6_config.h(4): warning:  #47-D: incompatible redefinition of macro "RCM3_EEP_BYFB_LEN_ADDR" (declared at line 1281 of "..\Inc\CMSDK_CM3.h")
  #define RCM3_EEP_BYFB_LEN_ADDR          ((volatile unsigned int *)(0x00100000 + 0x04))
..\src\FingerPrint\cb_api.c(130): warning:  #111-D: statement is unreachable
        return irq_res;
..\src\FingerPrint\cb_api.c(102): warning:  #177-D: variable "time" was declared but never referenced
        int time = timeout;
..\src\FingerPrint\cb_api.c(172): warning:  #513-D: a value of type "volatile unsigned int *" cannot be assigned to an entity of type "void *"
                        store = 
INGER_FLASH_STORE;
..\src\FingerPrint\cb_api.c(175): warning:  #513-D: a value of type "volatile unsigned int *" cannot be assigned to an entity of type "void *"
                        store = 
INGER_FLASH_STORE1;
..\src\FingerPrint\cb_api.c(178): warning:  #513-D: a value of type "volatile unsigned int *" cannot be assigned to an entity of type "void *"
                        store = 
INGER_FLASH_STORE2;
..\src\FingerPrint\cb_api.c(181): warning:  #513-D: a value of type "volatile unsigned int *" cannot be assigned to an entity of type "void *"
                        store = 
INGER_FLASH_STORE;
..\src\FingerPrint\cb_api.c(190): warning:  #223-D: function "memcpy" declared implicitly
        memcpy((unsigned char *)store, (unsigned char *)enc_finger, size * sizeof(unsigned char));
..\src\FingerPrint\cb_api.c(232): warning:  #513-D: a value of type "volatile unsigned int *" cannot be assigned to an entity of type "void *"
                        rtn = 
INGER_FLASH_STORE;
..\src\FingerPrint\cb_api.c(235): warning:  #513-D: a value of type "volatile unsigned int *" cannot be assigned to an entity of type "void *"
                        rtn = 
INGER_FLASH_STORE1;
..\src\FingerPrint\cb_api.c(238): warning:  #513-D: a value of type "volatile unsigned int *" cannot be assigned to an entity of type "void *"
                        rtn = 
INGER_FLASH_STORE2;
..\src\FingerPrint\cb_api.c(241): warning:  #513-D: a value of type "volatile unsigned int *" cannot be assigned to an entity of type "void *"
                        rtn = 
INGER_FLASH_STORE;
..\src\FingerPrint\cb_api.c(251): warning:  #223-D: function "memcpy" declared implicitly
        memcpy((unsigned char *)FINGER_FLASH_STORE_TEMP, (unsigned char *)dec_finger, MAX_TPL_SIZE * sizeof(unsigned char));
..\src\FingerPrint\cb_api.c(278): warning:  #120-D: return value type does not match the function type
        return 
INGER_FLASH_STORE_TEMP;
..\src\FingerPrint\cb_api.c(282): warning:  #223-D: function "memset" declared implicitly
        memset((unsigned char *)FINGER_FLASH_STORE + (MAX_TPL_SIZE * index), 0x00, MAX_TPL_SIZE * sizeof(unsigned char));
..\src\FingerPrint\cb_api.c(288): warning:  #223-D: function "memset" declared implicitly
        memset((unsigned char *)FINGER_FLASH_STORE, 0x00, (MAX_TPL_SIZE * 20) * sizeof(unsigned char));
..\src\FingerPrint\cb_api.c: 17 warnings, 0 errors
compiling fingerPrint.c...
..\Inc\d6_config.h(3): warning:  #47-D: incompatible redefinition of macro "RCM3_EEP_CTRL" (declared at line 1280 of "..\Inc\CMSDK_CM3.h")
  #define RCM3_EEP_CTRL                   ((volatile unsigned int *)(0x00100000 + 0x00))
..\Inc\d6_config.h(4): warning:  #47-D: incompatible redefinition of macro "RCM3_EEP_BYFB_LEN_ADDR" (declared at line 1281 of "..\Inc\CMSDK_CM3.h")
  #define RCM3_EEP_BYFB_LEN_ADDR          ((volatile unsigned int *)(0x00100000 + 0x04))
..\src\FingerPrint\fingerPrint.c(35): warning:  #68-D: integer conversion resulted in a change of sign
        unsigned char result = -1;
..\src\FingerPrint\fingerPrint.c(101): warning:  #144-D: a value of type "void (*)(unsigned char *, int)" cannot be used to initialize an entity of type "void (*)(unsigned char *, unsigned int)"
                .spi_read = read_spi,
..\src\FingerPrint\fingerPrint.c(108): warning:  #144-D: a value of type "int (*)(const char *restrict, ...)" cannot be used to initialize an entity of type "void (*)(const char *, ...)"
                .debug = printf,
..\src\FingerPrint\fingerPrint.c(179): warning:  #111-D: statement is unreachable
        return 0;
..\src\FingerPrint\fingerPrint.c(180): warning:  #1-D: last line of file ends without a newline
  }
..\src\FingerPrint\fingerPrint.c(26): warning:  #550-D: variable "g_cur_mode" was set but never used
  static BARLEY_Mode g_cur_mode ; /// Mode used by fingerprint threadb
..\src\FingerPrint\fingerPrint.c: 8 warnings, 0 errors
compiling libbarley.c...
compiling d4_aes_test.c...
..\src\AES\d4_aes_test.c(189): warning:  #223-D: function "delay_us" declared implicitly
        delay_us(10);
..\src\AES\d4_aes_test.c(167): warning:  #177-D: variable "inst" was declared but never referenced
        unsigned int inst = 0;
..\src\AES\d4_aes_test.c(169): warning:  #177-D: variable "tx_data" was declared but never referenced
        unsigned char tx_data[64];
..\src\AES\d4_aes_test.c(170): warning:  #177-D: variable "rx_data" was declared but never referenced
        unsigned char rx_data[64];
..\src\AES\d4_aes_test.c(240): warning:  #223-D: function "delay_us" declared implicitly
        delay_us(10);
..\src\AES\d4_aes_test.c(223): warning:  #177-D: variable "inst" was declared but never referenced
        unsigned int inst = 0;
..\src\AES\d4_aes_test.c(225): warning:  #177-D: variable "tx_data" was declared but never referenced
        unsigned char tx_data[64];
..\src\AES\d4_aes_test.c(226): warning:  #177-D: variable "rx_data" was declared but never referenced
        unsigned char rx_data[64];
..\src\AES\d4_aes_test.c(376): warning:  #177-D: variable "pt_temp" was declared but never referenced
        unsigned char pt_temp[256];
..\src\AES\d4_aes_test.c(377): warning:  #177-D: variable "key_temp" was declared but never referenced
        unsigned char key_temp[256];
..\src\AES\d4_aes_test.c: 10 warnings, 0 errors
compiling aes_test.c...
..\src\AES\aes128e.h(29): warning:  #1-D: last line of file ends without a newline
  extern void delay_ms(uint32_t us);
..\src\AES\aes128e.h(29): warning:  #1-D: last line of file ends without a newline
  extern void delay_ms(uint32_t us);
..\src\AES\aes128gcm.h(30): warning:  #1-D: last line of file ends without a newline
  void ghash(const uint8_t* h, const uint8_t* x, size_t xlen, uint8_t* y);
..\src\AES\aes_test.c(50): warning:  #223-D: function "aes_gcm_enc" declared implicitly
        aes_gcm_enc(ciphertext, tag, aes_key, aes_IV, aes_plaintext, block_len, aes_add_data, add_len);
..\src\AES\aes_test.c(77): warning:  #223-D: function "aes_gcm_dec" declared implicitly
        aes_gcm_dec(decrypted_plaintext, decrypted_tag, aes_key, aes_IV, ciphertext, block_len, aes_add_data, add_len);
..\src\AES\aes_test.c(95): warning:  #223-D: function "compare" declared implicitly
        if(compare(tag, decrypted_tag, 16) == 0 ) printf("\r\n PASS");
..\src\AES\aes_test.c(104): warning:  #1-D: last line of file ends without a newline
  }
..\src\AES\aes_test.c: 7 warnings, 0 errors
compiling aes128e.c...
..\src\AES\aes128e.h(29): warning:  #1-D: last line of file ends without a newline
  extern void delay_ms(uint32_t us);
..\src\AES\aes128e.c(203): warning:  #177-D: variable "i" was declared but never referenced
      int i, j;
..\src\AES\aes128e.c(203): warning:  #177-D: variable "j" was declared but never referenced
      int i, j;
..\src\AES\aes128e.c: 3 warnings, 0 errors
compiling aes128gcm.c...
..\src\AES\aes128e.h(29): warning:  #1-D: last line of file ends without a newline
  extern void delay_ms(uint32_t us);
..\src\AES\aes128gcm.h(30): warning:  #1-D: last line of file ends without a newline
  void ghash(const uint8_t* h, const uint8_t* x, size_t xlen, uint8_t* y);
..\src\AES\aes128gcm.c(144): warning:  #223-D: function "dorca3_cipher_decipher" declared implicitly
        dorca3_cipher_decipher(0,1 /*AES*/,key,32,0,(*H),(*H),16,0,1);
..\src\AES\aes128gcm.c(240): warning:  #223-D: function "dorca3_cipher_decipher" declared implicitly
                dorca3_cipher_decipher(0,1 /*AES*/,key,32,0,out_pos,cb,16,0,1);
..\src\AES\aes128gcm.c: 4 warnings, 0 errors
compiling aes_t.c...
..\src\AES\aes128e.h(29): warning:  #1-D: last line of file ends without a newline
  extern void delay_ms(uint32_t us);
..\src\AES\aes128e.h(29): warning:  #1-D: last line of file ends without a newline
  extern void delay_ms(uint32_t us);
..\src\AES\aes128gcm.h(30): warning:  #1-D: last line of file ends without a newline
  void ghash(const uint8_t* h, const uint8_t* x, size_t xlen, uint8_t* y);
..\src\AES\aes_t.c: 3 warnings, 0 errors
compiling aes.c...
..\src\mbedTLS\library\aes.c(588): warning:  #177-D: variable "RK" was declared but never referenced
      uint32_t *RK;
..\src\mbedTLS\library\aes.c(703): warning:  #177-D: variable "rg_128_256" was declared but never referenced
        int rg_128_256 = 0;
..\src\mbedTLS\library\aes.c(704): warning:  #177-D: variable "check" was declared but never referenced
        int check = 0;
..\src\mbedTLS\library\aes.c(769): warning:  #177-D: variable "j" was declared but never referenced
      int i, j, ret;
..\src\mbedTLS\library\aes.c(771): warning:  #177-D: variable "RK" was declared but never referenced
      uint32_t *RK;
..\src\mbedTLS\library\aes.c(772): warning:  #177-D: variable "SK" was declared but never referenced
      uint32_t *SK;
..\src\mbedTLS\library\aes.c(836): warning:  #177-D: variable "rg_128_256" was declared but never referenced
        int rg_128_256 = 0;
..\src\mbedTLS\library\aes.c(892): warning:  #177-D: label "exit" was declared but never referenced
  exit:
..\src\mbedTLS\library\aes.c(1046): warning:  #177-D: variable "RK" was declared but never referenced
      uint32_t *RK, X0, X1, X2, X3, Y0, Y1, Y2, Y3;
..\src\mbedTLS\library\aes.c(1046): warning:  #177-D: variable "X0" was declared but never referenced
      uint32_t *RK, X0, X1, X2, X3, Y0, Y1, Y2, Y3;
..\src\mbedTLS\library\aes.c(1046): warning:  #177-D: variable "X1" was declared but never referenced
      uint32_t *RK, X0, X1, X2, X3, Y0, Y1, Y2, Y3;
..\src\mbedTLS\library\aes.c(1046): warning:  #177-D: variable "X2" was declared but never referenced
      uint32_t *RK, X0, X1, X2, X3, Y0, Y1, Y2, Y3;
..\src\mbedTLS\library\aes.c(1046): warning:  #177-D: variable "X3" was declared but never referenced
      uint32_t *RK, X0, X1, X2, X3, Y0, Y1, Y2, Y3;
..\src\mbedTLS\library\aes.c(1046): warning:  #177-D: variable "Y0" was declared but never referenced
      uint32_t *RK, X0, X1, X2, X3, Y0, Y1, Y2, Y3;
..\src\mbedTLS\library\aes.c(1046): warning:  #177-D: variable "Y1" was declared but never referenced
      uint32_t *RK, X0, X1, X2, X3, Y0, Y1, Y2, Y3;
..\src\mbedTLS\library\aes.c(1046): warning:  #177-D: variable "Y2" was declared but never referenced
      uint32_t *RK, X0, X1, X2, X3, Y0, Y1, Y2, Y3;
..\src\mbedTLS\library\aes.c(1046): warning:  #177-D: variable "Y3" was declared but never referenced
      uint32_t *RK, X0, X1, X2, X3, Y0, Y1, Y2, Y3;
..\src\mbedTLS\library\aes.c(1100): warning:  #177-D: variable "inst" was declared but never referenced
        unsigned int inst = 0;
..\src\mbedTLS\library\aes.c(1101): warning:  #177-D: variable "tx_data" was declared but never referenced
        unsigned char tx_data[64];
..\src\mbedTLS\library\aes.c(1102): warning:  #177-D: variable "rx_data" was declared but never referenced
        unsigned char rx_data[64];
..\src\mbedTLS\library\aes.c(1174): warning:  #177-D: variable "RK" was declared but never referenced
      uint32_t *RK, X0, X1, X2, X3, Y0, Y1, Y2, Y3;
..\src\mbedTLS\library\aes.c(1174): warning:  #177-D: variable "X0" was declared but never referenced
      uint32_t *RK, X0, X1, X2, X3, Y0, Y1, Y2, Y3;
..\src\mbedTLS\library\aes.c(1174): warning:  #177-D: variable "X1" was declared but never referenced
      uint32_t *RK, X0, X1, X2, X3, Y0, Y1, Y2, Y3;
..\src\mbedTLS\library\aes.c(1174): warning:  #177-D: variable "X2" was declared but never referenced
      uint32_t *RK, X0, X1, X2, X3, Y0, Y1, Y2, Y3;
..\src\mbedTLS\library\aes.c(1174): warning:  #177-D: variable "X3" was declared but never referenced
      uint32_t *RK, X0, X1, X2, X3, Y0, Y1, Y2, Y3;
..\src\mbedTLS\library\aes.c(1174): warning:  #177-D: variable "Y0" was declared but never referenced
      uint32_t *RK, X0, X1, X2, X3, Y0, Y1, Y2, Y3;
..\src\mbedTLS\library\aes.c(1174): warning:  #177-D: variable "Y1" was declared but never referenced
      uint32_t *RK, X0, X1, X2, X3, Y0, Y1, Y2, Y3;
..\src\mbedTLS\library\aes.c(1174): warning:  #177-D: variable "Y2" was declared but never referenced
      uint32_t *RK, X0, X1, X2, X3, Y0, Y1, Y2, Y3;
..\src\mbedTLS\library\aes.c(1174): warning:  #177-D: variable "Y3" was declared but never referenced
      uint32_t *RK, X0, X1, X2, X3, Y0, Y1, Y2, Y3;
..\src\mbedTLS\library\aes.c(1228): warning:  #177-D: variable "inst" was declared but never referenced
        unsigned int inst = 0;
..\src\mbedTLS\library\aes.c(1229): warning:  #177-D: variable "tx_data" was declared but never referenced
        unsigned char tx_data[64];
..\src\mbedTLS\library\aes.c(1230): warning:  #177-D: variable "rx_data" was declared but never referenced
        unsigned char rx_data[64];
..\src\mbedTLS\library\aes.c(100): warning:  #177-D: variable "FSb" was declared but never referenced
  static const unsigned char FSb[256] =
..\src\mbedTLS\library\aes.c(207): warning:  #177-D: variable "FT0" was declared but never referenced
  static const uint32_t FT0[256] = { FT };
..\src\mbedTLS\library\aes.c(213): warning:  #177-D: variable "FT1" was declared but never referenced
  static const uint32_t FT1[256] = { FT };
..\src\mbedTLS\library\aes.c(217): warning:  #177-D: variable "FT2" was declared but never referenced
  static const uint32_t FT2[256] = { FT };
..\src\mbedTLS\library\aes.c(221): warning:  #177-D: variable "FT3" was declared but never referenced
  static const uint32_t FT3[256] = { FT };
..\src\mbedTLS\library\aes.c(231): warning:  #177-D: variable "RSb" was declared but never referenced
  static const unsigned char RSb[256] =
..\src\mbedTLS\library\aes.c(338): warning:  #177-D: variable "RT0" was declared but never referenced
  static const uint32_t RT0[256] = { RT };
..\src\mbedTLS\library\aes.c(344): warning:  #177-D: variable "RT1" was declared but never referenced
  static const uint32_t RT1[256] = { RT };
..\src\mbedTLS\library\aes.c(348): warning:  #177-D: variable "RT2" was declared but never referenced
  static const uint32_t RT2[256] = { RT };
..\src\mbedTLS\library\aes.c(352): warning:  #177-D: variable "RT3" was declared but never referenced
  static const uint32_t RT3[256] = { RT };
..\src\mbedTLS\library\aes.c(362): warning:  #177-D: variable "RCON" was declared but never referenced
  static const uint32_t RCON[10] =
..\src\mbedTLS\library\aes.c: 43 warnings, 0 errors
compiling aesni.c...
compiling arc4.c...
compiling aria.c...
compiling asn1parse.c...
compiling asn1write.c...
compiling base64.c...
compiling bignum.c...
compiling blowfish.c...
compiling camellia.c...
compiling ccm.c...
compiling certs.c...
compiling chacha20.c...
compiling chachapoly.c...
compiling cipher.c...
compiling cipher_wrap.c...
compiling cmac.c...
compiling ctr_drbg.c...
..\src\mbedTLS\library\ctr_drbg.c(559): warning:  #223-D: function "printf" declared implicitly
                printf("\r\n Fixed random value Fixed random value Fixed random value Fixed random value");
..\src\mbedTLS\library\ctr_drbg.c(537): warning:  #177-D: variable "alice_pri_key" was declared but never referenced
        uint8_t alice_pri_key[32] =     {0x03, 0xB4, 0x7F, 0x5A, 0x64, 0xF6, 0xF4, 0x5C, 0xBB, 0x4D, 0xF5, 0x32, 0xFA, 0x2F, 0xCA, 0x46, 
..\src\mbedTLS\library\ctr_drbg.c(539): warning:  #177-D: variable "bob_pub_key" was declared but never referenced
        uint8_t bob_pub_key[32] =       {0xa5, 0xd2, 0xfc, 0x14, 0x5e, 0xb8, 0x26, 0x0e, 0x03, 0x59, 0xcd, 0x9d, 0xf8, 0x68, 0x68, 0xd8,
..\src\mbedTLS\library\ctr_drbg.c(542): warning:  #177-D: variable "ctx" was declared but never referenced
      mbedtls_ctr_drbg_context *ctx = (mbedtls_ctr_drbg_context *) p_rng;
..\src\mbedTLS\library\ctr_drbg.c: 4 warnings, 0 errors
compiling debug.c...
compiling des.c...
compiling dhm.c...
compiling ecdh.c...
..\Inc\CMSDK_CM3.h(1280): warning:  #47-D: incompatible redefinition of macro "RCM3_EEP_CTRL" (declared at line 3 of "..\Inc\d6_config.h")
  #define RCM3_EEP_CTRL           ((volatile unsigned int *)(0x00020000 + 0x0))
..\Inc\CMSDK_CM3.h(1281): warning:  #47-D: incompatible redefinition of macro "RCM3_EEP_BYFB_LEN_ADDR" (declared at line 4 of "..\Inc\d6_config.h")
  #define RCM3_EEP_BYFB_LEN_ADDR  ((volatile unsigned int *)(0x00020000 + 0x4))
..\Inc\cm0ik_reg.h(39): warning:  #47-D: incompatible redefinition of macro "UART_BASE" (declared at line 1323 of "..\Inc\CMSDK_CM3.h")
  #define UART_BASE             ((volatile unsigned int *)(0x40002000))
..\Inc\cm0ik_reg.h(40): warning:  #47-D: incompatible redefinition of macro "UART_DR" (declared at line 1324 of "..\Inc\CMSDK_CM3.h")
  #define UART_DR               ((volatile unsigned int *)(0x40002000 + 0x0000))
..\Inc\cm0ik_reg.h(41): warning:  #47-D: incompatible redefinition of macro "UART_RSR" (declared at line 1325 of "..\Inc\CMSDK_CM3.h")
  #define UART_RSR              ((volatile unsigned int *)(0x40002000 + 0x0004))
..\Inc\cm0ik_reg.h(42): warning:  #47-D: incompatible redefinition of macro "UART_ECR" (declared at line 1326 of "..\Inc\CMSDK_CM3.h")
  #define UART_ECR              ((volatile unsigned int *)(0x40002000 + 0x0004))
..\Inc\cm0ik_reg.h(43): warning:  #47-D: incompatible redefinition of macro "UART_FR" (declared at line 1327 of "..\Inc\CMSDK_CM3.h")
  #define UART_FR               ((volatile unsigned int *)(0x40002000 + 0x0018))
..\Inc\cm0ik_reg.h(44): warning:  #47-D: incompatible redefinition of macro "UART_ILPR" (declared at line 1328 of "..\Inc\CMSDK_CM3.h")
  #define UART_ILPR             ((volatile unsigned int *)(0x40002000 + 0x0020))
..\Inc\cm0ik_reg.h(45): warning:  #47-D: incompatible redefinition of macro "UART_IBRD" (declared at line 1329 of "..\Inc\CMSDK_CM3.h")
  #define UART_IBRD             ((volatile unsigned int *)(0x40002000 + 0x0024))
..\Inc\cm0ik_reg.h(46): warning:  #47-D: incompatible redefinition of macro "UART_FBRD" (declared at line 1330 of "..\Inc\CMSDK_CM3.h")
  #define UART_FBRD             ((volatile unsigned int *)(0x40002000 + 0x0028))
..\Inc\cm0ik_reg.h(47): warning:  #47-D: incompatible redefinition of macro "UART_LCR_H" (declared at line 1331 of "..\Inc\CMSDK_CM3.h")
  #define UART_LCR_H            ((volatile unsigned int *)(0x40002000 + 0x002C))
..\Inc\cm0ik_reg.h(48): warning:  #47-D: incompatible redefinition of macro "UART_CR" (declared at line 1332 of "..\Inc\CMSDK_CM3.h")
  #define UART_CR               ((volatile unsigned int *)(0x40002000 + 0x0030))
..\Inc\cm0ik_reg.h(49): warning:  #47-D: incompatible redefinition of macro "UART_IFLS" (declared at line 1333 of "..\Inc\CMSDK_CM3.h")
  #define UART_IFLS             ((volatile unsigned int *)(0x40002000 + 0x0034))
..\Inc\cm0ik_reg.h(50): warning:  #47-D: incompatible redefinition of macro "UART_IMSC" (declared at line 1334 of "..\Inc\CMSDK_CM3.h")
  #define UART_IMSC             ((volatile unsigned int *)(0x40002000 + 0x0038))
..\Inc\cm0ik_reg.h(51): warning:  #47-D: incompatible redefinition of macro "UART_RIS" (declared at line 1335 of "..\Inc\CMSDK_CM3.h")
  #define UART_RIS              ((volatile unsigned int *)(0x40002000 + 0x003C))
..\Inc\cm0ik_reg.h(52): warning:  #47-D: incompatible redefinition of macro "UART_MIS" (declared at line 1336 of "..\Inc\CMSDK_CM3.h")
  #define UART_MIS              ((volatile unsigned int *)(0x40002000 + 0x0040))
..\Inc\cm0ik_reg.h(53): warning:  #47-D: incompatible redefinition of macro "UART_ICR" (declared at line 1337 of "..\Inc\CMSDK_CM3.h")
  #define UART_ICR              ((volatile unsigned int *)(0x40002000 + 0x0044))
..\Inc\cm0ik_reg.h(54): warning:  #47-D: incompatible redefinition of macro "UART_DMACR" (declared at line 1338 of "..\Inc\CMSDK_CM3.h")
  #define UART_DMACR            ((volatile unsigned int *)(0x40002000 + 0x0048))
..\Inc\pkcc_module.h(37): warning:  #1-D: last line of file ends without a newline
  #endif
..\src\mbedTLS\library\ecdh.c(237): warning:  #223-D: function "pkcc_ecc_ecdh_memory_set" declared implicitly
        pkcc_ecc_ecdh_memory_set(&P);
..\src\mbedTLS\library\ecdh.c(238): warning:  #223-D: function "pkcc_shared_key_gen" declared implicitly
        pkcc_shared_key_gen(&P, Qp.ecdh_pub_key);
..\src\mbedTLS\library\ecdh.c: 21 warnings, 0 errors
compiling ecdsa.c...
..\Inc\cm0ik_reg.h(39): warning:  #47-D: incompatible redefinition of macro "UART_BASE" (declared at line 1323 of "..\Inc\CMSDK_CM3.h")
  #define UART_BASE             ((volatile unsigned int *)(0x40002000))
..\Inc\cm0ik_reg.h(40): warning:  #47-D: incompatible redefinition of macro "UART_DR" (declared at line 1324 of "..\Inc\CMSDK_CM3.h")
  #define UART_DR               ((volatile unsigned int *)(0x40002000 + 0x0000))
..\Inc\cm0ik_reg.h(41): warning:  #47-D: incompatible redefinition of macro "UART_RSR" (declared at line 1325 of "..\Inc\CMSDK_CM3.h")
  #define UART_RSR              ((volatile unsigned int *)(0x40002000 + 0x0004))
..\Inc\cm0ik_reg.h(42): warning:  #47-D: incompatible redefinition of macro "UART_ECR" (declared at line 1326 of "..\Inc\CMSDK_CM3.h")
  #define UART_ECR              ((volatile unsigned int *)(0x40002000 + 0x0004))
..\Inc\cm0ik_reg.h(43): warning:  #47-D: incompatible redefinition of macro "UART_FR" (declared at line 1327 of "..\Inc\CMSDK_CM3.h")
  #define UART_FR               ((volatile unsigned int *)(0x40002000 + 0x0018))
..\Inc\cm0ik_reg.h(44): warning:  #47-D: incompatible redefinition of macro "UART_ILPR" (declared at line 1328 of "..\Inc\CMSDK_CM3.h")
  #define UART_ILPR             ((volatile unsigned int *)(0x40002000 + 0x0020))
..\Inc\cm0ik_reg.h(45): warning:  #47-D: incompatible redefinition of macro "UART_IBRD" (declared at line 1329 of "..\Inc\CMSDK_CM3.h")
  #define UART_IBRD             ((volatile unsigned int *)(0x40002000 + 0x0024))
..\Inc\cm0ik_reg.h(46): warning:  #47-D: incompatible redefinition of macro "UART_FBRD" (declared at line 1330 of "..\Inc\CMSDK_CM3.h")
  #define UART_FBRD             ((volatile unsigned int *)(0x40002000 + 0x0028))
..\Inc\cm0ik_reg.h(47): warning:  #47-D: incompatible redefinition of macro "UART_LCR_H" (declared at line 1331 of "..\Inc\CMSDK_CM3.h")
  #define UART_LCR_H            ((volatile unsigned int *)(0x40002000 + 0x002C))
..\Inc\cm0ik_reg.h(48): warning:  #47-D: incompatible redefinition of macro "UART_CR" (declared at line 1332 of "..\Inc\CMSDK_CM3.h")
  #define UART_CR               ((volatile unsigned int *)(0x40002000 + 0x0030))
..\Inc\cm0ik_reg.h(49): warning:  #47-D: incompatible redefinition of macro "UART_IFLS" (declared at line 1333 of "..\Inc\CMSDK_CM3.h")
  #define UART_IFLS             ((volatile unsigned int *)(0x40002000 + 0x0034))
..\Inc\cm0ik_reg.h(50): warning:  #47-D: incompatible redefinition of macro "UART_IMSC" (declared at line 1334 of "..\Inc\CMSDK_CM3.h")
  #define UART_IMSC             ((volatile unsigned int *)(0x40002000 + 0x0038))
..\Inc\cm0ik_reg.h(51): warning:  #47-D: incompatible redefinition of macro "UART_RIS" (declared at line 1335 of "..\Inc\CMSDK_CM3.h")
  #define UART_RIS              ((volatile unsigned int *)(0x40002000 + 0x003C))
..\Inc\cm0ik_reg.h(52): warning:  #47-D: incompatible redefinition of macro "UART_MIS" (declared at line 1336 of "..\Inc\CMSDK_CM3.h")
  #define UART_MIS              ((volatile unsigned int *)(0x40002000 + 0x0040))
..\Inc\cm0ik_reg.h(53): warning:  #47-D: incompatible redefinition of macro "UART_ICR" (declared at line 1337 of "..\Inc\CMSDK_CM3.h")
  #define UART_ICR              ((volatile unsigned int *)(0x40002000 + 0x0044))
..\Inc\cm0ik_reg.h(54): warning:  #47-D: incompatible redefinition of macro "UART_DMACR" (declared at line 1338 of "..\Inc\CMSDK_CM3.h")
  #define UART_DMACR            ((volatile unsigned int *)(0x40002000 + 0x0048))
..\Inc\pkcc_module.h(37): warning:  #1-D: last line of file ends without a newline
  #endif
..\Inc\ecdsa_t.h(18): warning:  #1295-D: Deprecated declaration ecc_memory_setting - give arg types
  extern void ecc_memory_setting();
..\src\mbedTLS\library\ecdsa.c(568): warning:  #223-D: function "int_data_inverse" declared implicitly
                int_data_inverse(sign_rs.y, s->p, 8);
..\src\mbedTLS\library\ecdsa.c: 19 warnings, 0 errors
compiling ecjpake.c...
compiling ecp.c...
compiling ecp_curves.c...
compiling entropy.c...
compiling entropy_poll.c...
compiling error.c...
compiling gcm.c...
compiling havege.c...
compiling hkdf.c...
compiling hmac_drbg.c...
compiling md.c...
compiling md_wrap.c...
compiling md2.c...
compiling md4.c...
compiling md5.c...
compiling memory_buffer_alloc.c...
compiling nist_kw.c...
compiling oid.c...
compiling padlock.c...
compiling pem.c...
compiling pk.c...
compiling pk_wrap.c...
compiling pkcs5.c...
compiling pkcs11.c...
compiling pkcs12.c...
compiling pkparse.c...
compiling pkwrite.c...
compiling platform.c...
compiling platform_util.c...
compiling poly1305.c...
compiling ripemd160.c...
compiling rsa.c...
compiling rsa_internal.c...
compiling sha1.c...
compiling sha256.c...
..\src\mbedTLS\library\sha256.c(223): warning:  #177-D: variable "temp1" was declared but never referenced
      uint32_t temp1, temp2, W[64];
..\src\mbedTLS\library\sha256.c(223): warning:  #177-D: variable "temp2" was declared but never referenced
      uint32_t temp1, temp2, W[64];
..\src\mbedTLS\library\sha256.c(223): warning:  #177-D: variable "W" was declared but never referenced
      uint32_t temp1, temp2, W[64];
..\src\mbedTLS\library\sha256.c(224): warning:  #177-D: variable "A" was declared but never referenced
      uint32_t A[8];
..\src\mbedTLS\library\sha256.c(292): warning:  #177-D: variable "j" was declared but never referenced
        int j;
..\src\mbedTLS\library\sha256.c(582): warning:  #223-D: function "delay_us" declared implicitly
        delay_us(20);
..\src\mbedTLS\library\sha256.c(174): warning:  #177-D: variable "K" was declared but never referenced
  static const uint32_t K[] =
..\src\mbedTLS\library\sha256.c: 7 warnings, 0 errors
compiling sha512.c...
compiling ssl_cache.c...
compiling ssl_ciphersuites.c...
compiling ssl_cli.c...
compiling ssl_cookie.c...
compiling ssl_srv.c...
compiling ssl_ticket.c...
compiling ssl_tls.c...
compiling threading.c...
compiling timing.c...
compiling version.c...
compiling version_features.c...
compiling x509.c...
compiling x509_create.c...
compiling x509_crl.c...
compiling x509_crt.c...
compiling x509_csr.c...
compiling x509write_crt.c...
compiling x509write_csr.c...
compiling xtea.c...
compiling hardware_rng.c...
..\src\mbedTLS\hardware_rng.c(47): warning:  #177-D: variable "rnd_temp" was declared but never referenced
    uint32_t rnd_temp[8]; //= { 0xd0191141, 0xc1f9f2ab, 0x5398e383, 0xd4fd1efb, 0x99e67d44, 0xa4bca65b, 0x6acee415, 0xde1991c2,
..\src\mbedTLS\hardware_rng.c: 1 warning, 0 errors
compiling client.c...
..\src\sdcp\client.c(90): warning:  #550-D: variable "err" was set but never used
      int err = 0;
..\src\sdcp\client.c(163): warning:  #223-D: function "print_bytes" declared implicitly
        print_bytes("mbedtls_keypair.d.s", mbedtls_keypair.d.s, sizeof(mbedtls_keypair.d.s));           
..\src\sdcp\client.c: 2 warnings, 0 errors
compiling helpers.c...
compiling sdcp.c...
..\src\sdcp\sdcp.c(195): warning:  #223-D: function "mbedtls_sha256" declared implicitly
      mbedtls_sha256(hello_buffer, hello_len, output1, 0);
..\src\sdcp\sdcp.c(224): warning:  #177-D: variable "i" was declared but never referenced
        int i, len, output_length;
..\src\sdcp\sdcp.c(224): warning:  #550-D: variable "len" was set but never used
        int i, len, output_length;
..\src\sdcp\sdcp.c(224): warning:  #550-D: variable "output_length" was set but never used
        int i, len, output_length;
..\src\sdcp\sdcp.c(227): warning:  #177-D: variable "temp" was declared but never referenced
      unsigned char temp[32];
..\src\sdcp\sdcp.c(231): warning:  #177-D: variable "output" was declared but never referenced
        unsigned char p_o[32], output[32];
..\src\sdcp\sdcp.c(203): warning:  #177-D: variable "aes_test_ecb_dec" was declared but never referenced
  static const unsigned char aes_test_ecb_dec[3][16] =
..\src\sdcp\sdcp.c(213): warning:  #177-D: variable "aes_test_ecb_enc" was declared but never referenced
  static const unsigned char aes_test_ecb_enc[3][16] =
..\src\sdcp\sdcp.c: 8 warnings, 0 errors
compiling test_function.c...
..\Inc\cm0ik_reg.h(39): warning:  #47-D: incompatible redefinition of macro "UART_BASE" (declared at line 1323 of "..\Inc\CMSDK_CM3.h")
  #define UART_BASE             ((volatile unsigned int *)(0x40002000))
..\Inc\cm0ik_reg.h(40): warning:  #47-D: incompatible redefinition of macro "UART_DR" (declared at line 1324 of "..\Inc\CMSDK_CM3.h")
  #define UART_DR               ((volatile unsigned int *)(0x40002000 + 0x0000))
..\Inc\cm0ik_reg.h(41): warning:  #47-D: incompatible redefinition of macro "UART_RSR" (declared at line 1325 of "..\Inc\CMSDK_CM3.h")
  #define UART_RSR              ((volatile unsigned int *)(0x40002000 + 0x0004))
..\Inc\cm0ik_reg.h(42): warning:  #47-D: incompatible redefinition of macro "UART_ECR" (declared at line 1326 of "..\Inc\CMSDK_CM3.h")
  #define UART_ECR              ((volatile unsigned int *)(0x40002000 + 0x0004))
..\Inc\cm0ik_reg.h(43): warning:  #47-D: incompatible redefinition of macro "UART_FR" (declared at line 1327 of "..\Inc\CMSDK_CM3.h")
  #define UART_FR               ((volatile unsigned int *)(0x40002000 + 0x0018))
..\Inc\cm0ik_reg.h(44): warning:  #47-D: incompatible redefinition of macro "UART_ILPR" (declared at line 1328 of "..\Inc\CMSDK_CM3.h")
  #define UART_ILPR             ((volatile unsigned int *)(0x40002000 + 0x0020))
..\Inc\cm0ik_reg.h(45): warning:  #47-D: incompatible redefinition of macro "UART_IBRD" (declared at line 1329 of "..\Inc\CMSDK_CM3.h")
  #define UART_IBRD             ((volatile unsigned int *)(0x40002000 + 0x0024))
..\Inc\cm0ik_reg.h(46): warning:  #47-D: incompatible redefinition of macro "UART_FBRD" (declared at line 1330 of "..\Inc\CMSDK_CM3.h")
  #define UART_FBRD             ((volatile unsigned int *)(0x40002000 + 0x0028))
..\Inc\cm0ik_reg.h(47): warning:  #47-D: incompatible redefinition of macro "UART_LCR_H" (declared at line 1331 of "..\Inc\CMSDK_CM3.h")
  #define UART_LCR_H            ((volatile unsigned int *)(0x40002000 + 0x002C))
..\Inc\cm0ik_reg.h(48): warning:  #47-D: incompatible redefinition of macro "UART_CR" (declared at line 1332 of "..\Inc\CMSDK_CM3.h")
  #define UART_CR               ((volatile unsigned int *)(0x40002000 + 0x0030))
..\Inc\cm0ik_reg.h(49): warning:  #47-D: incompatible redefinition of macro "UART_IFLS" (declared at line 1333 of "..\Inc\CMSDK_CM3.h")
  #define UART_IFLS             ((volatile unsigned int *)(0x40002000 + 0x0034))
..\Inc\cm0ik_reg.h(50): warning:  #47-D: incompatible redefinition of macro "UART_IMSC" (declared at line 1334 of "..\Inc\CMSDK_CM3.h")
  #define UART_IMSC             ((volatile unsigned int *)(0x40002000 + 0x0038))
..\Inc\cm0ik_reg.h(51): warning:  #47-D: incompatible redefinition of macro "UART_RIS" (declared at line 1335 of "..\Inc\CMSDK_CM3.h")
  #define UART_RIS              ((volatile unsigned int *)(0x40002000 + 0x003C))
..\Inc\cm0ik_reg.h(52): warning:  #47-D: incompatible redefinition of macro "UART_MIS" (declared at line 1336 of "..\Inc\CMSDK_CM3.h")
  #define UART_MIS              ((volatile unsigned int *)(0x40002000 + 0x0040))
..\Inc\cm0ik_reg.h(53): warning:  #47-D: incompatible redefinition of macro "UART_ICR" (declared at line 1337 of "..\Inc\CMSDK_CM3.h")
  #define UART_ICR              ((volatile unsigned int *)(0x40002000 + 0x0044))
..\Inc\cm0ik_reg.h(54): warning:  #47-D: incompatible redefinition of macro "UART_DMACR" (declared at line 1338 of "..\Inc\CMSDK_CM3.h")
  #define UART_DMACR            ((volatile unsigned int *)(0x40002000 + 0x0048))
..\Inc\pkcc_module.h(37): warning:  #1-D: last line of file ends without a newline
  #endif
..\src\sdcp\test_function.c(123): warning:  #223-D: function "print_bytes" declared implicitly
        print_bytes(" server pubkey :", srv_to_cli, 32);
..\src\sdcp\test_function.c(37): warning:  #177-D: variable "pers" was declared but never referenced
      const char pers[] = "ecdh";
..\src\sdcp\test_function.c(261): warning:  #223-D: function "print_bytes" declared implicitly
        print_bytes("mbedtls_ctr_drbg_random", output, output_len);
..\src\sdcp\test_function.c(245): warning:  #177-D: variable "const_key" was declared but never referenced
      uint8_t const_key[32] = { 0x98, 0x05, 0x57, 0xac, 0x55, 0xac, 0x49, 0xe0, 0xa8, 0xd5, 0xf2, 0x1a, 0x23, 0x64, 0xb7, 0xa5, 
..\src\sdcp\test_function.c(249): warning:  #177-D: variable "bob_pub_key" was declared but never referenced
        uint8_t bob_pub_key[32] =       {0xa5, 0xd2, 0xfc, 0x14, 0x5e, 0xb8, 0x26, 0x0e, 0x03, 0x59, 0xcd, 0x9d, 0xf8, 0x68, 0x68, 0xd8,
..\src\sdcp\test_function.c(252): warning:  #177-D: variable "ctx" was declared but never referenced
      mbedtls_ctr_drbg_context *ctx = (mbedtls_ctr_drbg_context *) p_rng;
..\src\sdcp\test_function.c(285): warning:  #223-D: function "print_bytes" declared implicitly
        print_bytes("mbedtls_ctr_drbg_random", output, output_len);
..\src\sdcp\test_function.c(269): warning:  #177-D: variable "const_key" was declared but never referenced
      uint8_t const_key[32] = { 0x98, 0x05, 0x57, 0xac, 0x55, 0xac, 0x49, 0xe0, 0xa8, 0xd5, 0xf2, 0x1a, 0x23, 0x64, 0xb7, 0xa5, 
..\src\sdcp\test_function.c(273): warning:  #177-D: variable "bob_pub_key" was declared but never referenced
        uint8_t bob_pub_key[32] =       {0xa5, 0xd2, 0xfc, 0x14, 0x5e, 0xb8, 0x26, 0x0e, 0x03, 0x59, 0xcd, 0x9d, 0xf8, 0x68, 0x68, 0xd8,
..\src\sdcp\test_function.c(276): warning:  #177-D: variable "ctx" was declared but never referenced
      mbedtls_ctr_drbg_context *ctx = (mbedtls_ctr_drbg_context *) p_rng;
..\src\sdcp\test_function.c(324): warning:  #223-D: function "print_bytes" declared implicitly
        print_bytes("ctx_cli.d", &ctx_cli.d, 32);
..\src\sdcp\test_function.c(321): warning:  #546-D: transfer of control bypasses initialization of:
            variable "bob_pub_key_x" (declared at line 349)
            variable "bob_pub_key_y" (declared at line 350)
          goto exit;
          ^
..\src\sdcp\test_function.c(331): warning:  #546-D: transfer of control bypasses initialization of:
            variable "bob_pub_key_x" (declared at line 349)
            variable "bob_pub_key_y" (declared at line 350)
          goto exit;
          ^
..\src\sdcp\test_function.c(342): warning:  #546-D: transfer of control bypasses initialization of:
            variable "bob_pub_key_x" (declared at line 349)
            variable "bob_pub_key_y" (declared at line 350)
          goto exit;
          ^
..\src\sdcp\test_function.c(293): warning:  #177-D: variable "exit_code" was declared but never referenced
      int exit_code = 1;
..\src\sdcp\test_function.c(294): warning:  #177-D: variable "ctx_srv" was declared but never referenced
      mbedtls_ecdh_context ctx_cli, ctx_srv;
..\src\sdcp\test_function.c(295): warning:  #177-D: variable "entropy" was declared but never referenced
      mbedtls_entropy_context entropy;
..\src\sdcp\test_function.c(297): warning:  #177-D: variable "srv_to_cli" was declared but never referenced
      unsigned char cli_to_srv[32], srv_to_cli[32];
..\src\sdcp\test_function.c(298): warning:  #177-D: variable "pers" was declared but never referenced
      const char pers[] = "ecdh";
..\src\sdcp\test_function.c(348): warning:  #177-D: variable "z" was declared but never referenced
        uint8_t z[32];
..\src\sdcp\test_function.c(350): warning:  #177-D: variable "bob_pub_key_y" was declared but never referenced
        uint8_t bob_pub_key_y[32]=      {0x07, 0xaa, 0xd6, 0xd1, 0x04, 0x11, 0xb1, 0xb2, 0x53, 0x4e, 0x5f, 0xc6, 0xf7, 0xa3, 0x9c, 0x06, 0xfd, 0x79, 0x48, 0xb7, 0x3b, 0x17, 0xec, 0xdd, 0x5b, 0x9b, 0x2b, 0xed, 0x5d, 0xa2, 0x03, 0xec };
..\src\sdcp\test_function.c(445): warning:  #223-D: function "pkcc_ecc_ecdh_memory_set" declared implicitly
        pkcc_ecc_ecdh_memory_set(&alice);
..\src\sdcp\test_function.c(454): warning:  #223-D: function "print_bytes" declared implicitly
        print_bytes("alice_pri_key", alice_pri_key, 32);        
..\src\sdcp\test_function.c(482): warning:  #223-D: function "pkcc_shared_key_gen" declared implicitly
        pkcc_shared_key_gen(&alice, bob.ecdh_pub_key);
..\src\sdcp\test_function.c(409): warning:  #177-D: variable "bob_pri_key" was declared but never referenced
        uint32_t bob_pri_key[8] =       {0xBC9710E9, 0xCC637F7C, 0x8DE08E0D, 0x9521DBB1, 0x51990BB5, 0xD878A13D, 0xAD358BB9, 0x82F5C426};
..\src\sdcp\test_function.c(425): warning:  #177-D: variable "test_pri_key" was declared but never referenced
        uint32_t test_pri_key[8], test_public_x[8],test_public_y[8];
..\src\sdcp\test_function.c(425): warning:  #177-D: variable "test_public_x" was declared but never referenced
        uint32_t test_pri_key[8], test_public_x[8],test_public_y[8];
..\src\sdcp\test_function.c(425): warning:  #177-D: variable "test_public_y" was declared but never referenced
        uint32_t test_pri_key[8], test_public_x[8],test_public_y[8];
..\src\sdcp\test_function.c(530): warning:  #177-D: variable "pk_len" was declared but never referenced
        const uint8_t* pk; size_t pk_len;
..\src\sdcp\test_function.c(531): warning:  #177-D: variable "sk_len" was declared but never referenced
      const uint8_t* sk; size_t sk_len;
..\src\sdcp\test_function.c(532): warning:  #177-D: variable "secret_len" was declared but never referenced
      uint8_t* secret; size_t secret_len;
..\src\sdcp\test_function.c(534): warning:  #550-D: variable "err" was set but never used
      int err = 0;
..\src\sdcp\test_function.c(607): warning:  #1-D: last line of file ends without a newline
  //}
..\src\sdcp\test_function.c: 50 warnings, 0 errors
compiling testkeys.c...
compiling test_ecdsa.c...
..\Inc\cm0ik_reg.h(39): warning:  #47-D: incompatible redefinition of macro "UART_BASE" (declared at line 1323 of "..\Inc\CMSDK_CM3.h")
  #define UART_BASE             ((volatile unsigned int *)(0x40002000))
..\Inc\cm0ik_reg.h(40): warning:  #47-D: incompatible redefinition of macro "UART_DR" (declared at line 1324 of "..\Inc\CMSDK_CM3.h")
  #define UART_DR               ((volatile unsigned int *)(0x40002000 + 0x0000))
..\Inc\cm0ik_reg.h(41): warning:  #47-D: incompatible redefinition of macro "UART_RSR" (declared at line 1325 of "..\Inc\CMSDK_CM3.h")
  #define UART_RSR              ((volatile unsigned int *)(0x40002000 + 0x0004))
..\Inc\cm0ik_reg.h(42): warning:  #47-D: incompatible redefinition of macro "UART_ECR" (declared at line 1326 of "..\Inc\CMSDK_CM3.h")
  #define UART_ECR              ((volatile unsigned int *)(0x40002000 + 0x0004))
..\Inc\cm0ik_reg.h(43): warning:  #47-D: incompatible redefinition of macro "UART_FR" (declared at line 1327 of "..\Inc\CMSDK_CM3.h")
  #define UART_FR               ((volatile unsigned int *)(0x40002000 + 0x0018))
..\Inc\cm0ik_reg.h(44): warning:  #47-D: incompatible redefinition of macro "UART_ILPR" (declared at line 1328 of "..\Inc\CMSDK_CM3.h")
  #define UART_ILPR             ((volatile unsigned int *)(0x40002000 + 0x0020))
..\Inc\cm0ik_reg.h(45): warning:  #47-D: incompatible redefinition of macro "UART_IBRD" (declared at line 1329 of "..\Inc\CMSDK_CM3.h")
  #define UART_IBRD             ((volatile unsigned int *)(0x40002000 + 0x0024))
..\Inc\cm0ik_reg.h(46): warning:  #47-D: incompatible redefinition of macro "UART_FBRD" (declared at line 1330 of "..\Inc\CMSDK_CM3.h")
  #define UART_FBRD             ((volatile unsigned int *)(0x40002000 + 0x0028))
..\Inc\cm0ik_reg.h(47): warning:  #47-D: incompatible redefinition of macro "UART_LCR_H" (declared at line 1331 of "..\Inc\CMSDK_CM3.h")
  #define UART_LCR_H            ((volatile unsigned int *)(0x40002000 + 0x002C))
..\Inc\cm0ik_reg.h(48): warning:  #47-D: incompatible redefinition of macro "UART_CR" (declared at line 1332 of "..\Inc\CMSDK_CM3.h")
  #define UART_CR               ((volatile unsigned int *)(0x40002000 + 0x0030))
..\Inc\cm0ik_reg.h(49): warning:  #47-D: incompatible redefinition of macro "UART_IFLS" (declared at line 1333 of "..\Inc\CMSDK_CM3.h")
  #define UART_IFLS             ((volatile unsigned int *)(0x40002000 + 0x0034))
..\Inc\cm0ik_reg.h(50): warning:  #47-D: incompatible redefinition of macro "UART_IMSC" (declared at line 1334 of "..\Inc\CMSDK_CM3.h")
  #define UART_IMSC             ((volatile unsigned int *)(0x40002000 + 0x0038))
..\Inc\cm0ik_reg.h(51): warning:  #47-D: incompatible redefinition of macro "UART_RIS" (declared at line 1335 of "..\Inc\CMSDK_CM3.h")
  #define UART_RIS              ((volatile unsigned int *)(0x40002000 + 0x003C))
..\Inc\cm0ik_reg.h(52): warning:  #47-D: incompatible redefinition of macro "UART_MIS" (declared at line 1336 of "..\Inc\CMSDK_CM3.h")
  #define UART_MIS              ((volatile unsigned int *)(0x40002000 + 0x0040))
..\Inc\cm0ik_reg.h(53): warning:  #47-D: incompatible redefinition of macro "UART_ICR" (declared at line 1337 of "..\Inc\CMSDK_CM3.h")
  #define UART_ICR              ((volatile unsigned int *)(0x40002000 + 0x0044))
..\Inc\cm0ik_reg.h(54): warning:  #47-D: incompatible redefinition of macro "UART_DMACR" (declared at line 1338 of "..\Inc\CMSDK_CM3.h")
  #define UART_DMACR            ((volatile unsigned int *)(0x40002000 + 0x0048))
..\Inc\pkcc_module.h(37): warning:  #1-D: last line of file ends without a newline
  #endif
..\src\sdcp\test_ecdsa.c(36): warning:  #177-D: variable "secretkey" was declared but never referenced
        uint32_t secretkey[32] = { 0x5d, 0xdf, 0x4f, 0x7f, 0x3d, 0x1b, 0x1b, 0xc8, 0x6a, 0x62, 0x53, 0x45, 0x58, 0xe6, 0xad, 0x07, 
..\src\sdcp\test_ecdsa.c(94): warning:  #223-D: function "print_bytes" declared implicitly
        print_bytes("ecdsa secret key", ecdsa.d.p, 32);
..\src\sdcp\test_ecdsa.c: 19 warnings, 0 errors
compiling CM3_TRNG.c...
..\src\TRNG\CM3_TRNG.c(82): warning:  #177-D: variable "readData" was declared but never referenced
      unsigned char readData[32], temp32[32], temp16[16], temp[16], temp_test[16];
..\src\TRNG\CM3_TRNG.c(82): warning:  #177-D: variable "temp" was declared but never referenced
      unsigned char readData[32], temp32[32], temp16[16], temp[16], temp_test[16];
..\src\TRNG\CM3_TRNG.c(83): warning:  #177-D: variable "ADDR" was declared but never referenced
        unsigned int ADDR = 0;
..\src\TRNG\CM3_TRNG.c(123): warning:  #940-D: missing return statement at end of non-void function "get_trg_data_parameter"
  }
..\src\TRNG\CM3_TRNG.c(147): warning:  #223-D: function "printf" declared implicitly
        printf("\r\n trng :");
..\src\TRNG\CM3_TRNG.c(150): warning:  #1-D: last line of file ends without a newline
  }
..\src\TRNG\CM3_TRNG.c(127): warning:  #177-D: variable "readData" was declared but never referenced
      unsigned char readData[32], temp32[32], temp16[16], temp[16], temp_test[16];
..\src\TRNG\CM3_TRNG.c(127): warning:  #177-D: variable "temp32" was declared but never referenced
      unsigned char readData[32], temp32[32], temp16[16], temp[16], temp_test[16];
..\src\TRNG\CM3_TRNG.c(127): warning:  #177-D: variable "temp16" was declared but never referenced
      unsigned char readData[32], temp32[32], temp16[16], temp[16], temp_test[16];
..\src\TRNG\CM3_TRNG.c(127): warning:  #177-D: variable "temp" was declared but never referenced
      unsigned char readData[32], temp32[32], temp16[16], temp[16], temp_test[16];
..\src\TRNG\CM3_TRNG.c(127): warning:  #177-D: variable "temp_test" was declared but never referenced
      unsigned char readData[32], temp32[32], temp16[16], temp[16], temp_test[16];
..\src\TRNG\CM3_TRNG.c(128): warning:  #177-D: variable "ADDR" was declared but never referenced
        unsigned int ADDR = 0;
..\src\TRNG\CM3_TRNG.c(129): warning:  #177-D: variable "j" was declared but never referenced
        int i,j,round;
..\src\TRNG\CM3_TRNG.c(130): warning:  #177-D: variable "index" was declared but never referenced
        int index = 0;
..\src\TRNG\CM3_TRNG.c: 14 warnings, 0 errors
compiling SHA256_SW.c...
..\src\SHA256\SHA256_SW.c(284): warning:  #167-D: argument of type "char *" is incompatible with parameter of type "const uint8_t *"
        hmac_sha256_update(&hmac, message, datalength);
..\src\SHA256\SHA256_SW.c(293): warning:  #223-D: function "memcpy" declared implicitly
        memcpy(result, hmac.digest, 32);
..\src\SHA256\SHA256_SW.c(295): warning:  #1-D: last line of file ends without a newline
  }
..\src\SHA256\SHA256_SW.c(277): warning:  #177-D: variable "j" was declared but never referenced
        int i,j;
..\src\SHA256\SHA256_SW.c: 4 warnings, 0 errors
compiling SHA256_t.c...
..\src\SHA256\SHA256_t.c(6): warning:  #177-D: variable "temp" was declared but never referenced
        uint32_t temp[16] = { 0,0,0,0,0,0,0,0, 0,0,0,0,0,0,0, 0x000001C0 };
..\src\SHA256\SHA256_t.c(90): warning:  #177-D: variable "j" was declared but never referenced
        int i,j;
..\src\SHA256\SHA256_t.c(277): warning:  #223-D: function "sha256_get" declared implicitly
        sha256_get(sw_buf, message, datasize);
..\src\SHA256\SHA256_t.c(248): warning:  #177-D: variable "j" was declared but never referenced
        int i,j = 0;
..\src\SHA256\SHA256_t.c(409): warning:  #177-D: variable "i" was declared but never referenced
        int i,j;
..\src\SHA256\SHA256_t.c(409): warning:  #177-D: variable "j" was declared but never referenced
        int i,j;
..\src\SHA256\SHA256_t.c: 6 warnings, 0 errors
compiling ec_elgamal.c...
..\Inc\cm0ik_reg.h(39): warning:  #47-D: incompatible redefinition of macro "UART_BASE" (declared at line 1323 of "..\Inc\CMSDK_CM3.h")
  #define UART_BASE             ((volatile unsigned int *)(0x40002000))
..\Inc\cm0ik_reg.h(40): warning:  #47-D: incompatible redefinition of macro "UART_DR" (declared at line 1324 of "..\Inc\CMSDK_CM3.h")
  #define UART_DR               ((volatile unsigned int *)(0x40002000 + 0x0000))
..\Inc\cm0ik_reg.h(41): warning:  #47-D: incompatible redefinition of macro "UART_RSR" (declared at line 1325 of "..\Inc\CMSDK_CM3.h")
  #define UART_RSR              ((volatile unsigned int *)(0x40002000 + 0x0004))
..\Inc\cm0ik_reg.h(42): warning:  #47-D: incompatible redefinition of macro "UART_ECR" (declared at line 1326 of "..\Inc\CMSDK_CM3.h")
  #define UART_ECR              ((volatile unsigned int *)(0x40002000 + 0x0004))
..\Inc\cm0ik_reg.h(43): warning:  #47-D: incompatible redefinition of macro "UART_FR" (declared at line 1327 of "..\Inc\CMSDK_CM3.h")
  #define UART_FR               ((volatile unsigned int *)(0x40002000 + 0x0018))
..\Inc\cm0ik_reg.h(44): warning:  #47-D: incompatible redefinition of macro "UART_ILPR" (declared at line 1328 of "..\Inc\CMSDK_CM3.h")
  #define UART_ILPR             ((volatile unsigned int *)(0x40002000 + 0x0020))
..\Inc\cm0ik_reg.h(45): warning:  #47-D: incompatible redefinition of macro "UART_IBRD" (declared at line 1329 of "..\Inc\CMSDK_CM3.h")
  #define UART_IBRD             ((volatile unsigned int *)(0x40002000 + 0x0024))
..\Inc\cm0ik_reg.h(46): warning:  #47-D: incompatible redefinition of macro "UART_FBRD" (declared at line 1330 of "..\Inc\CMSDK_CM3.h")
  #define UART_FBRD             ((volatile unsigned int *)(0x40002000 + 0x0028))
..\Inc\cm0ik_reg.h(47): warning:  #47-D: incompatible redefinition of macro "UART_LCR_H" (declared at line 1331 of "..\Inc\CMSDK_CM3.h")
  #define UART_LCR_H            ((volatile unsigned int *)(0x40002000 + 0x002C))
..\Inc\cm0ik_reg.h(48): warning:  #47-D: incompatible redefinition of macro "UART_CR" (declared at line 1332 of "..\Inc\CMSDK_CM3.h")
  #define UART_CR               ((volatile unsigned int *)(0x40002000 + 0x0030))
..\Inc\cm0ik_reg.h(49): warning:  #47-D: incompatible redefinition of macro "UART_IFLS" (declared at line 1333 of "..\Inc\CMSDK_CM3.h")
  #define UART_IFLS             ((volatile unsigned int *)(0x40002000 + 0x0034))
..\Inc\cm0ik_reg.h(50): warning:  #47-D: incompatible redefinition of macro "UART_IMSC" (declared at line 1334 of "..\Inc\CMSDK_CM3.h")
  #define UART_IMSC             ((volatile unsigned int *)(0x40002000 + 0x0038))
..\Inc\cm0ik_reg.h(51): warning:  #47-D: incompatible redefinition of macro "UART_RIS" (declared at line 1335 of "..\Inc\CMSDK_CM3.h")
  #define UART_RIS              ((volatile unsigned int *)(0x40002000 + 0x003C))
..\Inc\cm0ik_reg.h(52): warning:  #47-D: incompatible redefinition of macro "UART_MIS" (declared at line 1336 of "..\Inc\CMSDK_CM3.h")
  #define UART_MIS              ((volatile unsigned int *)(0x40002000 + 0x0040))
..\Inc\cm0ik_reg.h(53): warning:  #47-D: incompatible redefinition of macro "UART_ICR" (declared at line 1337 of "..\Inc\CMSDK_CM3.h")
  #define UART_ICR              ((volatile unsigned int *)(0x40002000 + 0x0044))
..\Inc\cm0ik_reg.h(54): warning:  #47-D: incompatible redefinition of macro "UART_DMACR" (declared at line 1338 of "..\Inc\CMSDK_CM3.h")
  #define UART_DMACR            ((volatile unsigned int *)(0x40002000 + 0x0048))
..\Inc\pkcc_module.h(37): warning:  #1-D: last line of file ends without a newline
  #endif
..\src\ECC\ec_elgamal.c(63): warning:  #181-D: argument is incompatible with corresponding format string conversion
        printf("\r\n %s", bob_msg);
..\src\ECC\ec_elgamal.c(224): warning:  #1-D: last line of file ends without a newline
  }
..\src\ECC\ec_elgamal.c(183): warning:  #177-D: variable "len" was declared but never referenced
        uint8_t len = 0;
..\src\ECC\ec_elgamal.c: 20 warnings, 0 errors
compiling ecdh_t.c...
..\Inc\cm0ik_reg.h(39): warning:  #47-D: incompatible redefinition of macro "UART_BASE" (declared at line 1323 of "..\Inc\CMSDK_CM3.h")
  #define UART_BASE             ((volatile unsigned int *)(0x40002000))
..\Inc\cm0ik_reg.h(40): warning:  #47-D: incompatible redefinition of macro "UART_DR" (declared at line 1324 of "..\Inc\CMSDK_CM3.h")
  #define UART_DR               ((volatile unsigned int *)(0x40002000 + 0x0000))
..\Inc\cm0ik_reg.h(41): warning:  #47-D: incompatible redefinition of macro "UART_RSR" (declared at line 1325 of "..\Inc\CMSDK_CM3.h")
  #define UART_RSR              ((volatile unsigned int *)(0x40002000 + 0x0004))
..\Inc\cm0ik_reg.h(42): warning:  #47-D: incompatible redefinition of macro "UART_ECR" (declared at line 1326 of "..\Inc\CMSDK_CM3.h")
  #define UART_ECR              ((volatile unsigned int *)(0x40002000 + 0x0004))
..\Inc\cm0ik_reg.h(43): warning:  #47-D: incompatible redefinition of macro "UART_FR" (declared at line 1327 of "..\Inc\CMSDK_CM3.h")
  #define UART_FR               ((volatile unsigned int *)(0x40002000 + 0x0018))
..\Inc\cm0ik_reg.h(44): warning:  #47-D: incompatible redefinition of macro "UART_ILPR" (declared at line 1328 of "..\Inc\CMSDK_CM3.h")
  #define UART_ILPR             ((volatile unsigned int *)(0x40002000 + 0x0020))
..\Inc\cm0ik_reg.h(45): warning:  #47-D: incompatible redefinition of macro "UART_IBRD" (declared at line 1329 of "..\Inc\CMSDK_CM3.h")
  #define UART_IBRD             ((volatile unsigned int *)(0x40002000 + 0x0024))
..\Inc\cm0ik_reg.h(46): warning:  #47-D: incompatible redefinition of macro "UART_FBRD" (declared at line 1330 of "..\Inc\CMSDK_CM3.h")
  #define UART_FBRD             ((volatile unsigned int *)(0x40002000 + 0x0028))
..\Inc\cm0ik_reg.h(47): warning:  #47-D: incompatible redefinition of macro "UART_LCR_H" (declared at line 1331 of "..\Inc\CMSDK_CM3.h")
  #define UART_LCR_H            ((volatile unsigned int *)(0x40002000 + 0x002C))
..\Inc\cm0ik_reg.h(48): warning:  #47-D: incompatible redefinition of macro "UART_CR" (declared at line 1332 of "..\Inc\CMSDK_CM3.h")
  #define UART_CR               ((volatile unsigned int *)(0x40002000 + 0x0030))
..\Inc\cm0ik_reg.h(49): warning:  #47-D: incompatible redefinition of macro "UART_IFLS" (declared at line 1333 of "..\Inc\CMSDK_CM3.h")
  #define UART_IFLS             ((volatile unsigned int *)(0x40002000 + 0x0034))
..\Inc\cm0ik_reg.h(50): warning:  #47-D: incompatible redefinition of macro "UART_IMSC" (declared at line 1334 of "..\Inc\CMSDK_CM3.h")
  #define UART_IMSC             ((volatile unsigned int *)(0x40002000 + 0x0038))
..\Inc\cm0ik_reg.h(51): warning:  #47-D: incompatible redefinition of macro "UART_RIS" (declared at line 1335 of "..\Inc\CMSDK_CM3.h")
  #define UART_RIS              ((volatile unsigned int *)(0x40002000 + 0x003C))
..\Inc\cm0ik_reg.h(52): warning:  #47-D: incompatible redefinition of macro "UART_MIS" (declared at line 1336 of "..\Inc\CMSDK_CM3.h")
  #define UART_MIS              ((volatile unsigned int *)(0x40002000 + 0x0040))
..\Inc\cm0ik_reg.h(53): warning:  #47-D: incompatible redefinition of macro "UART_ICR" (declared at line 1337 of "..\Inc\CMSDK_CM3.h")
  #define UART_ICR              ((volatile unsigned int *)(0x40002000 + 0x0044))
..\Inc\cm0ik_reg.h(54): warning:  #47-D: incompatible redefinition of macro "UART_DMACR" (declared at line 1338 of "..\Inc\CMSDK_CM3.h")
  #define UART_DMACR            ((volatile unsigned int *)(0x40002000 + 0x0048))
..\Inc\pkcc_module.h(37): warning:  #1-D: last line of file ends without a newline
  #endif
..\src\ECC\ecdh_t.c(117): warning:  #1-D: last line of file ends without a newline
  }
..\src\ECC\ecdh_t.c(43): warning:  #177-D: variable "bob_pub_key_x" was declared but never referenced
        uint32_t bob_pub_key_x[8]=      {0x2a0ca7a5, 0x180490d3, 0x265ff25a, 0x21446b97, 0x0e1ce1c2, 0x6006f8cc, 0x3fd6a2af, 0x8083e4b2};
..\src\ECC\ecdh_t.c(44): warning:  #177-D: variable "bob_pub_key_y" was declared but never referenced
        uint32_t bob_pub_key_y[8]=      {0x07aad6d1, 0x0411b1b2, 0x534e5fc6, 0xf7a39c06, 0xfd7948b7, 0x3b17ecdd, 0x5b9b2bed, 0x5da203ec};
..\src\ECC\ecdh_t.c: 20 warnings, 0 errors
compiling ecdsa_t.c...
..\Inc\cm0ik_reg.h(39): warning:  #47-D: incompatible redefinition of macro "UART_BASE" (declared at line 1323 of "..\Inc\CMSDK_CM3.h")
  #define UART_BASE             ((volatile unsigned int *)(0x40002000))
..\Inc\cm0ik_reg.h(40): warning:  #47-D: incompatible redefinition of macro "UART_DR" (declared at line 1324 of "..\Inc\CMSDK_CM3.h")
  #define UART_DR               ((volatile unsigned int *)(0x40002000 + 0x0000))
..\Inc\cm0ik_reg.h(41): warning:  #47-D: incompatible redefinition of macro "UART_RSR" (declared at line 1325 of "..\Inc\CMSDK_CM3.h")
  #define UART_RSR              ((volatile unsigned int *)(0x40002000 + 0x0004))
..\Inc\cm0ik_reg.h(42): warning:  #47-D: incompatible redefinition of macro "UART_ECR" (declared at line 1326 of "..\Inc\CMSDK_CM3.h")
  #define UART_ECR              ((volatile unsigned int *)(0x40002000 + 0x0004))
..\Inc\cm0ik_reg.h(43): warning:  #47-D: incompatible redefinition of macro "UART_FR" (declared at line 1327 of "..\Inc\CMSDK_CM3.h")
  #define UART_FR               ((volatile unsigned int *)(0x40002000 + 0x0018))
..\Inc\cm0ik_reg.h(44): warning:  #47-D: incompatible redefinition of macro "UART_ILPR" (declared at line 1328 of "..\Inc\CMSDK_CM3.h")
  #define UART_ILPR             ((volatile unsigned int *)(0x40002000 + 0x0020))
..\Inc\cm0ik_reg.h(45): warning:  #47-D: incompatible redefinition of macro "UART_IBRD" (declared at line 1329 of "..\Inc\CMSDK_CM3.h")
  #define UART_IBRD             ((volatile unsigned int *)(0x40002000 + 0x0024))
..\Inc\cm0ik_reg.h(46): warning:  #47-D: incompatible redefinition of macro "UART_FBRD" (declared at line 1330 of "..\Inc\CMSDK_CM3.h")
  #define UART_FBRD             ((volatile unsigned int *)(0x40002000 + 0x0028))
..\Inc\cm0ik_reg.h(47): warning:  #47-D: incompatible redefinition of macro "UART_LCR_H" (declared at line 1331 of "..\Inc\CMSDK_CM3.h")
  #define UART_LCR_H            ((volatile unsigned int *)(0x40002000 + 0x002C))
..\Inc\cm0ik_reg.h(48): warning:  #47-D: incompatible redefinition of macro "UART_CR" (declared at line 1332 of "..\Inc\CMSDK_CM3.h")
  #define UART_CR               ((volatile unsigned int *)(0x40002000 + 0x0030))
..\Inc\cm0ik_reg.h(49): warning:  #47-D: incompatible redefinition of macro "UART_IFLS" (declared at line 1333 of "..\Inc\CMSDK_CM3.h")
  #define UART_IFLS             ((volatile unsigned int *)(0x40002000 + 0x0034))
..\Inc\cm0ik_reg.h(50): warning:  #47-D: incompatible redefinition of macro "UART_IMSC" (declared at line 1334 of "..\Inc\CMSDK_CM3.h")
  #define UART_IMSC             ((volatile unsigned int *)(0x40002000 + 0x0038))
..\Inc\cm0ik_reg.h(51): warning:  #47-D: incompatible redefinition of macro "UART_RIS" (declared at line 1335 of "..\Inc\CMSDK_CM3.h")
  #define UART_RIS              ((volatile unsigned int *)(0x40002000 + 0x003C))
..\Inc\cm0ik_reg.h(52): warning:  #47-D: incompatible redefinition of macro "UART_MIS" (declared at line 1336 of "..\Inc\CMSDK_CM3.h")
  #define UART_MIS              ((volatile unsigned int *)(0x40002000 + 0x0040))
..\Inc\cm0ik_reg.h(53): warning:  #47-D: incompatible redefinition of macro "UART_ICR" (declared at line 1337 of "..\Inc\CMSDK_CM3.h")
  #define UART_ICR              ((volatile unsigned int *)(0x40002000 + 0x0044))
..\Inc\cm0ik_reg.h(54): warning:  #47-D: incompatible redefinition of macro "UART_DMACR" (declared at line 1338 of "..\Inc\CMSDK_CM3.h")
  #define UART_DMACR            ((volatile unsigned int *)(0x40002000 + 0x0048))
..\Inc\pkcc_module.h(37): warning:  #1-D: last line of file ends without a newline
  #endif
..\Inc\ecdsa_t.h(18): warning:  #1295-D: Deprecated declaration ecc_memory_setting - give arg types
  extern void ecc_memory_setting();
..\src\ECC\ecdsa_t.c(177): warning:  #177-D: variable "buf" was declared but never referenced
        uint8_t buf[32];
..\src\ECC\ecdsa_t.c(182): warning:  #177-D: variable "sha_ctx" was declared but never referenced
        SHA256_CTX sha_ctx;                     
..\src\ECC\ecdsa_t.c: 20 warnings, 0 errors
compiling pkcc_module.c...
..\Inc\cm0ik_reg.h(39): warning:  #47-D: incompatible redefinition of macro "UART_BASE" (declared at line 1323 of "..\Inc\CMSDK_CM3.h")
  #define UART_BASE             ((volatile unsigned int *)(0x40002000))
..\Inc\cm0ik_reg.h(40): warning:  #47-D: incompatible redefinition of macro "UART_DR" (declared at line 1324 of "..\Inc\CMSDK_CM3.h")
  #define UART_DR               ((volatile unsigned int *)(0x40002000 + 0x0000))
..\Inc\cm0ik_reg.h(41): warning:  #47-D: incompatible redefinition of macro "UART_RSR" (declared at line 1325 of "..\Inc\CMSDK_CM3.h")
  #define UART_RSR              ((volatile unsigned int *)(0x40002000 + 0x0004))
..\Inc\cm0ik_reg.h(42): warning:  #47-D: incompatible redefinition of macro "UART_ECR" (declared at line 1326 of "..\Inc\CMSDK_CM3.h")
  #define UART_ECR              ((volatile unsigned int *)(0x40002000 + 0x0004))
..\Inc\cm0ik_reg.h(43): warning:  #47-D: incompatible redefinition of macro "UART_FR" (declared at line 1327 of "..\Inc\CMSDK_CM3.h")
  #define UART_FR               ((volatile unsigned int *)(0x40002000 + 0x0018))
..\Inc\cm0ik_reg.h(44): warning:  #47-D: incompatible redefinition of macro "UART_ILPR" (declared at line 1328 of "..\Inc\CMSDK_CM3.h")
  #define UART_ILPR             ((volatile unsigned int *)(0x40002000 + 0x0020))
..\Inc\cm0ik_reg.h(45): warning:  #47-D: incompatible redefinition of macro "UART_IBRD" (declared at line 1329 of "..\Inc\CMSDK_CM3.h")
  #define UART_IBRD             ((volatile unsigned int *)(0x40002000 + 0x0024))
..\Inc\cm0ik_reg.h(46): warning:  #47-D: incompatible redefinition of macro "UART_FBRD" (declared at line 1330 of "..\Inc\CMSDK_CM3.h")
  #define UART_FBRD             ((volatile unsigned int *)(0x40002000 + 0x0028))
..\Inc\cm0ik_reg.h(47): warning:  #47-D: incompatible redefinition of macro "UART_LCR_H" (declared at line 1331 of "..\Inc\CMSDK_CM3.h")
  #define UART_LCR_H            ((volatile unsigned int *)(0x40002000 + 0x002C))
..\Inc\cm0ik_reg.h(48): warning:  #47-D: incompatible redefinition of macro "UART_CR" (declared at line 1332 of "..\Inc\CMSDK_CM3.h")
  #define UART_CR               ((volatile unsigned int *)(0x40002000 + 0x0030))
..\Inc\cm0ik_reg.h(49): warning:  #47-D: incompatible redefinition of macro "UART_IFLS" (declared at line 1333 of "..\Inc\CMSDK_CM3.h")
  #define UART_IFLS             ((volatile unsigned int *)(0x40002000 + 0x0034))
..\Inc\cm0ik_reg.h(50): warning:  #47-D: incompatible redefinition of macro "UART_IMSC" (declared at line 1334 of "..\Inc\CMSDK_CM3.h")
  #define UART_IMSC             ((volatile unsigned int *)(0x40002000 + 0x0038))
..\Inc\cm0ik_reg.h(51): warning:  #47-D: incompatible redefinition of macro "UART_RIS" (declared at line 1335 of "..\Inc\CMSDK_CM3.h")
  #define UART_RIS              ((volatile unsigned int *)(0x40002000 + 0x003C))
..\Inc\cm0ik_reg.h(52): warning:  #47-D: incompatible redefinition of macro "UART_MIS" (declared at line 1336 of "..\Inc\CMSDK_CM3.h")
  #define UART_MIS              ((volatile unsigned int *)(0x40002000 + 0x0040))
..\Inc\cm0ik_reg.h(53): warning:  #47-D: incompatible redefinition of macro "UART_ICR" (declared at line 1337 of "..\Inc\CMSDK_CM3.h")
  #define UART_ICR              ((volatile unsigned int *)(0x40002000 + 0x0044))
..\Inc\cm0ik_reg.h(54): warning:  #47-D: incompatible redefinition of macro "UART_DMACR" (declared at line 1338 of "..\Inc\CMSDK_CM3.h")
  #define UART_DMACR            ((volatile unsigned int *)(0x40002000 + 0x0048))
..\Inc\pkcc_module.h(37): warning:  #1-D: last line of file ends without a newline
  #endif
..\src\ECC\pkcc_module.c(477): warning:  #177-D: variable "result" was declared but never referenced
        unsigned char result = 0;
..\src\ECC\pkcc_module.c(604): warning:  #177-D: variable "j" was declared but never referenced
        int i, j = 0;
..\src\ECC\pkcc_module.c: 19 warnings, 0 errors
compiling pkcc_module_vector_test.c...
..\Inc\cm0ik_reg.h(39): warning:  #47-D: incompatible redefinition of macro "UART_BASE" (declared at line 1323 of "..\Inc\CMSDK_CM3.h")
  #define UART_BASE             ((volatile unsigned int *)(0x40002000))
..\Inc\cm0ik_reg.h(40): warning:  #47-D: incompatible redefinition of macro "UART_DR" (declared at line 1324 of "..\Inc\CMSDK_CM3.h")
  #define UART_DR               ((volatile unsigned int *)(0x40002000 + 0x0000))
..\Inc\cm0ik_reg.h(41): warning:  #47-D: incompatible redefinition of macro "UART_RSR" (declared at line 1325 of "..\Inc\CMSDK_CM3.h")
  #define UART_RSR              ((volatile unsigned int *)(0x40002000 + 0x0004))
..\Inc\cm0ik_reg.h(42): warning:  #47-D: incompatible redefinition of macro "UART_ECR" (declared at line 1326 of "..\Inc\CMSDK_CM3.h")
  #define UART_ECR              ((volatile unsigned int *)(0x40002000 + 0x0004))
..\Inc\cm0ik_reg.h(43): warning:  #47-D: incompatible redefinition of macro "UART_FR" (declared at line 1327 of "..\Inc\CMSDK_CM3.h")
  #define UART_FR               ((volatile unsigned int *)(0x40002000 + 0x0018))
..\Inc\cm0ik_reg.h(44): warning:  #47-D: incompatible redefinition of macro "UART_ILPR" (declared at line 1328 of "..\Inc\CMSDK_CM3.h")
  #define UART_ILPR             ((volatile unsigned int *)(0x40002000 + 0x0020))
..\Inc\cm0ik_reg.h(45): warning:  #47-D: incompatible redefinition of macro "UART_IBRD" (declared at line 1329 of "..\Inc\CMSDK_CM3.h")
  #define UART_IBRD             ((volatile unsigned int *)(0x40002000 + 0x0024))
..\Inc\cm0ik_reg.h(46): warning:  #47-D: incompatible redefinition of macro "UART_FBRD" (declared at line 1330 of "..\Inc\CMSDK_CM3.h")
  #define UART_FBRD             ((volatile unsigned int *)(0x40002000 + 0x0028))
..\Inc\cm0ik_reg.h(47): warning:  #47-D: incompatible redefinition of macro "UART_LCR_H" (declared at line 1331 of "..\Inc\CMSDK_CM3.h")
  #define UART_LCR_H            ((volatile unsigned int *)(0x40002000 + 0x002C))
..\Inc\cm0ik_reg.h(48): warning:  #47-D: incompatible redefinition of macro "UART_CR" (declared at line 1332 of "..\Inc\CMSDK_CM3.h")
  #define UART_CR               ((volatile unsigned int *)(0x40002000 + 0x0030))
..\Inc\cm0ik_reg.h(49): warning:  #47-D: incompatible redefinition of macro "UART_IFLS" (declared at line 1333 of "..\Inc\CMSDK_CM3.h")
  #define UART_IFLS             ((volatile unsigned int *)(0x40002000 + 0x0034))
..\Inc\cm0ik_reg.h(50): warning:  #47-D: incompatible redefinition of macro "UART_IMSC" (declared at line 1334 of "..\Inc\CMSDK_CM3.h")
  #define UART_IMSC             ((volatile unsigned int *)(0x40002000 + 0x0038))
..\Inc\cm0ik_reg.h(51): warning:  #47-D: incompatible redefinition of macro "UART_RIS" (declared at line 1335 of "..\Inc\CMSDK_CM3.h")
  #define UART_RIS              ((volatile unsigned int *)(0x40002000 + 0x003C))
..\Inc\cm0ik_reg.h(52): warning:  #47-D: incompatible redefinition of macro "UART_MIS" (declared at line 1336 of "..\Inc\CMSDK_CM3.h")
  #define UART_MIS              ((volatile unsigned int *)(0x40002000 + 0x0040))
..\Inc\cm0ik_reg.h(53): warning:  #47-D: incompatible redefinition of macro "UART_ICR" (declared at line 1337 of "..\Inc\CMSDK_CM3.h")
  #define UART_ICR              ((volatile unsigned int *)(0x40002000 + 0x0044))
..\Inc\cm0ik_reg.h(54): warning:  #47-D: incompatible redefinition of macro "UART_DMACR" (declared at line 1338 of "..\Inc\CMSDK_CM3.h")
  #define UART_DMACR            ((volatile unsigned int *)(0x40002000 + 0x0048))
..\Inc\pkcc_module.h(37): warning:  #1-D: last line of file ends without a newline
  #endif
..\src\ECC\pkcc_module_vector_test.c(12): warning:  #177-D: variable "bytes_per_line" was declared but never referenced
      const size_t bytes_per_line = 32;
..\src\ECC\pkcc_module_vector_test.c(21): warning:  #177-D: variable "k" was declared but never referenced
        mbedtls_mpi k, e, t, s, d;
..\src\ECC\pkcc_module_vector_test.c(21): warning:  #177-D: variable "e" was declared but never referenced
        mbedtls_mpi k, e, t, s, d;
..\src\ECC\pkcc_module_vector_test.c(21): warning:  #177-D: variable "t" was declared but never referenced
        mbedtls_mpi k, e, t, s, d;
..\src\ECC\pkcc_module_vector_test.c(21): warning:  #177-D: variable "s" was declared but never referenced
        mbedtls_mpi k, e, t, s, d;
..\src\ECC\pkcc_module_vector_test.c(21): warning:  #177-D: variable "d" was declared but never referenced
        mbedtls_mpi k, e, t, s, d;
..\src\ECC\pkcc_module_vector_test.c(26): warning:  #177-D: variable "order_n" was declared but never referenced
        uint32_t order_n[8] =  { 0xFFFFFFFF, 0x00000000, 0xFFFFFFFF, 0xFFFFFFFF, 0xBCE6FAAD, 0xA7179E84, 0xF3B9CAC2, 0xFC632551 };
..\src\ECC\pkcc_module_vector_test.c(61): warning:  #177-D: variable "temp3" was declared but never referenced
        uint32_t temp3[8] = {0x5f6bd7fe, 0xca8f6e30, 0x23209db2, 0x69e4c307, 0x20bab6f4, 0x90382c52, 0xd50c0cef, 0xd13aa278 };
..\src\ECC\pkcc_module_vector_test.c(62): warning:  #177-D: variable "k_inv" was declared but never referenced
        uint32_t k_inv[8];
..\src\ECC\pkcc_module_vector_test.c(606): warning:  #1-D: last line of file ends without a newline
  }
..\src\ECC\pkcc_module_vector_test.c: 27 warnings, 0 errors
compiling rsa_t.c...
..\Inc\cm0ik_reg.h(39): warning:  #47-D: incompatible redefinition of macro "UART_BASE" (declared at line 1323 of "..\Inc\CMSDK_CM3.h")
  #define UART_BASE             ((volatile unsigned int *)(0x40002000))
..\Inc\cm0ik_reg.h(40): warning:  #47-D: incompatible redefinition of macro "UART_DR" (declared at line 1324 of "..\Inc\CMSDK_CM3.h")
  #define UART_DR               ((volatile unsigned int *)(0x40002000 + 0x0000))
..\Inc\cm0ik_reg.h(41): warning:  #47-D: incompatible redefinition of macro "UART_RSR" (declared at line 1325 of "..\Inc\CMSDK_CM3.h")
  #define UART_RSR              ((volatile unsigned int *)(0x40002000 + 0x0004))
..\Inc\cm0ik_reg.h(42): warning:  #47-D: incompatible redefinition of macro "UART_ECR" (declared at line 1326 of "..\Inc\CMSDK_CM3.h")
  #define UART_ECR              ((volatile unsigned int *)(0x40002000 + 0x0004))
..\Inc\cm0ik_reg.h(43): warning:  #47-D: incompatible redefinition of macro "UART_FR" (declared at line 1327 of "..\Inc\CMSDK_CM3.h")
  #define UART_FR               ((volatile unsigned int *)(0x40002000 + 0x0018))
..\Inc\cm0ik_reg.h(44): warning:  #47-D: incompatible redefinition of macro "UART_ILPR" (declared at line 1328 of "..\Inc\CMSDK_CM3.h")
  #define UART_ILPR             ((volatile unsigned int *)(0x40002000 + 0x0020))
..\Inc\cm0ik_reg.h(45): warning:  #47-D: incompatible redefinition of macro "UART_IBRD" (declared at line 1329 of "..\Inc\CMSDK_CM3.h")
  #define UART_IBRD             ((volatile unsigned int *)(0x40002000 + 0x0024))
..\Inc\cm0ik_reg.h(46): warning:  #47-D: incompatible redefinition of macro "UART_FBRD" (declared at line 1330 of "..\Inc\CMSDK_CM3.h")
  #define UART_FBRD             ((volatile unsigned int *)(0x40002000 + 0x0028))
..\Inc\cm0ik_reg.h(47): warning:  #47-D: incompatible redefinition of macro "UART_LCR_H" (declared at line 1331 of "..\Inc\CMSDK_CM3.h")
  #define UART_LCR_H            ((volatile unsigned int *)(0x40002000 + 0x002C))
..\Inc\cm0ik_reg.h(48): warning:  #47-D: incompatible redefinition of macro "UART_CR" (declared at line 1332 of "..\Inc\CMSDK_CM3.h")
  #define UART_CR               ((volatile unsigned int *)(0x40002000 + 0x0030))
..\Inc\cm0ik_reg.h(49): warning:  #47-D: incompatible redefinition of macro "UART_IFLS" (declared at line 1333 of "..\Inc\CMSDK_CM3.h")
  #define UART_IFLS             ((volatile unsigned int *)(0x40002000 + 0x0034))
..\Inc\cm0ik_reg.h(50): warning:  #47-D: incompatible redefinition of macro "UART_IMSC" (declared at line 1334 of "..\Inc\CMSDK_CM3.h")
  #define UART_IMSC             ((volatile unsigned int *)(0x40002000 + 0x0038))
..\Inc\cm0ik_reg.h(51): warning:  #47-D: incompatible redefinition of macro "UART_RIS" (declared at line 1335 of "..\Inc\CMSDK_CM3.h")
  #define UART_RIS              ((volatile unsigned int *)(0x40002000 + 0x003C))
..\Inc\cm0ik_reg.h(52): warning:  #47-D: incompatible redefinition of macro "UART_MIS" (declared at line 1336 of "..\Inc\CMSDK_CM3.h")
  #define UART_MIS              ((volatile unsigned int *)(0x40002000 + 0x0040))
..\Inc\cm0ik_reg.h(53): warning:  #47-D: incompatible redefinition of macro "UART_ICR" (declared at line 1337 of "..\Inc\CMSDK_CM3.h")
  #define UART_ICR              ((volatile unsigned int *)(0x40002000 + 0x0044))
..\Inc\cm0ik_reg.h(54): warning:  #47-D: incompatible redefinition of macro "UART_DMACR" (declared at line 1338 of "..\Inc\CMSDK_CM3.h")
  #define UART_DMACR            ((volatile unsigned int *)(0x40002000 + 0x0048))
..\Inc\pkcc_module.h(37): warning:  #1-D: last line of file ends without a newline
  #endif
..\src\ECC\rsa_t.c(23): warning:  #550-D: variable "len" was set but never used
        uint32_t len = 0;
..\src\ECC\rsa_t.c(29): warning:  #1-D: last line of file ends without a newline
  #endif
..\src\ECC\rsa_t.c: 19 warnings, 0 errors
compiling CM3_dma.c...
[...]
  #define UART_FR               ((volatile unsigned int *)(0x40002000 + 0x0018))
..\Inc\cm0ik_reg.h(44): warning:  #47-D: incompatible redefinition of macro "UART_ILPR" (declared at line 1328 of "..\Inc\CMSDK_CM3.h")
  #define UART_ILPR             ((volatile unsigned int *)(0x40002000 + 0x0020))
..\Inc\cm0ik_reg.h(45): warning:  #47-D: incompatible redefinition of macro "UART_IBRD" (declared at line 1329 of "..\Inc\CMSDK_CM3.h")
  #define UART_IBRD             ((volatile unsigned int *)(0x40002000 + 0x0024))
..\Inc\cm0ik_reg.h(46): warning:  #47-D: incompatible redefinition of macro "UART_FBRD" (declared at line 1330 of "..\Inc\CMSDK_CM3.h")
  #define UART_FBRD             ((volatile unsigned int *)(0x40002000 + 0x0028))
..\Inc\cm0ik_reg.h(47): warning:  #47-D: incompatible redefinition of macro "UART_LCR_H" (declared at line 1331 of "..\Inc\CMSDK_CM3.h")
  #define UART_LCR_H            ((volatile unsigned int *)(0x40002000 + 0x002C))
..\Inc\cm0ik_reg.h(48): warning:  #47-D: incompatible redefinition of macro "UART_CR" (declared at line 1332 of "..\Inc\CMSDK_CM3.h")
  #define UART_CR               ((volatile unsigned int *)(0x40002000 + 0x0030))
..\Inc\cm0ik_reg.h(49): warning:  #47-D: incompatible redefinition of macro "UART_IFLS" (declared at line 1333 of "..\Inc\CMSDK_CM3.h")
  #define UART_IFLS             ((volatile unsigned int *)(0x40002000 + 0x0034))
..\Inc\cm0ik_reg.h(50): warning:  #47-D: incompatible redefinition of macro "UART_IMSC" (declared at line 1334 of "..\Inc\CMSDK_CM3.h")
  #define UART_IMSC             ((volatile unsigned int *)(0x40002000 + 0x0038))
..\Inc\cm0ik_reg.h(51): warning:  #47-D: incompatible redefinition of macro "UART_RIS" (declared at line 1335 of "..\Inc\CMSDK_CM3.h")
  #define UART_RIS              ((volatile unsigned int *)(0x40002000 + 0x003C))
..\Inc\cm0ik_reg.h(52): warning:  #47-D: incompatible redefinition of macro "UART_MIS" (declared at line 1336 of "..\Inc\CMSDK_CM3.h")
  #define UART_MIS              ((volatile unsigned int *)(0x40002000 + 0x0040))
..\Inc\cm0ik_reg.h(53): warning:  #47-D: incompatible redefinition of macro "UART_ICR" (declared at line 1337 of "..\Inc\CMSDK_CM3.h")
  #define UART_ICR              ((volatile unsigned int *)(0x40002000 + 0x0044))
..\Inc\cm0ik_reg.h(54): warning:  #47-D: incompatible redefinition of macro "UART_DMACR" (declared at line 1338 of "..\Inc\CMSDK_CM3.h")
  #define UART_DMACR            ((volatile unsigned int *)(0x40002000 + 0x0048))
..\Inc\pkcc_module.h(37): warning:  #1-D: last line of file ends without a newline
  #endif
..\Inc\ecdsa_t.h(18): warning:  #1295-D: Deprecated declaration ecc_memory_setting - give arg types
  extern void ecc_memory_setting();
..\src\ECC\ecdsa_t.c(177): warning:  #177-D: variable "buf" was declared but never referenced
        uint8_t buf[32];
..\src\ECC\ecdsa_t.c(182): warning:  #177-D: variable "sha_ctx" was declared but never referenced
        SHA256_CTX sha_ctx;                     
..\src\ECC\ecdsa_t.c: 20 warnings, 0 errors
compiling pkcc_module.c...
..\Inc\cm0ik_reg.h(39): warning:  #47-D: incompatible redefinition of macro "UART_BASE" (declared at line 1323 of "..\Inc\CMSDK_CM3.h")
  #define UART_BASE             ((volatile unsigned int *)(0x40002000))
..\Inc\cm0ik_reg.h(40): warning:  #47-D: incompatible redefinition of macro "UART_DR" (declared at line 1324 of "..\Inc\CMSDK_CM3.h")
  #define UART_DR               ((volatile unsigned int *)(0x40002000 + 0x0000))
..\Inc\cm0ik_reg.h(41): warning:  #47-D: incompatible redefinition of macro "UART_RSR" (declared at line 1325 of "..\Inc\CMSDK_CM3.h")
  #define UART_RSR              ((volatile unsigned int *)(0x40002000 + 0x0004))
..\Inc\cm0ik_reg.h(42): warning:  #47-D: incompatible redefinition of macro "UART_ECR" (declared at line 1326 of "..\Inc\CMSDK_CM3.h")
  #define UART_ECR              ((volatile unsigned int *)(0x40002000 + 0x0004))
..\Inc\cm0ik_reg.h(43): warning:  #47-D: incompatible redefinition of macro "UART_FR" (declared at line 1327 of "..\Inc\CMSDK_CM3.h")
  #define UART_FR               ((volatile unsigned int *)(0x40002000 + 0x0018))
..\Inc\cm0ik_reg.h(44): warning:  #47-D: incompatible redefinition of macro "UART_ILPR" (declared at line 1328 of "..\Inc\CMSDK_CM3.h")
  #define UART_ILPR             ((volatile unsigned int *)(0x40002000 + 0x0020))
..\Inc\cm0ik_reg.h(45): warning:  #47-D: incompatible redefinition of macro "UART_IBRD" (declared at line 1329 of "..\Inc\CMSDK_CM3.h")
  #define UART_IBRD             ((volatile unsigned int *)(0x40002000 + 0x0024))
..\Inc\cm0ik_reg.h(46): warning:  #47-D: incompatible redefinition of macro "UART_FBRD" (declared at line 1330 of "..\Inc\CMSDK_CM3.h")
  #define UART_FBRD             ((volatile unsigned int *)(0x40002000 + 0x0028))
..\Inc\cm0ik_reg.h(47): warning:  #47-D: incompatible redefinition of macro "UART_LCR_H" (declared at line 1331 of "..\Inc\CMSDK_CM3.h")
  #define UART_LCR_H            ((volatile unsigned int *)(0x40002000 + 0x002C))
..\Inc\cm0ik_reg.h(48): warning:  #47-D: incompatible redefinition of macro "UART_CR" (declared at line 1332 of "..\Inc\CMSDK_CM3.h")
  #define UART_CR               ((volatile unsigned int *)(0x40002000 + 0x0030))
..\Inc\cm0ik_reg.h(49): warning:  #47-D: incompatible redefinition of macro "UART_IFLS" (declared at line 1333 of "..\Inc\CMSDK_CM3.h")
  #define UART_IFLS             ((volatile unsigned int *)(0x40002000 + 0x0034))
..\Inc\cm0ik_reg.h(50): warning:  #47-D: incompatible redefinition of macro "UART_IMSC" (declared at line 1334 of "..\Inc\CMSDK_CM3.h")
  #define UART_IMSC             ((volatile unsigned int *)(0x40002000 + 0x0038))
..\Inc\cm0ik_reg.h(51): warning:  #47-D: incompatible redefinition of macro "UART_RIS" (declared at line 1335 of "..\Inc\CMSDK_CM3.h")
  #define UART_RIS              ((volatile unsigned int *)(0x40002000 + 0x003C))
..\Inc\cm0ik_reg.h(52): warning:  #47-D: incompatible redefinition of macro "UART_MIS" (declared at line 1336 of "..\Inc\CMSDK_CM3.h")
  #define UART_MIS              ((volatile unsigned int *)(0x40002000 + 0x0040))
..\Inc\cm0ik_reg.h(53): warning:  #47-D: incompatible redefinition of macro "UART_ICR" (declared at line 1337 of "..\Inc\CMSDK_CM3.h")
  #define UART_ICR              ((volatile unsigned int *)(0x40002000 + 0x0044))
..\Inc\cm0ik_reg.h(54): warning:  #47-D: incompatible redefinition of macro "UART_DMACR" (declared at line 1338 of "..\Inc\CMSDK_CM3.h")
  #define UART_DMACR            ((volatile unsigned int *)(0x40002000 + 0x0048))
..\Inc\pkcc_module.h(37): warning:  #1-D: last line of file ends without a newline
  #endif
..\src\ECC\pkcc_module.c(477): warning:  #177-D: variable "result" was declared but never referenced
        unsigned char result = 0;
..\src\ECC\pkcc_module.c(604): warning:  #177-D: variable "j" was declared but never referenced
        int i, j = 0;
..\src\ECC\pkcc_module.c: 19 warnings, 0 errors
compiling pkcc_module_vector_test.c...
..\Inc\cm0ik_reg.h(39): warning:  #47-D: incompatible redefinition of macro "UART_BASE" (declared at line 1323 of "..\Inc\CMSDK_CM3.h")
  #define UART_BASE             ((volatile unsigned int *)(0x40002000))
..\Inc\cm0ik_reg.h(40): warning:  #47-D: incompatible redefinition of macro "UART_DR" (declared at line 1324 of "..\Inc\CMSDK_CM3.h")
  #define UART_DR               ((volatile unsigned int *)(0x40002000 + 0x0000))
..\Inc\cm0ik_reg.h(41): warning:  #47-D: incompatible redefinition of macro "UART_RSR" (declared at line 1325 of "..\Inc\CMSDK_CM3.h")
  #define UART_RSR              ((volatile unsigned int *)(0x40002000 + 0x0004))
..\Inc\cm0ik_reg.h(42): warning:  #47-D: incompatible redefinition of macro "UART_ECR" (declared at line 1326 of "..\Inc\CMSDK_CM3.h")
  #define UART_ECR              ((volatile unsigned int *)(0x40002000 + 0x0004))
..\Inc\cm0ik_reg.h(43): warning:  #47-D: incompatible redefinition of macro "UART_FR" (declared at line 1327 of "..\Inc\CMSDK_CM3.h")
  #define UART_FR               ((volatile unsigned int *)(0x40002000 + 0x0018))
..\Inc\cm0ik_reg.h(44): warning:  #47-D: incompatible redefinition of macro "UART_ILPR" (declared at line 1328 of "..\Inc\CMSDK_CM3.h")
  #define UART_ILPR             ((volatile unsigned int *)(0x40002000 + 0x0020))
..\Inc\cm0ik_reg.h(45): warning:  #47-D: incompatible redefinition of macro "UART_IBRD" (declared at line 1329 of "..\Inc\CMSDK_CM3.h")
  #define UART_IBRD             ((volatile unsigned int *)(0x40002000 + 0x0024))
..\Inc\cm0ik_reg.h(46): warning:  #47-D: incompatible redefinition of macro "UART_FBRD" (declared at line 1330 of "..\Inc\CMSDK_CM3.h")
  #define UART_FBRD             ((volatile unsigned int *)(0x40002000 + 0x0028))
..\Inc\cm0ik_reg.h(47): warning:  #47-D: incompatible redefinition of macro "UART_LCR_H" (declared at line 1331 of "..\Inc\CMSDK_CM3.h")
  #define UART_LCR_H            ((volatile unsigned int *)(0x40002000 + 0x002C))
..\Inc\cm0ik_reg.h(48): warning:  #47-D: incompatible redefinition of macro "UART_CR" (declared at line 1332 of "..\Inc\CMSDK_CM3.h")
  #define UART_CR               ((volatile unsigned int *)(0x40002000 + 0x0030))
..\Inc\cm0ik_reg.h(49): warning:  #47-D: incompatible redefinition of macro "UART_IFLS" (declared at line 1333 of "..\Inc\CMSDK_CM3.h")
  #define UART_IFLS             ((volatile unsigned int *)(0x40002000 + 0x0034))
..\Inc\cm0ik_reg.h(50): warning:  #47-D: incompatible redefinition of macro "UART_IMSC" (declared at line 1334 of "..\Inc\CMSDK_CM3.h")
  #define UART_IMSC             ((volatile unsigned int *)(0x40002000 + 0x0038))
..\Inc\cm0ik_reg.h(51): warning:  #47-D: incompatible redefinition of macro "UART_RIS" (declared at line 1335 of "..\Inc\CMSDK_CM3.h")
  #define UART_RIS              ((volatile unsigned int *)(0x40002000 + 0x003C))
..\Inc\cm0ik_reg.h(52): warning:  #47-D: incompatible redefinition of macro "UART_MIS" (declared at line 1336 of "..\Inc\CMSDK_CM3.h")
  #define UART_MIS              ((volatile unsigned int *)(0x40002000 + 0x0040))
..\Inc\cm0ik_reg.h(53): warning:  #47-D: incompatible redefinition of macro "UART_ICR" (declared at line 1337 of "..\Inc\CMSDK_CM3.h")
  #define UART_ICR              ((volatile unsigned int *)(0x40002000 + 0x0044))
..\Inc\cm0ik_reg.h(54): warning:  #47-D: incompatible redefinition of macro "UART_DMACR" (declared at line 1338 of "..\Inc\CMSDK_CM3.h")
  #define UART_DMACR            ((volatile unsigned int *)(0x40002000 + 0x0048))
..\Inc\pkcc_module.h(37): warning:  #1-D: last line of file ends without a newline
  #endif
..\src\ECC\pkcc_module_vector_test.c(12): warning:  #177-D: variable "bytes_per_line" was declared but never referenced
      const size_t bytes_per_line = 32;
..\src\ECC\pkcc_module_vector_test.c(21): warning:  #177-D: variable "k" was declared but never referenced
        mbedtls_mpi k, e, t, s, d;
..\src\ECC\pkcc_module_vector_test.c(21): warning:  #177-D: variable "e" was declared but never referenced
        mbedtls_mpi k, e, t, s, d;
..\src\ECC\pkcc_module_vector_test.c(21): warning:  #177-D: variable "t" was declared but never referenced
        mbedtls_mpi k, e, t, s, d;
..\src\ECC\pkcc_module_vector_test.c(21): warning:  #177-D: variable "s" was declared but never referenced
        mbedtls_mpi k, e, t, s, d;
..\src\ECC\pkcc_module_vector_test.c(21): warning:  #177-D: variable "d" was declared but never referenced
        mbedtls_mpi k, e, t, s, d;
..\src\ECC\pkcc_module_vector_test.c(26): warning:  #177-D: variable "order_n" was declared but never referenced
        uint32_t order_n[8] =  { 0xFFFFFFFF, 0x00000000, 0xFFFFFFFF, 0xFFFFFFFF, 0xBCE6FAAD, 0xA7179E84, 0xF3B9CAC2, 0xFC632551 };
..\src\ECC\pkcc_module_vector_test.c(61): warning:  #177-D: variable "temp3" was declared but never referenced
        uint32_t temp3[8] = {0x5f6bd7fe, 0xca8f6e30, 0x23209db2, 0x69e4c307, 0x20bab6f4, 0x90382c52, 0xd50c0cef, 0xd13aa278 };
..\src\ECC\pkcc_module_vector_test.c(62): warning:  #177-D: variable "k_inv" was declared but never referenced
        uint32_t k_inv[8];
..\src\ECC\pkcc_module_vector_test.c(606): warning:  #1-D: last line of file ends without a newline
  }
..\src\ECC\pkcc_module_vector_test.c: 27 warnings, 0 errors
compiling rsa_t.c...
..\Inc\cm0ik_reg.h(39): warning:  #47-D: incompatible redefinition of macro "UART_BASE" (declared at line 1323 of "..\Inc\CMSDK_CM3.h")
  #define UART_BASE             ((volatile unsigned int *)(0x40002000))
..\Inc\cm0ik_reg.h(40): warning:  #47-D: incompatible redefinition of macro "UART_DR" (declared at line 1324 of "..\Inc\CMSDK_CM3.h")
  #define UART_DR               ((volatile unsigned int *)(0x40002000 + 0x0000))
..\Inc\cm0ik_reg.h(41): warning:  #47-D: incompatible redefinition of macro "UART_RSR" (declared at line 1325 of "..\Inc\CMSDK_CM3.h")
  #define UART_RSR              ((volatile unsigned int *)(0x40002000 + 0x0004))
..\Inc\cm0ik_reg.h(42): warning:  #47-D: incompatible redefinition of macro "UART_ECR" (declared at line 1326 of "..\Inc\CMSDK_CM3.h")
  #define UART_ECR              ((volatile unsigned int *)(0x40002000 + 0x0004))
..\Inc\cm0ik_reg.h(43): warning:  #47-D: incompatible redefinition of macro "UART_FR" (declared at line 1327 of "..\Inc\CMSDK_CM3.h")
  #define UART_FR               ((volatile unsigned int *)(0x40002000 + 0x0018))
..\Inc\cm0ik_reg.h(44): warning:  #47-D: incompatible redefinition of macro "UART_ILPR" (declared at line 1328 of "..\Inc\CMSDK_CM3.h")
  #define UART_ILPR             ((volatile unsigned int *)(0x40002000 + 0x0020))
..\Inc\cm0ik_reg.h(45): warning:  #47-D: incompatible redefinition of macro "UART_IBRD" (declared at line 1329 of "..\Inc\CMSDK_CM3.h")
  #define UART_IBRD             ((volatile unsigned int *)(0x40002000 + 0x0024))
..\Inc\cm0ik_reg.h(46): warning:  #47-D: incompatible redefinition of macro "UART_FBRD" (declared at line 1330 of "..\Inc\CMSDK_CM3.h")
  #define UART_FBRD             ((volatile unsigned int *)(0x40002000 + 0x0028))
..\Inc\cm0ik_reg.h(47): warning:  #47-D: incompatible redefinition of macro "UART_LCR_H" (declared at line 1331 of "..\Inc\CMSDK_CM3.h")
  #define UART_LCR_H            ((volatile unsigned int *)(0x40002000 + 0x002C))
..\Inc\cm0ik_reg.h(48): warning:  #47-D: incompatible redefinition of macro "UART_CR" (declared at line 1332 of "..\Inc\CMSDK_CM3.h")
  #define UART_CR               ((volatile unsigned int *)(0x40002000 + 0x0030))
..\Inc\cm0ik_reg.h(49): warning:  #47-D: incompatible redefinition of macro "UART_IFLS" (declared at line 1333 of "..\Inc\CMSDK_CM3.h")
  #define UART_IFLS             ((volatile unsigned int *)(0x40002000 + 0x0034))
..\Inc\cm0ik_reg.h(50): warning:  #47-D: incompatible redefinition of macro "UART_IMSC" (declared at line 1334 of "..\Inc\CMSDK_CM3.h")
  #define UART_IMSC             ((volatile unsigned int *)(0x40002000 + 0x0038))
..\Inc\cm0ik_reg.h(51): warning:  #47-D: incompatible redefinition of macro "UART_RIS" (declared at line 1335 of "..\Inc\CMSDK_CM3.h")
  #define UART_RIS              ((volatile unsigned int *)(0x40002000 + 0x003C))
..\Inc\cm0ik_reg.h(52): warning:  #47-D: incompatible redefinition of macro "UART_MIS" (declared at line 1336 of "..\Inc\CMSDK_CM3.h")
  #define UART_MIS              ((volatile unsigned int *)(0x40002000 + 0x0040))
..\Inc\cm0ik_reg.h(53): warning:  #47-D: incompatible redefinition of macro "UART_ICR" (declared at line 1337 of "..\Inc\CMSDK_CM3.h")
  #define UART_ICR              ((volatile unsigned int *)(0x40002000 + 0x0044))
..\Inc\cm0ik_reg.h(54): warning:  #47-D: incompatible redefinition of macro "UART_DMACR" (declared at line 1338 of "..\Inc\CMSDK_CM3.h")
  #define UART_DMACR            ((volatile unsigned int *)(0x40002000 + 0x0048))
..\Inc\pkcc_module.h(37): warning:  #1-D: last line of file ends without a newline
  #endif
..\src\ECC\rsa_t.c(23): warning:  #550-D: variable "len" was set but never used
        uint32_t len = 0;
..\src\ECC\rsa_t.c(29): warning:  #1-D: last line of file ends without a newline
  #endif
..\src\ECC\rsa_t.c: 19 warnings, 0 errors
compiling CM3_dma.c...
..\src\DMA\CM3_dma.c(7): warning:  #223-D: function "delay_us" declared implicitly
        delay_us(1);
..\src\DMA\CM3_dma.c: 1 warning, 0 errors
compiling irq_test.c...
..\src\IRQ\irq_test.c(18): warning:  #188-D: enumerated type mixed with another type
                
VIC_EnableIRQ(i);       
..\src\IRQ\irq_test.c(96): warning:  #188-D: enumerated type mixed with another type
        
VIC_EnableIRQ(2);  //GPIO_0 interrupt no.2
..\src\IRQ\irq_test.c(97): warning:  #188-D: enumerated type mixed with another type
        
VIC_EnableIRQ(3);  //GPIO_0 interrupt no.3
..\src\IRQ\irq_test.c(98): warning:  #188-D: enumerated type mixed with another type
        
VIC_EnableIRQ(10);
..\src\IRQ\irq_test.c(99): warning:  #188-D: enumerated type mixed with another type
        
VIC_EnableIRQ(16);  //GPIO_0 interrupt no.16
..\src\IRQ\irq_test.c(104): warning:  #223-D: function "TimerTest2" declared implicitly
        TimerTest2();
..\src\IRQ\irq_test.c: 6 warnings, 0 errors
compiling interrupt.c...
..\src\IRQ\interrupt.c(89): warning:  #223-D: function "GPIO_SETHIGH" declared implicitly
        GPIO_SETHIGH();
..\src\IRQ\interrupt.c(90): warning:  #223-D: function "GPIO_SETLOW" declared implicitly
        GPIO_SETLOW();
..\src\IRQ\interrupt.c(92): warning:  #111-D: statement is unreachable
        
MSDK_GPIO0->OUTENABLESET = 0xF;
..\src\IRQ\interrupt.c(134): warning:  #111-D: statement is unreachable
        printf("\r\n data out %x",CMSDK_GPIO0->DATA);
..\src\IRQ\interrupt.c: 4 warnings, 0 errors
compiling i2c_test.c...
..\Inc\d6_config.h(3): warning:  #47-D: incompatible redefinition of macro "RCM3_EEP_CTRL" (declared at line 1280 of "..\Inc\CMSDK_CM3.h")
  #define RCM3_EEP_CTRL                   ((volatile unsigned int *)(0x00100000 + 0x00))
..\Inc\d6_config.h(4): warning:  #47-D: incompatible redefinition of macro "RCM3_EEP_BYFB_LEN_ADDR" (declared at line 1281 of "..\Inc\CMSDK_CM3.h")
  #define RCM3_EEP_BYFB_LEN_ADDR          ((volatile unsigned int *)(0x00100000 + 0x04))
..\src\I2C\i2c_test.c(94): warning:  #111-D: statement is unreachable
        return;
..\src\I2C\i2c_test.c(9): warning:  #177-D: variable "i" was declared but never referenced
        int i = 0, j = 0;
..\src\I2C\i2c_test.c(10): warning:  #177-D: variable "count" was declared but never referenced
        unsigned int count = 1;
..\src\I2C\i2c_test.c(11): warning:  #177-D: variable "Delay" was declared but never referenced
        unsigned int Delay = 10000;
..\src\I2C\i2c_test.c: 6 warnings, 0 errors
compiling system_ARMCM3.c...
linking...
Program Size: Code=4144 RO-data=568 RW-data=28 ZI-data=78436  
FromELF: creating hex file...
After Build - User command #1: fromelf --bin ".\Objects\Dalpu6_FP.axf" --output ".\Objects\Dalpu6_FP.bin"
".\Objects\Dalpu6_FP.axf" - 0 Error(s), 435 Warning(s).
*** Completed Cross-Module-Optimization after 2 iteration(s).

<h2>Software Packages used:</h2>

Package Vendor: ARM
                http://www.keil.com/pack/ARM.CMSIS.5.9.0.pack
                ARM::CMSIS:CORE:5.6.0
                CMSIS (Common Microcontroller Software Interface Standard)
   * Component: CORE Version: 5.6.0
   * Component: Startup Version: 1.2.2

<h2>Collection of Component include folders:</h2>
  C:\Users\kibong\Desktop\neowine\Neowine 개발자료\BL2\CM3_dalpu6_20220527\CM3_dalpu6\MDK-ARM\RTE
  C:\Users\kibong\AppData\Local\Arm\Packs\ARM\CMSIS\5.9.0\CMSIS\Core\Include
  C:\Users\kibong\AppData\Local\Arm\Packs\ARM\CMSIS\5.9.0\Device\ARM\ARMCM3\Include

<h2>Collection of Component Files used:</h2>

   * Component: ARM::CMSIS:CORE:5.6.0
      Source file:   CMSIS\Core\Template\ARMv8-M\main_s.c
      Source file:   CMSIS\Core\Template\ARMv8-M\tz_context.c
      Include file:  CMSIS\Core\Include\tz_context.h

   * Component: ARM::Device:Startup:1.2.2
      Source file:   Device\ARM\ARMCM3\Source\ARM\startup_ARMCM3.s
      Source file:   Device\ARM\ARMCM3\Source\system_ARMCM3.c
      Include file:  Device\ARM\ARMCM3\Include\ARMCM3.h
Build Time Elapsed:  00:00:54
</pre>
</body>
</html>
