


ARM Macro Assembler    Page 1 


    1 00000000         ;/******************************************************
                       ********************//**
    2 00000000         ; * @file     startup_ARMCM3.s
    3 00000000         ; * @brief    CMSIS Core Device Startup File for
    4 00000000         ; *           ARMCM3 Device Series
    5 00000000         ; * @version  V5.00
    6 00000000         ; * @date     02. March 2016
    7 00000000         ; ******************************************************
                       ************************/
    8 00000000         ;/*
    9 00000000         ; * Copyright (c) 2009-2016 ARM Limited. All rights rese
                       rved.
   10 00000000         ; *
   11 00000000         ; * SPDX-License-Identifier: Apache-2.0
   12 00000000         ; *
   13 00000000         ; * Licensed under the Apache License, Version 2.0 (the 
                       License); you may
   14 00000000         ; * not use this file except in compliance with the Lice
                       nse.
   15 00000000         ; * You may obtain a copy of the License at
   16 00000000         ; *
   17 00000000         ; * www.apache.org/licenses/LICENSE-2.0
   18 00000000         ; *
   19 00000000         ; * Unless required by applicable law or agreed to in wr
                       iting, software
   20 00000000         ; * distributed under the License is distributed on an A
                       S IS BASIS, WITHOUT
   21 00000000         ; * WARRANTIES OR CONDITIONS OF ANY KIND, either express
                        or implied.
   22 00000000         ; * See the License for the specific language governing 
                       permissions and
   23 00000000         ; * limitations under the License.
   24 00000000         ; */
   25 00000000         
   26 00000000         ;/*
   27 00000000         ;//-------- <<< Use Configuration Wizard in Context Menu
                        >>> ------------------
   28 00000000         ;*/
   29 00000000         
   30 00000000         
   31 00000000         ; <h> Stack Configuration
   32 00000000         ;   <o> Stack Size (in Bytes) <0x0-0xFFFFFFFF:8>
   33 00000000         ; </h>
   34 00000000         
   35 00000000 00001200 
                       Stack_Size
                               EQU              0x00001200
   36 00000000         
   37 00000000                 AREA             STACK, NOINIT, READWRITE, ALIGN
=3
   38 00000000         Stack_Mem
                               SPACE            Stack_Size
   39 00001200         __initial_sp
   40 00001200         
   41 00001200         
   42 00001200         ; <h> Heap Configuration
   43 00001200         ;   <o>  Heap Size (in Bytes) <0x0-0xFFFFFFFF:8>
   44 00001200         ; </h>
   45 00001200         



ARM Macro Assembler    Page 2 


   46 00001200         ;Heap_Size       EQU     0x0001E000
   47 00001200         ;Heap_Size       EQU     0x00025000
   48 00001200 00012000 
                       Heap_Size
                               EQU              0x00012000
   49 00001200         
   50 00001200                 AREA             HEAP, NOINIT, READWRITE, ALIGN=
3
   51 00000000         __heap_base
   52 00000000         Heap_Mem
                               SPACE            Heap_Size
   53 00012000         __heap_limit
   54 00012000         
   55 00012000         
   56 00012000                 PRESERVE8
   57 00012000                 THUMB
   58 00012000         
   59 00012000         
   60 00012000         ; Vector Table Mapped to Address 0 at Reset
   61 00012000         
   62 00012000                 AREA             RESET, DATA, READONLY
   63 00000000                 EXPORT           __Vectors
   64 00000000                 EXPORT           __Vectors_End
   65 00000000                 EXPORT           __Vectors_Size
   66 00000000         
   67 00000000 00000000 
                       __Vectors
                               DCD              __initial_sp ; Top of Stack
   68 00000004 00000000        DCD              Reset_Handler ; Reset Handler
   69 00000008 00000000        DCD              NMI_Handler ; NMI Handler
   70 0000000C 00000000        DCD              HardFault_Handler ; Hard Fault 
                                                            Handler
   71 00000010 00000000        DCD              MemManage_Handler 
                                                            ; MPU Fault Handler
                                                            
   72 00000014 00000000        DCD              BusFault_Handler 
                                                            ; Bus Fault Handler
                                                            
   73 00000018 00000000        DCD              UsageFault_Handler ; Usage Faul
                                                            t Handler
   74 0000001C 00000000        DCD              0           ; Reserved
   75 00000020 00000000        DCD              0           ; Reserved
   76 00000024 00000000        DCD              0           ; Reserved
   77 00000028 00000000        DCD              0           ; Reserved
   78 0000002C 00000000        DCD              SVC_Handler ; SVCall Handler
   79 00000030 00000000        DCD              DebugMon_Handler ; Debug Monito
                                                            r Handler
   80 00000034 00000000        DCD              0           ; Reserved
   81 00000038 00000000        DCD              PendSV_Handler ; PendSV Handler
                                                            
   82 0000003C 00000000        DCD              SysTick_Handler 
                                                            ; SysTick Handler
   83 00000040         
   84 00000040         ; External Interrupts
   85 00000040 00000000        DCD              INT_0_HANDLER ;  0:  Watchdog T
                                                            imer16
   86 00000044 00000000        DCD              INT_1_HANDLER ;  1:  Real Time 
                                                            Clock17
   87 00000048 00000000        DCD              INT_2_HANDLER ;  2:  Timer0 / T



ARM Macro Assembler    Page 3 


                                                            imer118
   88 0000004C 00000000        DCD              INT_3_HANDLER ;  3:  Timer2 / T
                                                            imer319
   89 00000050 00000000        DCD              INT_4_HANDLER ;  4:  MCIa20
   90 00000054 00000000        DCD              INT_5_HANDLER ;  5:  MCIb21
   91 00000058 00000000        DCD              INT_6_HANDLER ;  6:  UART0 - DU
                                                            T FPGA22
   92 0000005C 00000000        DCD              INT_7_HANDLER ;  7:  UART1 - DU
                                                            T FPGA23
   93 00000060 00000000        DCD              INT_8_HANDLER ;  8:  UART2 - DU
                                                            T FPGA24
   94 00000064 00000000        DCD              INT_9_HANDLER ;  9:  UART4 - no
                                                            t connected25
   95 00000068 00000000        DCD              INT_10_HANDLER 
                                                            ; 10: AACI / AC9726
                                                            
   96 0000006C 00000000        DCD              INT_11_HANDLER ; 11: CLCD Combi
                                                            ned Interrupt27
   97 00000070 00000000        DCD              INT_12_HANDLER ; 12: Ethernet28
                                                            
   98 00000074 00000000        DCD              INT_13_HANDLER 
                                                            ; 13: USB Device29
   99 00000078 00000000        DCD              INT_14_HANDLER ; 14: USB Host C
                                                            ontroller30
  100 0000007C 00000000        DCD              INT_15_HANDLER ; 15: Character 
                                                            LCD31
  101 00000080 00000000        DCD              INT_16_HANDLER ; 16: Flexray32
  102 00000084 00000000        DCD              INT_17_HANDLER ; 17: CAN33 
  103 00000088         __Vectors_End
  104 00000088         
  105 00000088 00000088 
                       __Vectors_Size
                               EQU              __Vectors_End - __Vectors
  106 00000088         
  107 00000088                 AREA             |.text|, CODE, READONLY
  108 00000000         
  109 00000000         
  110 00000000         ; Reset Handler
  111 00000000         
  112 00000000         Reset_Handler
                               PROC
  113 00000000                 EXPORT           Reset_Handler             [WEAK
]
  114 00000000                 IMPORT           SystemInit
  115 00000000                 IMPORT           __main
  116 00000000 481B            LDR              R0, =SystemInit
  117 00000002 4780            BLX              R0
  118 00000004 481B            LDR              R0, =__main
  119 00000006 4700            BX               R0
  120 00000008                 ENDP
  121 00000008         INT_0_HANDLER
                               PROC
  122 00000008                 EXPORT           INT_0_HANDLER           [WEAK]
  123 00000008                 IMPORT           Interrupt0
  124 00000008         
  125 00000008 481B            LDR              R0, =Interrupt0
  126 0000000A 4700            BX               R0
  127 0000000C                 ENDP
  128 0000000C         INT_1_HANDLER



ARM Macro Assembler    Page 4 


                               PROC
  129 0000000C                 EXPORT           INT_1_HANDLER           [WEAK]
  130 0000000C                 IMPORT           Interrupt1
  131 0000000C         
  132 0000000C 481B            LDR              R0, =Interrupt1
  133 0000000E 4700            BX               R0
  134 00000010                 ENDP
  135 00000010         INT_2_HANDLER
                               PROC
  136 00000010                 EXPORT           INT_2_HANDLER           [WEAK]
  137 00000010                 IMPORT           Interrupt2
  138 00000010         
  139 00000010 481B            LDR              R0, =Interrupt2
  140 00000012 4700            BX               R0
  141 00000014                 ENDP
  142 00000014         INT_3_HANDLER
                               PROC
  143 00000014                 EXPORT           INT_3_HANDLER           [WEAK]
  144 00000014                 IMPORT           Interrupt3
  145 00000014         
  146 00000014 481B            LDR              R0, =Interrupt3
  147 00000016 4700            BX               R0
  148 00000018                 ENDP
  149 00000018         INT_4_HANDLER
                               PROC
  150 00000018                 EXPORT           INT_4_HANDLER           [WEAK]
  151 00000018                 IMPORT           Interrupt4
  152 00000018         
  153 00000018 481B            LDR              R0, =Interrupt4
  154 0000001A 4700            BX               R0
  155 0000001C                 ENDP
  156 0000001C         INT_5_HANDLER
                               PROC
  157 0000001C                 EXPORT           INT_5_HANDLER           [WEAK]
  158 0000001C                 IMPORT           Interrupt5
  159 0000001C         
  160 0000001C 481B            LDR              R0, =Interrupt5
  161 0000001E 4700            BX               R0
  162 00000020                 ENDP
  163 00000020         INT_6_HANDLER
                               PROC
  164 00000020                 EXPORT           INT_6_HANDLER           [WEAK]
  165 00000020                 IMPORT           Interrupt6
  166 00000020         
  167 00000020 481B            LDR              R0, =Interrupt6
  168 00000022 4700            BX               R0
  169 00000024                 ENDP
  170 00000024         INT_7_HANDLER
                               PROC
  171 00000024                 EXPORT           INT_7_HANDLER           [WEAK]
  172 00000024                 IMPORT           Interrupt7
  173 00000024         
  174 00000024 481B            LDR              R0, =Interrupt7
  175 00000026 4700            BX               R0
  176 00000028                 ENDP
  177 00000028         INT_8_HANDLER
                               PROC
  178 00000028                 EXPORT           INT_8_HANDLER           [WEAK]
  179 00000028                 IMPORT           Interrupt8



ARM Macro Assembler    Page 5 


  180 00000028         
  181 00000028 481B            LDR              R0, =Interrupt8
  182 0000002A 4700            BX               R0
  183 0000002C                 ENDP
  184 0000002C         INT_9_HANDLER
                               PROC
  185 0000002C                 EXPORT           INT_9_HANDLER           [WEAK]
  186 0000002C                 IMPORT           Interrupt9
  187 0000002C         
  188 0000002C 481B            LDR              R0, =Interrupt9
  189 0000002E 4700            BX               R0
  190 00000030                 ENDP
  191 00000030         INT_10_HANDLER
                               PROC
  192 00000030                 EXPORT           INT_10_HANDLER           [WEAK]
  193 00000030                 IMPORT           Interrupt10
  194 00000030         
  195 00000030 481B            LDR              R0, =Interrupt10
  196 00000032 4700            BX               R0
  197 00000034                 ENDP
  198 00000034         INT_11_HANDLER
                               PROC
  199 00000034                 EXPORT           INT_11_HANDLER           [WEAK]
  200 00000034                 IMPORT           Interrupt11
  201 00000034         
  202 00000034 4810            LDR              R0, =Interrupt0
  203 00000036 4700            BX               R0
  204 00000038                 ENDP
  205 00000038         INT_12_HANDLER
                               PROC
  206 00000038                 EXPORT           INT_12_HANDLER           [WEAK]
  207 00000038                 IMPORT           Interrupt12
  208 00000038         
  209 00000038 481A            LDR              R0, =Interrupt12
  210 0000003A 4700            BX               R0
  211 0000003C                 ENDP
  212 0000003C         INT_13_HANDLER
                               PROC
  213 0000003C                 EXPORT           INT_13_HANDLER           [WEAK]
  214 0000003C                 IMPORT           Interrupt13
  215 0000003C         
  216 0000003C 481A            LDR              R0, =Interrupt13
  217 0000003E 4700            BX               R0
  218 00000040                 ENDP
  219 00000040         INT_14_HANDLER
                               PROC
  220 00000040                 EXPORT           INT_14_HANDLER           [WEAK]
  221 00000040                 IMPORT           Interrupt14
  222 00000040         
  223 00000040 481A            LDR              R0, =Interrupt14
  224 00000042 4700            BX               R0
  225 00000044                 ENDP
  226 00000044         INT_15_HANDLER
                               PROC
  227 00000044                 EXPORT           INT_15_HANDLER           [WEAK]
  228 00000044                 IMPORT           Interrupt15
  229 00000044         
  230 00000044 481A            LDR              R0, =Interrupt15
  231 00000046 4700            BX               R0



ARM Macro Assembler    Page 6 


  232 00000048                 ENDP
  233 00000048         INT_16_HANDLER
                               PROC
  234 00000048                 EXPORT           INT_16_HANDLER           [WEAK]
  235 00000048                 IMPORT           Interrupt16
  236 00000048         
  237 00000048 481A            LDR              R0, =Interrupt16
  238 0000004A 4700            BX               R0
  239 0000004C                 ENDP
  240 0000004C         INT_17_HANDLER
                               PROC
  241 0000004C                 EXPORT           INT_17_HANDLER           [WEAK]
  242 0000004C                 IMPORT           Interrupt17
  243 0000004C         
  244 0000004C 481A            LDR              R0, =Interrupt17
  245 0000004E 4700            BX               R0
  246 00000050                 ENDP
  247 00000050         
  248 00000050         
  249 00000050         ; Dummy Exception Handlers (infinite loops which can be 
                       modified)
  250 00000050         
  251 00000050         NMI_Handler
                               PROC
  252 00000050                 EXPORT           NMI_Handler               [WEAK
]
  253 00000050 E7FE            B                .
  254 00000052                 ENDP
  256 00000052         HardFault_Handler
                               PROC
  257 00000052                 EXPORT           HardFault_Handler         [WEAK
]
  258 00000052 E7FE            B                .
  259 00000054                 ENDP
  261 00000054         MemManage_Handler
                               PROC
  262 00000054                 EXPORT           MemManage_Handler         [WEAK
]
  263 00000054 E7FE            B                .
  264 00000056                 ENDP
  266 00000056         BusFault_Handler
                               PROC
  267 00000056                 EXPORT           BusFault_Handler          [WEAK
]
  268 00000056 E7FE            B                .
  269 00000058                 ENDP
  271 00000058         UsageFault_Handler
                               PROC
  272 00000058                 EXPORT           UsageFault_Handler        [WEAK
]
  273 00000058 E7FE            B                .
  274 0000005A                 ENDP
  275 0000005A         SVC_Handler
                               PROC
  276 0000005A                 EXPORT           SVC_Handler               [WEAK
]
  277 0000005A E7FE            B                .
  278 0000005C                 ENDP
  280 0000005C         DebugMon_Handler



ARM Macro Assembler    Page 7 


                               PROC
  281 0000005C                 EXPORT           DebugMon_Handler          [WEAK
]
  282 0000005C E7FE            B                .
  283 0000005E                 ENDP
  284 0000005E         PendSV_Handler
                               PROC
  285 0000005E                 EXPORT           PendSV_Handler            [WEAK
]
  286 0000005E E7FE            B                .
  287 00000060                 ENDP
  288 00000060         SysTick_Handler
                               PROC
  289 00000060                 EXPORT           SysTick_Handler           [WEAK
]
  290 00000060 E7FE            B                .
  291 00000062                 ENDP
  292 00000062         
  293 00000062         Default_Handler
                               PROC
  294 00000062         
  295 00000062                 EXPORT           WDT_IRQHandler            [WEAK
]
  296 00000062                 EXPORT           RTC_IRQHandler            [WEAK
]
  297 00000062                 EXPORT           TIM0_IRQHandler           [WEAK
]
  298 00000062                 EXPORT           TIM2_IRQHandler           [WEAK
]
  299 00000062                 EXPORT           MCIA_IRQHandler           [WEAK
]
  300 00000062                 EXPORT           MCIB_IRQHandler           [WEAK
]
  301 00000062                 EXPORT           UART0_IRQHandler          [WEAK
]
  302 00000062                 EXPORT           UART1_IRQHandler          [WEAK
]
  303 00000062                 EXPORT           UART2_IRQHandler          [WEAK
]
  304 00000062                 EXPORT           UART3_IRQHandler          [WEAK
]
  305 00000062                 EXPORT           UART4_IRQHandler          [WEAK
]
  306 00000062                 EXPORT           AACI_IRQHandler           [WEAK
]
  307 00000062                 EXPORT           CLCD_IRQHandler           [WEAK
]
  308 00000062                 EXPORT           ENET_IRQHandler           [WEAK
]
  309 00000062                 EXPORT           USBDC_IRQHandler          [WEAK
]
  310 00000062                 EXPORT           USBHC_IRQHandler          [WEAK
]
  311 00000062                 EXPORT           CHLCD_IRQHandler          [WEAK
]
  312 00000062                 EXPORT           FLEXRAY_IRQHandler        [WEAK
]
  313 00000062                 EXPORT           CAN_IRQHandler            [WEAK
]



ARM Macro Assembler    Page 8 


  314 00000062                 EXPORT           LIN_IRQHandler            [WEAK
]
  315 00000062                 EXPORT           I2C_IRQHandler            [WEAK
]
  316 00000062                 EXPORT           CPU_CLCD_IRQHandler       [WEAK
]
  317 00000062                 EXPORT           SPI_IRQHandler            [WEAK
]
  318 00000062         
  319 00000062         WDT_IRQHandler
  320 00000062         RTC_IRQHandler
  321 00000062         TIM0_IRQHandler
  322 00000062         TIM2_IRQHandler
  323 00000062         MCIA_IRQHandler
  324 00000062         MCIB_IRQHandler
  325 00000062         UART0_IRQHandler
  326 00000062         UART1_IRQHandler
  327 00000062         UART2_IRQHandler
  328 00000062         UART3_IRQHandler
  329 00000062         UART4_IRQHandler
  330 00000062         AACI_IRQHandler
  331 00000062         CLCD_IRQHandler
  332 00000062         ENET_IRQHandler
  333 00000062         USBDC_IRQHandler
  334 00000062         USBHC_IRQHandler
  335 00000062         CHLCD_IRQHandler
  336 00000062         FLEXRAY_IRQHandler
  337 00000062         CAN_IRQHandler
  338 00000062         LIN_IRQHandler
  339 00000062         I2C_IRQHandler
  340 00000062         CPU_CLCD_IRQHandler
  341 00000062         SPI_IRQHandler
  342 00000062 E7FE            B                .
  343 00000064         
  344 00000064                 ENDP
  345 00000064         
  346 00000064         
  347 00000064                 ALIGN
  348 00000064         
  349 00000064         
  350 00000064         ; User Initial Stack & Heap
  351 00000064         
  352 00000064                 IF               :DEF:__MICROLIB
  359 00000064         
  360 00000064                 IMPORT           __use_two_region_memory
  361 00000064                 EXPORT           __user_initial_stackheap
  362 00000064         
  363 00000064         __user_initial_stackheap
                               PROC
  364 00000064 4815            LDR              R0, =  Heap_Mem
  365 00000066 4916            LDR              R1, =(Stack_Mem + Stack_Size)
  366 00000068 4A16            LDR              R2, = (Heap_Mem +  Heap_Size)
  367 0000006A 4B17            LDR              R3, = Stack_Mem
  368 0000006C 4770            BX               LR
  369 0000006E                 ENDP
  370 0000006E         
  371 0000006E 00 00           ALIGN
  372 00000070         
  373 00000070                 ENDIF



ARM Macro Assembler    Page 9 


  374 00000070         
  375 00000070         
  376 00000070                 END
              00000000 
              00000000 
              00000000 
              00000000 
              00000000 
              00000000 
              00000000 
              00000000 
              00000000 
              00000000 
              00000000 
              00000000 
              00000000 
              00000000 
              00000000 
              00000000 
              00000000 
              00000000 
              00000000 
              00000000 
              00001200 
              00012000 
              00000000 
Command Line: --debug --xref --diag_suppress=9931 --cpu=Cortex-M3 --apcs=interw
ork --depend=.\objects\startup_armcm3.d -o.\objects\startup_armcm3.o -I"C:\User
s\kibong\Desktop\neowine\Neowine 개발자료\Firmware\CM3_dalpu6_20220527\CM3_dalp
u6\MDK-ARM\RTE" -IC:\Users\kibong\AppData\Local\Arm\Packs\ARM\CMSIS\5.9.0\CMSIS
\Core\Include -IC:\Users\kibong\AppData\Local\Arm\Packs\ARM\CMSIS\5.9.0\Device\
ARM\ARMCM3\Include --predefine="__UVISION_VERSION SETA 521" --predefine="_RTE_ 
SETA 1" --predefine="ARMCM3 SETA 1" --list=.\listings\startup_armcm3.lst RTE\De
vice\ARMCM3\startup_ARMCM3.s



ARM Macro Assembler    Page 1 Alphabetic symbol ordering
Relocatable symbols

STACK 00000000

Symbol: STACK
   Definitions
      At line 37 in file RTE\Device\ARMCM3\startup_ARMCM3.s
   Uses
      None
Comment: STACK unused
Stack_Mem 00000000

Symbol: Stack_Mem
   Definitions
      At line 38 in file RTE\Device\ARMCM3\startup_ARMCM3.s
   Uses
      At line 365 in file RTE\Device\ARMCM3\startup_ARMCM3.s
      At line 367 in file RTE\Device\ARMCM3\startup_ARMCM3.s

__initial_sp 00001200

Symbol: __initial_sp
   Definitions
      At line 39 in file RTE\Device\ARMCM3\startup_ARMCM3.s
   Uses
      At line 67 in file RTE\Device\ARMCM3\startup_ARMCM3.s
Comment: __initial_sp used once
3 symbols



ARM Macro Assembler    Page 1 Alphabetic symbol ordering
Relocatable symbols

HEAP 00000000

Symbol: HEAP
   Definitions
      At line 50 in file RTE\Device\ARMCM3\startup_ARMCM3.s
   Uses
      None
Comment: HEAP unused
Heap_Mem 00000000

Symbol: Heap_Mem
   Definitions
      At line 52 in file RTE\Device\ARMCM3\startup_ARMCM3.s
   Uses
      At line 364 in file RTE\Device\ARMCM3\startup_ARMCM3.s
      At line 366 in file RTE\Device\ARMCM3\startup_ARMCM3.s

__heap_base 00000000

Symbol: __heap_base
   Definitions
      At line 51 in file RTE\Device\ARMCM3\startup_ARMCM3.s
   Uses
      None
Comment: __heap_base unused
__heap_limit 00012000

Symbol: __heap_limit
   Definitions
      At line 53 in file RTE\Device\ARMCM3\startup_ARMCM3.s
   Uses
      None
Comment: __heap_limit unused
4 symbols



ARM Macro Assembler    Page 1 Alphabetic symbol ordering
Relocatable symbols

RESET 00000000

Symbol: RESET
   Definitions
      At line 62 in file RTE\Device\ARMCM3\startup_ARMCM3.s
   Uses
      None
Comment: RESET unused
__Vectors 00000000

Symbol: __Vectors
   Definitions
      At line 67 in file RTE\Device\ARMCM3\startup_ARMCM3.s
   Uses
      At line 63 in file RTE\Device\ARMCM3\startup_ARMCM3.s
      At line 105 in file RTE\Device\ARMCM3\startup_ARMCM3.s

__Vectors_End 00000088

Symbol: __Vectors_End
   Definitions
      At line 103 in file RTE\Device\ARMCM3\startup_ARMCM3.s
   Uses
      At line 64 in file RTE\Device\ARMCM3\startup_ARMCM3.s
      At line 105 in file RTE\Device\ARMCM3\startup_ARMCM3.s

3 symbols



ARM Macro Assembler    Page 1 Alphabetic symbol ordering
Relocatable symbols

.text 00000000

Symbol: .text
   Definitions
      At line 107 in file RTE\Device\ARMCM3\startup_ARMCM3.s
   Uses
      None
Comment: .text unused
AACI_IRQHandler 00000062

Symbol: AACI_IRQHandler
   Definitions
      At line 330 in file RTE\Device\ARMCM3\startup_ARMCM3.s
   Uses
      At line 306 in file RTE\Device\ARMCM3\startup_ARMCM3.s
Comment: AACI_IRQHandler used once
BusFault_Handler 00000056

Symbol: BusFault_Handler
   Definitions
      At line 266 in file RTE\Device\ARMCM3\startup_ARMCM3.s
   Uses
      At line 72 in file RTE\Device\ARMCM3\startup_ARMCM3.s
      At line 267 in file RTE\Device\ARMCM3\startup_ARMCM3.s

CAN_IRQHandler 00000062

Symbol: CAN_IRQHandler
   Definitions
      At line 337 in file RTE\Device\ARMCM3\startup_ARMCM3.s
   Uses
      At line 313 in file RTE\Device\ARMCM3\startup_ARMCM3.s
Comment: CAN_IRQHandler used once
CHLCD_IRQHandler 00000062

Symbol: CHLCD_IRQHandler
   Definitions
      At line 335 in file RTE\Device\ARMCM3\startup_ARMCM3.s
   Uses
      At line 311 in file RTE\Device\ARMCM3\startup_ARMCM3.s
Comment: CHLCD_IRQHandler used once
CLCD_IRQHandler 00000062

Symbol: CLCD_IRQHandler
   Definitions
      At line 331 in file RTE\Device\ARMCM3\startup_ARMCM3.s
   Uses
      At line 307 in file RTE\Device\ARMCM3\startup_ARMCM3.s
Comment: CLCD_IRQHandler used once
CPU_CLCD_IRQHandler 00000062

Symbol: CPU_CLCD_IRQHandler
   Definitions
      At line 340 in file RTE\Device\ARMCM3\startup_ARMCM3.s
   Uses
      At line 316 in file RTE\Device\ARMCM3\startup_ARMCM3.s
Comment: CPU_CLCD_IRQHandler used once
DebugMon_Handler 0000005C




ARM Macro Assembler    Page 2 Alphabetic symbol ordering
Relocatable symbols

Symbol: DebugMon_Handler
   Definitions
      At line 280 in file RTE\Device\ARMCM3\startup_ARMCM3.s
   Uses
      At line 79 in file RTE\Device\ARMCM3\startup_ARMCM3.s
      At line 281 in file RTE\Device\ARMCM3\startup_ARMCM3.s

Default_Handler 00000062

Symbol: Default_Handler
   Definitions
      At line 293 in file RTE\Device\ARMCM3\startup_ARMCM3.s
   Uses
      None
Comment: Default_Handler unused
ENET_IRQHandler 00000062

Symbol: ENET_IRQHandler
   Definitions
      At line 332 in file RTE\Device\ARMCM3\startup_ARMCM3.s
   Uses
      At line 308 in file RTE\Device\ARMCM3\startup_ARMCM3.s
Comment: ENET_IRQHandler used once
FLEXRAY_IRQHandler 00000062

Symbol: FLEXRAY_IRQHandler
   Definitions
      At line 336 in file RTE\Device\ARMCM3\startup_ARMCM3.s
   Uses
      At line 312 in file RTE\Device\ARMCM3\startup_ARMCM3.s
Comment: FLEXRAY_IRQHandler used once
HardFault_Handler 00000052

Symbol: HardFault_Handler
   Definitions
      At line 256 in file RTE\Device\ARMCM3\startup_ARMCM3.s
   Uses
      At line 70 in file RTE\Device\ARMCM3\startup_ARMCM3.s
      At line 257 in file RTE\Device\ARMCM3\startup_ARMCM3.s

I2C_IRQHandler 00000062

Symbol: I2C_IRQHandler
   Definitions
      At line 339 in file RTE\Device\ARMCM3\startup_ARMCM3.s
   Uses
      At line 315 in file RTE\Device\ARMCM3\startup_ARMCM3.s
Comment: I2C_IRQHandler used once
INT_0_HANDLER 00000008

Symbol: INT_0_HANDLER
   Definitions
      At line 121 in file RTE\Device\ARMCM3\startup_ARMCM3.s
   Uses
      At line 85 in file RTE\Device\ARMCM3\startup_ARMCM3.s
      At line 122 in file RTE\Device\ARMCM3\startup_ARMCM3.s

INT_10_HANDLER 00000030




ARM Macro Assembler    Page 3 Alphabetic symbol ordering
Relocatable symbols

Symbol: INT_10_HANDLER
   Definitions
      At line 191 in file RTE\Device\ARMCM3\startup_ARMCM3.s
   Uses
      At line 95 in file RTE\Device\ARMCM3\startup_ARMCM3.s
      At line 192 in file RTE\Device\ARMCM3\startup_ARMCM3.s

INT_11_HANDLER 00000034

Symbol: INT_11_HANDLER
   Definitions
      At line 198 in file RTE\Device\ARMCM3\startup_ARMCM3.s
   Uses
      At line 96 in file RTE\Device\ARMCM3\startup_ARMCM3.s
      At line 199 in file RTE\Device\ARMCM3\startup_ARMCM3.s

INT_12_HANDLER 00000038

Symbol: INT_12_HANDLER
   Definitions
      At line 205 in file RTE\Device\ARMCM3\startup_ARMCM3.s
   Uses
      At line 97 in file RTE\Device\ARMCM3\startup_ARMCM3.s
      At line 206 in file RTE\Device\ARMCM3\startup_ARMCM3.s

INT_13_HANDLER 0000003C

Symbol: INT_13_HANDLER
   Definitions
      At line 212 in file RTE\Device\ARMCM3\startup_ARMCM3.s
   Uses
      At line 98 in file RTE\Device\ARMCM3\startup_ARMCM3.s
      At line 213 in file RTE\Device\ARMCM3\startup_ARMCM3.s

INT_14_HANDLER 00000040

Symbol: INT_14_HANDLER
   Definitions
      At line 219 in file RTE\Device\ARMCM3\startup_ARMCM3.s
   Uses
      At line 99 in file RTE\Device\ARMCM3\startup_ARMCM3.s
      At line 220 in file RTE\Device\ARMCM3\startup_ARMCM3.s

INT_15_HANDLER 00000044

Symbol: INT_15_HANDLER
   Definitions
      At line 226 in file RTE\Device\ARMCM3\startup_ARMCM3.s
   Uses
      At line 100 in file RTE\Device\ARMCM3\startup_ARMCM3.s
      At line 227 in file RTE\Device\ARMCM3\startup_ARMCM3.s

INT_16_HANDLER 00000048

Symbol: INT_16_HANDLER
   Definitions
      At line 233 in file RTE\Device\ARMCM3\startup_ARMCM3.s
   Uses
      At line 101 in file RTE\Device\ARMCM3\startup_ARMCM3.s



ARM Macro Assembler    Page 4 Alphabetic symbol ordering
Relocatable symbols

      At line 234 in file RTE\Device\ARMCM3\startup_ARMCM3.s

INT_17_HANDLER 0000004C

Symbol: INT_17_HANDLER
   Definitions
      At line 240 in file RTE\Device\ARMCM3\startup_ARMCM3.s
   Uses
      At line 102 in file RTE\Device\ARMCM3\startup_ARMCM3.s
      At line 241 in file RTE\Device\ARMCM3\startup_ARMCM3.s

INT_1_HANDLER 0000000C

Symbol: INT_1_HANDLER
   Definitions
      At line 128 in file RTE\Device\ARMCM3\startup_ARMCM3.s
   Uses
      At line 86 in file RTE\Device\ARMCM3\startup_ARMCM3.s
      At line 129 in file RTE\Device\ARMCM3\startup_ARMCM3.s

INT_2_HANDLER 00000010

Symbol: INT_2_HANDLER
   Definitions
      At line 135 in file RTE\Device\ARMCM3\startup_ARMCM3.s
   Uses
      At line 87 in file RTE\Device\ARMCM3\startup_ARMCM3.s
      At line 136 in file RTE\Device\ARMCM3\startup_ARMCM3.s

INT_3_HANDLER 00000014

Symbol: INT_3_HANDLER
   Definitions
      At line 142 in file RTE\Device\ARMCM3\startup_ARMCM3.s
   Uses
      At line 88 in file RTE\Device\ARMCM3\startup_ARMCM3.s
      At line 143 in file RTE\Device\ARMCM3\startup_ARMCM3.s

INT_4_HANDLER 00000018

Symbol: INT_4_HANDLER
   Definitions
      At line 149 in file RTE\Device\ARMCM3\startup_ARMCM3.s
   Uses
      At line 89 in file RTE\Device\ARMCM3\startup_ARMCM3.s
      At line 150 in file RTE\Device\ARMCM3\startup_ARMCM3.s

INT_5_HANDLER 0000001C

Symbol: INT_5_HANDLER
   Definitions
      At line 156 in file RTE\Device\ARMCM3\startup_ARMCM3.s
   Uses
      At line 90 in file RTE\Device\ARMCM3\startup_ARMCM3.s
      At line 157 in file RTE\Device\ARMCM3\startup_ARMCM3.s

INT_6_HANDLER 00000020

Symbol: INT_6_HANDLER



ARM Macro Assembler    Page 5 Alphabetic symbol ordering
Relocatable symbols

   Definitions
      At line 163 in file RTE\Device\ARMCM3\startup_ARMCM3.s
   Uses
      At line 91 in file RTE\Device\ARMCM3\startup_ARMCM3.s
      At line 164 in file RTE\Device\ARMCM3\startup_ARMCM3.s

INT_7_HANDLER 00000024

Symbol: INT_7_HANDLER
   Definitions
      At line 170 in file RTE\Device\ARMCM3\startup_ARMCM3.s
   Uses
      At line 92 in file RTE\Device\ARMCM3\startup_ARMCM3.s
      At line 171 in file RTE\Device\ARMCM3\startup_ARMCM3.s

INT_8_HANDLER 00000028

Symbol: INT_8_HANDLER
   Definitions
      At line 177 in file RTE\Device\ARMCM3\startup_ARMCM3.s
   Uses
      At line 93 in file RTE\Device\ARMCM3\startup_ARMCM3.s
      At line 178 in file RTE\Device\ARMCM3\startup_ARMCM3.s

INT_9_HANDLER 0000002C

Symbol: INT_9_HANDLER
   Definitions
      At line 184 in file RTE\Device\ARMCM3\startup_ARMCM3.s
   Uses
      At line 94 in file RTE\Device\ARMCM3\startup_ARMCM3.s
      At line 185 in file RTE\Device\ARMCM3\startup_ARMCM3.s

LIN_IRQHandler 00000062

Symbol: LIN_IRQHandler
   Definitions
      At line 338 in file RTE\Device\ARMCM3\startup_ARMCM3.s
   Uses
      At line 314 in file RTE\Device\ARMCM3\startup_ARMCM3.s
Comment: LIN_IRQHandler used once
MCIA_IRQHandler 00000062

Symbol: MCIA_IRQHandler
   Definitions
      At line 323 in file RTE\Device\ARMCM3\startup_ARMCM3.s
   Uses
      At line 299 in file RTE\Device\ARMCM3\startup_ARMCM3.s
Comment: MCIA_IRQHandler used once
MCIB_IRQHandler 00000062

Symbol: MCIB_IRQHandler
   Definitions
      At line 324 in file RTE\Device\ARMCM3\startup_ARMCM3.s
   Uses
      At line 300 in file RTE\Device\ARMCM3\startup_ARMCM3.s
Comment: MCIB_IRQHandler used once
MemManage_Handler 00000054




ARM Macro Assembler    Page 6 Alphabetic symbol ordering
Relocatable symbols

Symbol: MemManage_Handler
   Definitions
      At line 261 in file RTE\Device\ARMCM3\startup_ARMCM3.s
   Uses
      At line 71 in file RTE\Device\ARMCM3\startup_ARMCM3.s
      At line 262 in file RTE\Device\ARMCM3\startup_ARMCM3.s

NMI_Handler 00000050

Symbol: NMI_Handler
   Definitions
      At line 251 in file RTE\Device\ARMCM3\startup_ARMCM3.s
   Uses
      At line 69 in file RTE\Device\ARMCM3\startup_ARMCM3.s
      At line 252 in file RTE\Device\ARMCM3\startup_ARMCM3.s

PendSV_Handler 0000005E

Symbol: PendSV_Handler
   Definitions
      At line 284 in file RTE\Device\ARMCM3\startup_ARMCM3.s
   Uses
      At line 81 in file RTE\Device\ARMCM3\startup_ARMCM3.s
      At line 285 in file RTE\Device\ARMCM3\startup_ARMCM3.s

RTC_IRQHandler 00000062

Symbol: RTC_IRQHandler
   Definitions
      At line 320 in file RTE\Device\ARMCM3\startup_ARMCM3.s
   Uses
      At line 296 in file RTE\Device\ARMCM3\startup_ARMCM3.s
Comment: RTC_IRQHandler used once
Reset_Handler 00000000

Symbol: Reset_Handler
   Definitions
      At line 112 in file RTE\Device\ARMCM3\startup_ARMCM3.s
   Uses
      At line 68 in file RTE\Device\ARMCM3\startup_ARMCM3.s
      At line 113 in file RTE\Device\ARMCM3\startup_ARMCM3.s

SPI_IRQHandler 00000062

Symbol: SPI_IRQHandler
   Definitions
      At line 341 in file RTE\Device\ARMCM3\startup_ARMCM3.s
   Uses
      At line 317 in file RTE\Device\ARMCM3\startup_ARMCM3.s
Comment: SPI_IRQHandler used once
SVC_Handler 0000005A

Symbol: SVC_Handler
   Definitions
      At line 275 in file RTE\Device\ARMCM3\startup_ARMCM3.s
   Uses
      At line 78 in file RTE\Device\ARMCM3\startup_ARMCM3.s
      At line 276 in file RTE\Device\ARMCM3\startup_ARMCM3.s




ARM Macro Assembler    Page 7 Alphabetic symbol ordering
Relocatable symbols

SysTick_Handler 00000060

Symbol: SysTick_Handler
   Definitions
      At line 288 in file RTE\Device\ARMCM3\startup_ARMCM3.s
   Uses
      At line 82 in file RTE\Device\ARMCM3\startup_ARMCM3.s
      At line 289 in file RTE\Device\ARMCM3\startup_ARMCM3.s

TIM0_IRQHandler 00000062

Symbol: TIM0_IRQHandler
   Definitions
      At line 321 in file RTE\Device\ARMCM3\startup_ARMCM3.s
   Uses
      At line 297 in file RTE\Device\ARMCM3\startup_ARMCM3.s
Comment: TIM0_IRQHandler used once
TIM2_IRQHandler 00000062

Symbol: TIM2_IRQHandler
   Definitions
      At line 322 in file RTE\Device\ARMCM3\startup_ARMCM3.s
   Uses
      At line 298 in file RTE\Device\ARMCM3\startup_ARMCM3.s
Comment: TIM2_IRQHandler used once
UART0_IRQHandler 00000062

Symbol: UART0_IRQHandler
   Definitions
      At line 325 in file RTE\Device\ARMCM3\startup_ARMCM3.s
   Uses
      At line 301 in file RTE\Device\ARMCM3\startup_ARMCM3.s
Comment: UART0_IRQHandler used once
UART1_IRQHandler 00000062

Symbol: UART1_IRQHandler
   Definitions
      At line 326 in file RTE\Device\ARMCM3\startup_ARMCM3.s
   Uses
      At line 302 in file RTE\Device\ARMCM3\startup_ARMCM3.s
Comment: UART1_IRQHandler used once
UART2_IRQHandler 00000062

Symbol: UART2_IRQHandler
   Definitions
      At line 327 in file RTE\Device\ARMCM3\startup_ARMCM3.s
   Uses
      At line 303 in file RTE\Device\ARMCM3\startup_ARMCM3.s
Comment: UART2_IRQHandler used once
UART3_IRQHandler 00000062

Symbol: UART3_IRQHandler
   Definitions
      At line 328 in file RTE\Device\ARMCM3\startup_ARMCM3.s
   Uses
      At line 304 in file RTE\Device\ARMCM3\startup_ARMCM3.s
Comment: UART3_IRQHandler used once
UART4_IRQHandler 00000062




ARM Macro Assembler    Page 8 Alphabetic symbol ordering
Relocatable symbols

Symbol: UART4_IRQHandler
   Definitions
      At line 329 in file RTE\Device\ARMCM3\startup_ARMCM3.s
   Uses
      At line 305 in file RTE\Device\ARMCM3\startup_ARMCM3.s
Comment: UART4_IRQHandler used once
USBDC_IRQHandler 00000062

Symbol: USBDC_IRQHandler
   Definitions
      At line 333 in file RTE\Device\ARMCM3\startup_ARMCM3.s
   Uses
      At line 309 in file RTE\Device\ARMCM3\startup_ARMCM3.s
Comment: USBDC_IRQHandler used once
USBHC_IRQHandler 00000062

Symbol: USBHC_IRQHandler
   Definitions
      At line 334 in file RTE\Device\ARMCM3\startup_ARMCM3.s
   Uses
      At line 310 in file RTE\Device\ARMCM3\startup_ARMCM3.s
Comment: USBHC_IRQHandler used once
UsageFault_Handler 00000058

Symbol: UsageFault_Handler
   Definitions
      At line 271 in file RTE\Device\ARMCM3\startup_ARMCM3.s
   Uses
      At line 73 in file RTE\Device\ARMCM3\startup_ARMCM3.s
      At line 272 in file RTE\Device\ARMCM3\startup_ARMCM3.s

WDT_IRQHandler 00000062

Symbol: WDT_IRQHandler
   Definitions
      At line 319 in file RTE\Device\ARMCM3\startup_ARMCM3.s
   Uses
      At line 295 in file RTE\Device\ARMCM3\startup_ARMCM3.s
Comment: WDT_IRQHandler used once
__user_initial_stackheap 00000064

Symbol: __user_initial_stackheap
   Definitions
      At line 363 in file RTE\Device\ARMCM3\startup_ARMCM3.s
   Uses
      At line 361 in file RTE\Device\ARMCM3\startup_ARMCM3.s
Comment: __user_initial_stackheap used once
54 symbols



ARM Macro Assembler    Page 1 Alphabetic symbol ordering
Absolute symbols

Heap_Size 00012000

Symbol: Heap_Size
   Definitions
      At line 48 in file RTE\Device\ARMCM3\startup_ARMCM3.s
   Uses
      At line 52 in file RTE\Device\ARMCM3\startup_ARMCM3.s
      At line 366 in file RTE\Device\ARMCM3\startup_ARMCM3.s

Stack_Size 00001200

Symbol: Stack_Size
   Definitions
      At line 35 in file RTE\Device\ARMCM3\startup_ARMCM3.s
   Uses
      At line 38 in file RTE\Device\ARMCM3\startup_ARMCM3.s
      At line 365 in file RTE\Device\ARMCM3\startup_ARMCM3.s

__Vectors_Size 00000088

Symbol: __Vectors_Size
   Definitions
      At line 105 in file RTE\Device\ARMCM3\startup_ARMCM3.s
   Uses
      At line 65 in file RTE\Device\ARMCM3\startup_ARMCM3.s
Comment: __Vectors_Size used once
3 symbols



ARM Macro Assembler    Page 1 Alphabetic symbol ordering
External symbols

Interrupt0 00000000

Symbol: Interrupt0
   Definitions
      At line 123 in file RTE\Device\ARMCM3\startup_ARMCM3.s
   Uses
      At line 125 in file RTE\Device\ARMCM3\startup_ARMCM3.s
      At line 202 in file RTE\Device\ARMCM3\startup_ARMCM3.s

Interrupt1 00000000

Symbol: Interrupt1
   Definitions
      At line 130 in file RTE\Device\ARMCM3\startup_ARMCM3.s
   Uses
      At line 132 in file RTE\Device\ARMCM3\startup_ARMCM3.s
Comment: Interrupt1 used once
Interrupt10 00000000

Symbol: Interrupt10
   Definitions
      At line 193 in file RTE\Device\ARMCM3\startup_ARMCM3.s
   Uses
      At line 195 in file RTE\Device\ARMCM3\startup_ARMCM3.s
Comment: Interrupt10 used once
Interrupt11 00000000

Symbol: Interrupt11
   Definitions
      At line 200 in file RTE\Device\ARMCM3\startup_ARMCM3.s
   Uses
      None
Comment: Interrupt11 unused
Interrupt12 00000000

Symbol: Interrupt12
   Definitions
      At line 207 in file RTE\Device\ARMCM3\startup_ARMCM3.s
   Uses
      At line 209 in file RTE\Device\ARMCM3\startup_ARMCM3.s
Comment: Interrupt12 used once
Interrupt13 00000000

Symbol: Interrupt13
   Definitions
      At line 214 in file RTE\Device\ARMCM3\startup_ARMCM3.s
   Uses
      At line 216 in file RTE\Device\ARMCM3\startup_ARMCM3.s
Comment: Interrupt13 used once
Interrupt14 00000000

Symbol: Interrupt14
   Definitions
      At line 221 in file RTE\Device\ARMCM3\startup_ARMCM3.s
   Uses
      At line 223 in file RTE\Device\ARMCM3\startup_ARMCM3.s
Comment: Interrupt14 used once
Interrupt15 00000000




ARM Macro Assembler    Page 2 Alphabetic symbol ordering
External symbols

Symbol: Interrupt15
   Definitions
      At line 228 in file RTE\Device\ARMCM3\startup_ARMCM3.s
   Uses
      At line 230 in file RTE\Device\ARMCM3\startup_ARMCM3.s
Comment: Interrupt15 used once
Interrupt16 00000000

Symbol: Interrupt16
   Definitions
      At line 235 in file RTE\Device\ARMCM3\startup_ARMCM3.s
   Uses
      At line 237 in file RTE\Device\ARMCM3\startup_ARMCM3.s
Comment: Interrupt16 used once
Interrupt17 00000000

Symbol: Interrupt17
   Definitions
      At line 242 in file RTE\Device\ARMCM3\startup_ARMCM3.s
   Uses
      At line 244 in file RTE\Device\ARMCM3\startup_ARMCM3.s
Comment: Interrupt17 used once
Interrupt2 00000000

Symbol: Interrupt2
   Definitions
      At line 137 in file RTE\Device\ARMCM3\startup_ARMCM3.s
   Uses
      At line 139 in file RTE\Device\ARMCM3\startup_ARMCM3.s
Comment: Interrupt2 used once
Interrupt3 00000000

Symbol: Interrupt3
   Definitions
      At line 144 in file RTE\Device\ARMCM3\startup_ARMCM3.s
   Uses
      At line 146 in file RTE\Device\ARMCM3\startup_ARMCM3.s
Comment: Interrupt3 used once
Interrupt4 00000000

Symbol: Interrupt4
   Definitions
      At line 151 in file RTE\Device\ARMCM3\startup_ARMCM3.s
   Uses
      At line 153 in file RTE\Device\ARMCM3\startup_ARMCM3.s
Comment: Interrupt4 used once
Interrupt5 00000000

Symbol: Interrupt5
   Definitions
      At line 158 in file RTE\Device\ARMCM3\startup_ARMCM3.s
   Uses
      At line 160 in file RTE\Device\ARMCM3\startup_ARMCM3.s
Comment: Interrupt5 used once
Interrupt6 00000000

Symbol: Interrupt6
   Definitions
      At line 165 in file RTE\Device\ARMCM3\startup_ARMCM3.s



ARM Macro Assembler    Page 3 Alphabetic symbol ordering
External symbols

   Uses
      At line 167 in file RTE\Device\ARMCM3\startup_ARMCM3.s
Comment: Interrupt6 used once
Interrupt7 00000000

Symbol: Interrupt7
   Definitions
      At line 172 in file RTE\Device\ARMCM3\startup_ARMCM3.s
   Uses
      At line 174 in file RTE\Device\ARMCM3\startup_ARMCM3.s
Comment: Interrupt7 used once
Interrupt8 00000000

Symbol: Interrupt8
   Definitions
      At line 179 in file RTE\Device\ARMCM3\startup_ARMCM3.s
   Uses
      At line 181 in file RTE\Device\ARMCM3\startup_ARMCM3.s
Comment: Interrupt8 used once
Interrupt9 00000000

Symbol: Interrupt9
   Definitions
      At line 186 in file RTE\Device\ARMCM3\startup_ARMCM3.s
   Uses
      At line 188 in file RTE\Device\ARMCM3\startup_ARMCM3.s
Comment: Interrupt9 used once
SystemInit 00000000

Symbol: SystemInit
   Definitions
      At line 114 in file RTE\Device\ARMCM3\startup_ARMCM3.s
   Uses
      At line 116 in file RTE\Device\ARMCM3\startup_ARMCM3.s
Comment: SystemInit used once
__main 00000000

Symbol: __main
   Definitions
      At line 115 in file RTE\Device\ARMCM3\startup_ARMCM3.s
   Uses
      At line 118 in file RTE\Device\ARMCM3\startup_ARMCM3.s
Comment: __main used once
__use_two_region_memory 00000000

Symbol: __use_two_region_memory
   Definitions
      At line 360 in file RTE\Device\ARMCM3\startup_ARMCM3.s
   Uses
      None
Comment: __use_two_region_memory unused
21 symbols
425 symbols in table
